Archive member included because of file (symbol)

e:/programs/stm programs/gcc/bin/../lib/gcc/arm-none-eabi/4.9.3/armv7-m\libgcc.a(_arm_addsubdf3.o)
                              ..\obj\adc.o (__aeabi_dsub)
e:/programs/stm programs/gcc/bin/../lib/gcc/arm-none-eabi/4.9.3/armv7-m\libgcc.a(_arm_muldivdf3.o)
                              ..\obj\adc.o (__aeabi_dmul)
e:/programs/stm programs/gcc/bin/../lib/gcc/arm-none-eabi/4.9.3/armv7-m\libgcc.a(_arm_cmpdf2.o)
                              ..\obj\cooler.o (__aeabi_dcmple)
e:/programs/stm programs/gcc/bin/../lib/gcc/arm-none-eabi/4.9.3/armv7-m\libgcc.a(_arm_fixunsdfsi.o)
                              ..\obj\images_printing.o (__aeabi_d2uiz)
e:/programs/stm programs/gcc/bin/../lib/gcc/arm-none-eabi/4.9.3/../../../../arm-none-eabi/lib/armv7-m\libg.a(lib_a-exit.o)
                              e:/programs/stm programs/gcc/bin/../lib/gcc/arm-none-eabi/4.9.3/../../../../arm-none-eabi/lib/armv7-m/crt0.o (exit)
e:/programs/stm programs/gcc/bin/../lib/gcc/arm-none-eabi/4.9.3/../../../../arm-none-eabi/lib/armv7-m\libg.a(lib_a-impure.o)
                              e:/programs/stm programs/gcc/bin/../lib/gcc/arm-none-eabi/4.9.3/../../../../arm-none-eabi/lib/armv7-m\libg.a(lib_a-exit.o) (_global_impure_ptr)
e:/programs/stm programs/gcc/bin/../lib/gcc/arm-none-eabi/4.9.3/../../../../arm-none-eabi/lib/armv7-m\libg.a(lib_a-init.o)
                              e:/programs/stm programs/gcc/bin/../lib/gcc/arm-none-eabi/4.9.3/../../../../arm-none-eabi/lib/armv7-m/crt0.o (__libc_init_array)
e:/programs/stm programs/gcc/bin/../lib/gcc/arm-none-eabi/4.9.3/../../../../arm-none-eabi/lib/armv7-m\libg.a(lib_a-memset.o)
                              e:/programs/stm programs/gcc/bin/../lib/gcc/arm-none-eabi/4.9.3/../../../../arm-none-eabi/lib/armv7-m/crt0.o (memset)
e:/programs/stm programs/gcc/bin/../lib/gcc/arm-none-eabi/4.9.3/../../../../arm-none-eabi/lib/armv7-m\libg.a(lib_a-__call_atexit.o)
                              e:/programs/stm programs/gcc/bin/../lib/gcc/arm-none-eabi/4.9.3/../../../../arm-none-eabi/lib/armv7-m\libg.a(lib_a-exit.o) (__call_exitprocs)
e:/programs/stm programs/gcc/bin/../lib/gcc/arm-none-eabi/4.9.3/../../../../arm-none-eabi/lib/armv7-m\libg.a(lib_a-atexit.o)
                              e:/programs/stm programs/gcc/bin/../lib/gcc/arm-none-eabi/4.9.3/../../../../arm-none-eabi/lib/armv7-m\libg.a(lib_a-__call_atexit.o) (atexit)
e:/programs/stm programs/gcc/bin/../lib/gcc/arm-none-eabi/4.9.3/../../../../arm-none-eabi/lib/armv7-m\libg.a(lib_a-fini.o)
                              e:/programs/stm programs/gcc/bin/../lib/gcc/arm-none-eabi/4.9.3/../../../../arm-none-eabi/lib/armv7-m\libg.a(lib_a-__call_atexit.o) (__libc_fini_array)
e:/programs/stm programs/gcc/bin/../lib/gcc/arm-none-eabi/4.9.3/../../../../arm-none-eabi/lib/armv7-m\libg.a(lib_a-__atexit.o)
                              e:/programs/stm programs/gcc/bin/../lib/gcc/arm-none-eabi/4.9.3/../../../../arm-none-eabi/lib/armv7-m\libg.a(lib_a-atexit.o) (__register_exitproc)

Allocating common symbols
Common symbol       size              file

batteryPower        0x1               ..\obj\adc.o
uFromBatteryBuffer  0x8               ..\obj\adc.o
amperageBuffer      0x4               ..\obj\adc.o
led1Blue            0xc               ..\obj\adc.o
led2Green           0xc               ..\obj\adc.o
encoderIsActive     0x1               ..\obj\encoder.o
captured_direction  0x1               ..\obj\encoder.o
led1Green           0xc               ..\obj\adc.o
uToBattery          0x8               ..\obj\adc.o
uFromBattery        0x8               ..\obj\adc.o
currentMeasureNumber
                    0x4               ..\obj\adc.o
systemTemperatureBuffer
                    0x4               ..\obj\adc.o
led2Blue            0xc               ..\obj\adc.o
led1Red             0xc               ..\obj\adc.o
systemTemperature   0x8               ..\obj\adc.o
uToBatteryBuffer    0x8               ..\obj\adc.o
amperage            0x8               ..\obj\adc.o
led2Red             0xc               ..\obj\adc.o
capture_is_first    0x1               ..\obj\encoder.o
time_ms             0x8               ..\obj\adc.o

Discarded input sections

 .text          0x00000000        0x0 e:/programs/stm programs/gcc/bin/../lib/gcc/arm-none-eabi/4.9.3/armv7-m/crti.o
 .data          0x00000000        0x0 e:/programs/stm programs/gcc/bin/../lib/gcc/arm-none-eabi/4.9.3/armv7-m/crti.o
 .bss           0x00000000        0x0 e:/programs/stm programs/gcc/bin/../lib/gcc/arm-none-eabi/4.9.3/armv7-m/crti.o
 .data          0x00000000        0x4 e:/programs/stm programs/gcc/bin/../lib/gcc/arm-none-eabi/4.9.3/armv7-m/crtbegin.o
 .text          0x00000000       0x74 e:/programs/stm programs/gcc/bin/../lib/gcc/arm-none-eabi/4.9.3/../../../../arm-none-eabi/lib/armv7-m/crt0.o
 .data          0x00000000        0x0 e:/programs/stm programs/gcc/bin/../lib/gcc/arm-none-eabi/4.9.3/../../../../arm-none-eabi/lib/armv7-m/crt0.o
 .bss           0x00000000        0x0 e:/programs/stm programs/gcc/bin/../lib/gcc/arm-none-eabi/4.9.3/../../../../arm-none-eabi/lib/armv7-m/crt0.o
 .ARM.extab     0x00000000        0x0 e:/programs/stm programs/gcc/bin/../lib/gcc/arm-none-eabi/4.9.3/../../../../arm-none-eabi/lib/armv7-m/crt0.o
 .ARM.exidx     0x00000000        0x8 e:/programs/stm programs/gcc/bin/../lib/gcc/arm-none-eabi/4.9.3/../../../../arm-none-eabi/lib/armv7-m/crt0.o
 .ARM.attributes
                0x00000000       0x1b e:/programs/stm programs/gcc/bin/../lib/gcc/arm-none-eabi/4.9.3/../../../../arm-none-eabi/lib/armv7-m/crt0.o
 .text          0x00000000      0xfa8 ..\obj\stm32f10x_can.o
 .data          0x00000000        0x0 ..\obj\stm32f10x_can.o
 .bss           0x00000000        0x0 ..\obj\stm32f10x_can.o
 .debug_info    0x00000000      0xb9c ..\obj\stm32f10x_can.o
 .debug_abbrev  0x00000000      0x1f3 ..\obj\stm32f10x_can.o
 .debug_aranges
                0x00000000       0x20 ..\obj\stm32f10x_can.o
 .debug_line    0x00000000      0x3e8 ..\obj\stm32f10x_can.o
 .debug_str     0x00000000      0x75c ..\obj\stm32f10x_can.o
 .comment       0x00000000       0x71 ..\obj\stm32f10x_can.o
 .debug_frame   0x00000000      0x3f0 ..\obj\stm32f10x_can.o
 .ARM.attributes
                0x00000000       0x33 ..\obj\stm32f10x_can.o
 .text          0x00000000      0x2ac ..\obj\stm32f10x_rtc.o
 .data          0x00000000        0x0 ..\obj\stm32f10x_rtc.o
 .bss           0x00000000        0x0 ..\obj\stm32f10x_rtc.o
 .debug_info    0x00000000      0x437 ..\obj\stm32f10x_rtc.o
 .debug_abbrev  0x00000000      0x17e ..\obj\stm32f10x_rtc.o
 .debug_aranges
                0x00000000       0x20 ..\obj\stm32f10x_rtc.o
 .debug_line    0x00000000      0x217 ..\obj\stm32f10x_rtc.o
 .debug_str     0x00000000      0x3d0 ..\obj\stm32f10x_rtc.o
 .comment       0x00000000       0x71 ..\obj\stm32f10x_rtc.o
 .debug_frame   0x00000000      0x214 ..\obj\stm32f10x_rtc.o
 .ARM.attributes
                0x00000000       0x33 ..\obj\stm32f10x_rtc.o
 .text          0x00000000      0x96c ..\obj\stm32f10x_flash.o
 .data          0x00000000        0x0 ..\obj\stm32f10x_flash.o
 .bss           0x00000000        0x0 ..\obj\stm32f10x_flash.o
 .debug_info    0x00000000      0x7b3 ..\obj\stm32f10x_flash.o
 .debug_abbrev  0x00000000      0x162 ..\obj\stm32f10x_flash.o
 .debug_aranges
                0x00000000       0x20 ..\obj\stm32f10x_flash.o
 .debug_line    0x00000000      0x33f ..\obj\stm32f10x_flash.o
 .debug_str     0x00000000      0x616 ..\obj\stm32f10x_flash.o
 .comment       0x00000000       0x71 ..\obj\stm32f10x_flash.o
 .debug_frame   0x00000000      0x410 ..\obj\stm32f10x_flash.o
 .ARM.attributes
                0x00000000       0x33 ..\obj\stm32f10x_flash.o
 .text          0x00000000       0xc8 ..\obj\stm32f10x_iwdg.o
 .data          0x00000000        0x0 ..\obj\stm32f10x_iwdg.o
 .bss           0x00000000        0x0 ..\obj\stm32f10x_iwdg.o
 .debug_info    0x00000000      0x20a ..\obj\stm32f10x_iwdg.o
 .debug_abbrev  0x00000000      0x101 ..\obj\stm32f10x_iwdg.o
 .debug_aranges
                0x00000000       0x20 ..\obj\stm32f10x_iwdg.o
 .debug_line    0x00000000      0x1d1 ..\obj\stm32f10x_iwdg.o
 .debug_str     0x00000000      0x28a ..\obj\stm32f10x_iwdg.o
 .comment       0x00000000       0x71 ..\obj\stm32f10x_iwdg.o
 .debug_frame   0x00000000       0xf0 ..\obj\stm32f10x_iwdg.o
 .ARM.attributes
                0x00000000       0x33 ..\obj\stm32f10x_iwdg.o
 .text          0x00000000       0x14 ..\obj\startup_stm32f10x_hd_vl.o
 .data          0x00000000        0x0 ..\obj\startup_stm32f10x_hd_vl.o
 .bss           0x00000000        0x0 ..\obj\startup_stm32f10x_hd_vl.o
 .text          0x00000000      0x1c0 ..\obj\stm32f10x_bkp.o
 .data          0x00000000        0x0 ..\obj\stm32f10x_bkp.o
 .bss           0x00000000        0x0 ..\obj\stm32f10x_bkp.o
 .debug_info    0x00000000      0x79e ..\obj\stm32f10x_bkp.o
 .debug_abbrev  0x00000000      0x172 ..\obj\stm32f10x_bkp.o
 .debug_aranges
                0x00000000       0x20 ..\obj\stm32f10x_bkp.o
 .debug_line    0x00000000      0x1f3 ..\obj\stm32f10x_bkp.o
 .debug_str     0x00000000      0x5e3 ..\obj\stm32f10x_bkp.o
 .comment       0x00000000       0x71 ..\obj\stm32f10x_bkp.o
 .debug_frame   0x00000000      0x1c4 ..\obj\stm32f10x_bkp.o
 .ARM.attributes
                0x00000000       0x33 ..\obj\stm32f10x_bkp.o
 .text          0x00000000      0x514 ..\obj\stm32f10x_sdio.o
 .data          0x00000000        0x0 ..\obj\stm32f10x_sdio.o
 .bss           0x00000000        0x0 ..\obj\stm32f10x_sdio.o
 .debug_info    0x00000000      0x7ed ..\obj\stm32f10x_sdio.o
 .debug_abbrev  0x00000000      0x1af ..\obj\stm32f10x_sdio.o
 .debug_aranges
                0x00000000       0x20 ..\obj\stm32f10x_sdio.o
 .debug_line    0x00000000      0x28e ..\obj\stm32f10x_sdio.o
 .debug_str     0x00000000      0x65e ..\obj\stm32f10x_sdio.o
 .comment       0x00000000       0x71 ..\obj\stm32f10x_sdio.o
 .debug_frame   0x00000000      0x490 ..\obj\stm32f10x_sdio.o
 .ARM.attributes
                0x00000000       0x33 ..\obj\stm32f10x_sdio.o
 .text          0x00000000      0x42c ..\obj\stm32f10x_dac.o
 .data          0x00000000        0x0 ..\obj\stm32f10x_dac.o
 .bss           0x00000000        0x0 ..\obj\stm32f10x_dac.o
 .debug_info    0x00000000      0x633 ..\obj\stm32f10x_dac.o
 .debug_abbrev  0x00000000      0x17c ..\obj\stm32f10x_dac.o
 .debug_aranges
                0x00000000       0x20 ..\obj\stm32f10x_dac.o
 .debug_line    0x00000000      0x251 ..\obj\stm32f10x_dac.o
 .debug_str     0x00000000      0x471 ..\obj\stm32f10x_dac.o
 .comment       0x00000000       0x71 ..\obj\stm32f10x_dac.o
 .debug_frame   0x00000000      0x2ac ..\obj\stm32f10x_dac.o
 .ARM.attributes
                0x00000000       0x33 ..\obj\stm32f10x_dac.o
 .text          0x00000000      0x6f4 ..\obj\stm32f10x_spi.o
 .data          0x00000000        0x0 ..\obj\stm32f10x_spi.o
 .bss           0x00000000        0x0 ..\obj\stm32f10x_spi.o
 .debug_info    0x00000000      0x8f3 ..\obj\stm32f10x_spi.o
 .debug_abbrev  0x00000000      0x17e ..\obj\stm32f10x_spi.o
 .debug_aranges
                0x00000000       0x20 ..\obj\stm32f10x_spi.o
 .debug_line    0x00000000      0x2c7 ..\obj\stm32f10x_spi.o
 .debug_str     0x00000000      0x62b ..\obj\stm32f10x_spi.o
 .comment       0x00000000       0x71 ..\obj\stm32f10x_spi.o
 .debug_frame   0x00000000      0x3a0 ..\obj\stm32f10x_spi.o
 .ARM.attributes
                0x00000000       0x33 ..\obj\stm32f10x_spi.o
 .text          0x00000000      0x1ac ..\obj\stm32f10x_pwr.o
 .data          0x00000000        0x0 ..\obj\stm32f10x_pwr.o
 .bss           0x00000000        0x0 ..\obj\stm32f10x_pwr.o
 .debug_info    0x00000000      0x483 ..\obj\stm32f10x_pwr.o
 .debug_abbrev  0x00000000      0x18e ..\obj\stm32f10x_pwr.o
 .debug_aranges
                0x00000000       0x20 ..\obj\stm32f10x_pwr.o
 .debug_line    0x00000000      0x218 ..\obj\stm32f10x_pwr.o
 .debug_str     0x00000000      0x350 ..\obj\stm32f10x_pwr.o
 .comment       0x00000000       0x71 ..\obj\stm32f10x_pwr.o
 .debug_frame   0x00000000      0x164 ..\obj\stm32f10x_pwr.o
 .ARM.attributes
                0x00000000       0x33 ..\obj\stm32f10x_pwr.o
 .data          0x00000000        0x0 ..\obj\stm32f10x_gpio.o
 .bss           0x00000000        0x0 ..\obj\stm32f10x_gpio.o
 .data          0x00000000        0x0 ..\obj\nokia1100_lcd_lib.o
 .data          0x00000000        0x0 ..\obj\adc.o
 .bss           0x00000000        0x0 ..\obj\adc.o
 .text          0x00000000      0x118 ..\obj\stm32f10x_wwdg.o
 .data          0x00000000        0x0 ..\obj\stm32f10x_wwdg.o
 .bss           0x00000000        0x0 ..\obj\stm32f10x_wwdg.o
 .debug_info    0x00000000      0x22e ..\obj\stm32f10x_wwdg.o
 .debug_abbrev  0x00000000      0x117 ..\obj\stm32f10x_wwdg.o
 .debug_aranges
                0x00000000       0x20 ..\obj\stm32f10x_wwdg.o
 .debug_line    0x00000000      0x1da ..\obj\stm32f10x_wwdg.o
 .debug_str     0x00000000      0x28b ..\obj\stm32f10x_wwdg.o
 .comment       0x00000000       0x71 ..\obj\stm32f10x_wwdg.o
 .debug_frame   0x00000000      0x12c ..\obj\stm32f10x_wwdg.o
 .ARM.attributes
                0x00000000       0x33 ..\obj\stm32f10x_wwdg.o
 .data          0x00000000        0x0 ..\obj\encoder.o
 .bss           0x00000000        0x0 ..\obj\encoder.o
 .bss           0x00000000        0x0 ..\obj\system_stm32f10x.o
 .text          0x00000000      0x958 ..\obj\stm32f10x_i2c.o
 .data          0x00000000        0x0 ..\obj\stm32f10x_i2c.o
 .bss           0x00000000        0x0 ..\obj\stm32f10x_i2c.o
 .debug_info    0x00000000      0xb00 ..\obj\stm32f10x_i2c.o
 .debug_abbrev  0x00000000      0x164 ..\obj\stm32f10x_i2c.o
 .debug_aranges
                0x00000000       0x20 ..\obj\stm32f10x_i2c.o
 .debug_line    0x00000000      0x2fd ..\obj\stm32f10x_i2c.o
 .debug_str     0x00000000      0x694 ..\obj\stm32f10x_i2c.o
 .comment       0x00000000       0x71 ..\obj\stm32f10x_i2c.o
 .debug_frame   0x00000000      0x530 ..\obj\stm32f10x_i2c.o
 .ARM.attributes
                0x00000000       0x33 ..\obj\stm32f10x_i2c.o
 .data          0x00000000        0x0 ..\obj\stm32f10x_adc.o
 .bss           0x00000000        0x0 ..\obj\stm32f10x_adc.o
 .text          0x00000000      0x908 ..\obj\stm32f10x_usart.o
 .data          0x00000000        0x0 ..\obj\stm32f10x_usart.o
 .bss           0x00000000        0x0 ..\obj\stm32f10x_usart.o
 .debug_info    0x00000000      0x9e8 ..\obj\stm32f10x_usart.o
 .debug_abbrev  0x00000000      0x162 ..\obj\stm32f10x_usart.o
 .debug_aranges
                0x00000000       0x20 ..\obj\stm32f10x_usart.o
 .debug_line    0x00000000      0x2f9 ..\obj\stm32f10x_usart.o
 .debug_str     0x00000000      0x6be ..\obj\stm32f10x_usart.o
 .comment       0x00000000       0x71 ..\obj\stm32f10x_usart.o
 .debug_frame   0x00000000      0x490 ..\obj\stm32f10x_usart.o
 .ARM.attributes
                0x00000000       0x33 ..\obj\stm32f10x_usart.o
 .bss           0x00000000        0x0 ..\obj\stm32f10x_rcc.o
 .data          0x00000000        0x0 ..\obj\images_printing.o
 .bss           0x00000000      0x35c ..\obj\images_printing.o
 .data          0x00000000        0x0 ..\obj\stm32f10x_tim.o
 .bss           0x00000000        0x0 ..\obj\stm32f10x_tim.o
 .text          0x00000000       0xd0 ..\obj\stm32f10x_crc.o
 .data          0x00000000        0x0 ..\obj\stm32f10x_crc.o
 .bss           0x00000000        0x0 ..\obj\stm32f10x_crc.o
 .debug_info    0x00000000      0x208 ..\obj\stm32f10x_crc.o
 .debug_abbrev  0x00000000      0x114 ..\obj\stm32f10x_crc.o
 .debug_aranges
                0x00000000       0x20 ..\obj\stm32f10x_crc.o
 .debug_line    0x00000000      0x1da ..\obj\stm32f10x_crc.o
 .debug_str     0x00000000      0x269 ..\obj\stm32f10x_crc.o
 .comment       0x00000000       0x71 ..\obj\stm32f10x_crc.o
 .debug_frame   0x00000000       0xe8 ..\obj\stm32f10x_crc.o
 .ARM.attributes
                0x00000000       0x33 ..\obj\stm32f10x_crc.o
 .text          0x00000000      0x108 ..\obj\syscalls.o
 .data          0x00000000        0x0 ..\obj\syscalls.o
 .bss           0x00000000        0x4 ..\obj\syscalls.o
 .debug_info    0x00000000      0x3ee ..\obj\syscalls.o
 .debug_abbrev  0x00000000       0xe2 ..\obj\syscalls.o
 .debug_aranges
                0x00000000       0x20 ..\obj\syscalls.o
 .debug_line    0x00000000      0x115 ..\obj\syscalls.o
 .debug_str     0x00000000      0x2fe ..\obj\syscalls.o
 .comment       0x00000000       0x71 ..\obj\syscalls.o
 .debug_frame   0x00000000      0x168 ..\obj\syscalls.o
 .ARM.attributes
                0x00000000       0x33 ..\obj\syscalls.o
 .data          0x00000000        0x0 ..\obj\led.o
 .bss           0x00000000        0x0 ..\obj\led.o
 .data          0x00000000        0x0 ..\obj\cooler.o
 .bss           0x00000000        0x0 ..\obj\cooler.o
 .text          0x00000000      0x21c ..\obj\stm32f10x_exti.o
 .data          0x00000000        0x0 ..\obj\stm32f10x_exti.o
 .bss           0x00000000        0x0 ..\obj\stm32f10x_exti.o
 .debug_info    0x00000000      0x343 ..\obj\stm32f10x_exti.o
 .debug_abbrev  0x00000000      0x17a ..\obj\stm32f10x_exti.o
 .debug_aranges
                0x00000000       0x20 ..\obj\stm32f10x_exti.o
 .debug_line    0x00000000      0x215 ..\obj\stm32f10x_exti.o
 .debug_str     0x00000000      0x377 ..\obj\stm32f10x_exti.o
 .comment       0x00000000       0x71 ..\obj\stm32f10x_exti.o
 .debug_frame   0x00000000      0x148 ..\obj\stm32f10x_exti.o
 .ARM.attributes
                0x00000000       0x33 ..\obj\stm32f10x_exti.o
 .data          0x00000000        0x0 ..\obj\timers.o
 .bss           0x00000000        0x0 ..\obj\timers.o
 .data          0x00000000        0x0 ..\obj\common.o
 .bss           0x00000000        0x0 ..\obj\common.o
 .text          0x00000000      0x290 ..\obj\stm32f10x_cec.o
 .data          0x00000000        0x0 ..\obj\stm32f10x_cec.o
 .bss           0x00000000        0x0 ..\obj\stm32f10x_cec.o
 .debug_info    0x00000000      0x41d ..\obj\stm32f10x_cec.o
 .debug_abbrev  0x00000000      0x1ae ..\obj\stm32f10x_cec.o
 .debug_aranges
                0x00000000       0x20 ..\obj\stm32f10x_cec.o
 .debug_line    0x00000000      0x22c ..\obj\stm32f10x_cec.o
 .debug_str     0x00000000      0x3a4 ..\obj\stm32f10x_cec.o
 .comment       0x00000000       0x71 ..\obj\stm32f10x_cec.o
 .debug_frame   0x00000000      0x224 ..\obj\stm32f10x_cec.o
 .ARM.attributes
                0x00000000       0x33 ..\obj\stm32f10x_cec.o
 .text          0x00000000      0x94c ..\obj\stm32f10x_fsmc.o
 .data          0x00000000        0x0 ..\obj\stm32f10x_fsmc.o
 .bss           0x00000000        0x0 ..\obj\stm32f10x_fsmc.o
 .debug_info    0x00000000      0x8f4 ..\obj\stm32f10x_fsmc.o
 .debug_abbrev  0x00000000      0x170 ..\obj\stm32f10x_fsmc.o
 .debug_aranges
                0x00000000       0x20 ..\obj\stm32f10x_fsmc.o
 .debug_line    0x00000000      0x333 ..\obj\stm32f10x_fsmc.o
 .debug_str     0x00000000      0x7a8 ..\obj\stm32f10x_fsmc.o
 .comment       0x00000000       0x71 ..\obj\stm32f10x_fsmc.o
 .debug_frame   0x00000000      0x300 ..\obj\stm32f10x_fsmc.o
 .ARM.attributes
                0x00000000       0x33 ..\obj\stm32f10x_fsmc.o
 .text          0x00000000      0x404 ..\obj\stm32f10x_dma.o
 .data          0x00000000        0x0 ..\obj\stm32f10x_dma.o
 .bss           0x00000000        0x0 ..\obj\stm32f10x_dma.o
 .debug_info    0x00000000      0x473 ..\obj\stm32f10x_dma.o
 .debug_abbrev  0x00000000      0x155 ..\obj\stm32f10x_dma.o
 .debug_aranges
                0x00000000       0x20 ..\obj\stm32f10x_dma.o
 .debug_line    0x00000000      0x24f ..\obj\stm32f10x_dma.o
 .debug_str     0x00000000      0x3e5 ..\obj\stm32f10x_dma.o
 .comment       0x00000000       0x71 ..\obj\stm32f10x_dma.o
 .debug_frame   0x00000000      0x1c8 ..\obj\stm32f10x_dma.o
 .ARM.attributes
                0x00000000       0x33 ..\obj\stm32f10x_dma.o
 .data          0x00000000        0x0 ..\obj\misc.o
 .bss           0x00000000        0x0 ..\obj\misc.o
 .text          0x00000000       0x70 ..\obj\stm32f10x_dbgmcu.o
 .data          0x00000000        0x0 ..\obj\stm32f10x_dbgmcu.o
 .bss           0x00000000        0x0 ..\obj\stm32f10x_dbgmcu.o
 .debug_info    0x00000000      0x15e ..\obj\stm32f10x_dbgmcu.o
 .debug_abbrev  0x00000000       0xde ..\obj\stm32f10x_dbgmcu.o
 .debug_aranges
                0x00000000       0x20 ..\obj\stm32f10x_dbgmcu.o
 .debug_line    0x00000000      0x1c2 ..\obj\stm32f10x_dbgmcu.o
 .debug_str     0x00000000      0x220 ..\obj\stm32f10x_dbgmcu.o
 .comment       0x00000000       0x71 ..\obj\stm32f10x_dbgmcu.o
 .debug_frame   0x00000000       0x78 ..\obj\stm32f10x_dbgmcu.o
 .ARM.attributes
                0x00000000       0x33 ..\obj\stm32f10x_dbgmcu.o
 .data          0x00000000        0x0 ..\obj\main.o
 .bss           0x00000000      0x35c ..\obj\main.o
 .data          0x00000000        0x0 e:/programs/stm programs/gcc/bin/../lib/gcc/arm-none-eabi/4.9.3/armv7-m\libgcc.a(_arm_addsubdf3.o)
 .bss           0x00000000        0x0 e:/programs/stm programs/gcc/bin/../lib/gcc/arm-none-eabi/4.9.3/armv7-m\libgcc.a(_arm_addsubdf3.o)
 .data          0x00000000        0x0 e:/programs/stm programs/gcc/bin/../lib/gcc/arm-none-eabi/4.9.3/armv7-m\libgcc.a(_arm_muldivdf3.o)
 .bss           0x00000000        0x0 e:/programs/stm programs/gcc/bin/../lib/gcc/arm-none-eabi/4.9.3/armv7-m\libgcc.a(_arm_muldivdf3.o)
 .data          0x00000000        0x0 e:/programs/stm programs/gcc/bin/../lib/gcc/arm-none-eabi/4.9.3/armv7-m\libgcc.a(_arm_cmpdf2.o)
 .bss           0x00000000        0x0 e:/programs/stm programs/gcc/bin/../lib/gcc/arm-none-eabi/4.9.3/armv7-m\libgcc.a(_arm_cmpdf2.o)
 .data          0x00000000        0x0 e:/programs/stm programs/gcc/bin/../lib/gcc/arm-none-eabi/4.9.3/armv7-m\libgcc.a(_arm_fixunsdfsi.o)
 .bss           0x00000000        0x0 e:/programs/stm programs/gcc/bin/../lib/gcc/arm-none-eabi/4.9.3/armv7-m\libgcc.a(_arm_fixunsdfsi.o)
 .text          0x00000000        0x0 e:/programs/stm programs/gcc/bin/../lib/gcc/arm-none-eabi/4.9.3/../../../../arm-none-eabi/lib/armv7-m\libg.a(lib_a-exit.o)
 .data          0x00000000        0x0 e:/programs/stm programs/gcc/bin/../lib/gcc/arm-none-eabi/4.9.3/../../../../arm-none-eabi/lib/armv7-m\libg.a(lib_a-exit.o)
 .bss           0x00000000        0x0 e:/programs/stm programs/gcc/bin/../lib/gcc/arm-none-eabi/4.9.3/../../../../arm-none-eabi/lib/armv7-m\libg.a(lib_a-exit.o)
 .text.exit     0x00000000       0x20 e:/programs/stm programs/gcc/bin/../lib/gcc/arm-none-eabi/4.9.3/../../../../arm-none-eabi/lib/armv7-m\libg.a(lib_a-exit.o)
 .debug_frame   0x00000000       0x28 e:/programs/stm programs/gcc/bin/../lib/gcc/arm-none-eabi/4.9.3/../../../../arm-none-eabi/lib/armv7-m\libg.a(lib_a-exit.o)
 .ARM.attributes
                0x00000000       0x2d e:/programs/stm programs/gcc/bin/../lib/gcc/arm-none-eabi/4.9.3/../../../../arm-none-eabi/lib/armv7-m\libg.a(lib_a-exit.o)
 .text          0x00000000        0x0 e:/programs/stm programs/gcc/bin/../lib/gcc/arm-none-eabi/4.9.3/../../../../arm-none-eabi/lib/armv7-m\libg.a(lib_a-impure.o)
 .data          0x00000000        0x0 e:/programs/stm programs/gcc/bin/../lib/gcc/arm-none-eabi/4.9.3/../../../../arm-none-eabi/lib/armv7-m\libg.a(lib_a-impure.o)
 .bss           0x00000000        0x0 e:/programs/stm programs/gcc/bin/../lib/gcc/arm-none-eabi/4.9.3/../../../../arm-none-eabi/lib/armv7-m\libg.a(lib_a-impure.o)
 .data._impure_ptr
                0x00000000        0x4 e:/programs/stm programs/gcc/bin/../lib/gcc/arm-none-eabi/4.9.3/../../../../arm-none-eabi/lib/armv7-m\libg.a(lib_a-impure.o)
 .text          0x00000000        0x0 e:/programs/stm programs/gcc/bin/../lib/gcc/arm-none-eabi/4.9.3/../../../../arm-none-eabi/lib/armv7-m\libg.a(lib_a-init.o)
 .data          0x00000000        0x0 e:/programs/stm programs/gcc/bin/../lib/gcc/arm-none-eabi/4.9.3/../../../../arm-none-eabi/lib/armv7-m\libg.a(lib_a-init.o)
 .bss           0x00000000        0x0 e:/programs/stm programs/gcc/bin/../lib/gcc/arm-none-eabi/4.9.3/../../../../arm-none-eabi/lib/armv7-m\libg.a(lib_a-init.o)
 .text.__libc_init_array
                0x00000000       0x50 e:/programs/stm programs/gcc/bin/../lib/gcc/arm-none-eabi/4.9.3/../../../../arm-none-eabi/lib/armv7-m\libg.a(lib_a-init.o)
 .debug_frame   0x00000000       0x2c e:/programs/stm programs/gcc/bin/../lib/gcc/arm-none-eabi/4.9.3/../../../../arm-none-eabi/lib/armv7-m\libg.a(lib_a-init.o)
 .ARM.attributes
                0x00000000       0x2d e:/programs/stm programs/gcc/bin/../lib/gcc/arm-none-eabi/4.9.3/../../../../arm-none-eabi/lib/armv7-m\libg.a(lib_a-init.o)
 .text          0x00000000        0x0 e:/programs/stm programs/gcc/bin/../lib/gcc/arm-none-eabi/4.9.3/../../../../arm-none-eabi/lib/armv7-m\libg.a(lib_a-memset.o)
 .data          0x00000000        0x0 e:/programs/stm programs/gcc/bin/../lib/gcc/arm-none-eabi/4.9.3/../../../../arm-none-eabi/lib/armv7-m\libg.a(lib_a-memset.o)
 .bss           0x00000000        0x0 e:/programs/stm programs/gcc/bin/../lib/gcc/arm-none-eabi/4.9.3/../../../../arm-none-eabi/lib/armv7-m\libg.a(lib_a-memset.o)
 .text.memset   0x00000000       0x9c e:/programs/stm programs/gcc/bin/../lib/gcc/arm-none-eabi/4.9.3/../../../../arm-none-eabi/lib/armv7-m\libg.a(lib_a-memset.o)
 .debug_frame   0x00000000       0x34 e:/programs/stm programs/gcc/bin/../lib/gcc/arm-none-eabi/4.9.3/../../../../arm-none-eabi/lib/armv7-m\libg.a(lib_a-memset.o)
 .ARM.attributes
                0x00000000       0x2d e:/programs/stm programs/gcc/bin/../lib/gcc/arm-none-eabi/4.9.3/../../../../arm-none-eabi/lib/armv7-m\libg.a(lib_a-memset.o)
 .text          0x00000000        0x0 e:/programs/stm programs/gcc/bin/../lib/gcc/arm-none-eabi/4.9.3/../../../../arm-none-eabi/lib/armv7-m\libg.a(lib_a-__call_atexit.o)
 .data          0x00000000        0x0 e:/programs/stm programs/gcc/bin/../lib/gcc/arm-none-eabi/4.9.3/../../../../arm-none-eabi/lib/armv7-m\libg.a(lib_a-__call_atexit.o)
 .bss           0x00000000        0x0 e:/programs/stm programs/gcc/bin/../lib/gcc/arm-none-eabi/4.9.3/../../../../arm-none-eabi/lib/armv7-m\libg.a(lib_a-__call_atexit.o)
 .text.__call_exitprocs
                0x00000000       0xd4 e:/programs/stm programs/gcc/bin/../lib/gcc/arm-none-eabi/4.9.3/../../../../arm-none-eabi/lib/armv7-m\libg.a(lib_a-__call_atexit.o)
 .text          0x00000000        0x0 e:/programs/stm programs/gcc/bin/../lib/gcc/arm-none-eabi/4.9.3/../../../../arm-none-eabi/lib/armv7-m\libg.a(lib_a-atexit.o)
 .data          0x00000000        0x0 e:/programs/stm programs/gcc/bin/../lib/gcc/arm-none-eabi/4.9.3/../../../../arm-none-eabi/lib/armv7-m\libg.a(lib_a-atexit.o)
 .bss           0x00000000        0x0 e:/programs/stm programs/gcc/bin/../lib/gcc/arm-none-eabi/4.9.3/../../../../arm-none-eabi/lib/armv7-m\libg.a(lib_a-atexit.o)
 .text          0x00000000        0x0 e:/programs/stm programs/gcc/bin/../lib/gcc/arm-none-eabi/4.9.3/../../../../arm-none-eabi/lib/armv7-m\libg.a(lib_a-fini.o)
 .data          0x00000000        0x0 e:/programs/stm programs/gcc/bin/../lib/gcc/arm-none-eabi/4.9.3/../../../../arm-none-eabi/lib/armv7-m\libg.a(lib_a-fini.o)
 .bss           0x00000000        0x0 e:/programs/stm programs/gcc/bin/../lib/gcc/arm-none-eabi/4.9.3/../../../../arm-none-eabi/lib/armv7-m\libg.a(lib_a-fini.o)
 .text          0x00000000        0x0 e:/programs/stm programs/gcc/bin/../lib/gcc/arm-none-eabi/4.9.3/../../../../arm-none-eabi/lib/armv7-m\libg.a(lib_a-__atexit.o)
 .data          0x00000000        0x0 e:/programs/stm programs/gcc/bin/../lib/gcc/arm-none-eabi/4.9.3/../../../../arm-none-eabi/lib/armv7-m\libg.a(lib_a-__atexit.o)
 .bss           0x00000000        0x0 e:/programs/stm programs/gcc/bin/../lib/gcc/arm-none-eabi/4.9.3/../../../../arm-none-eabi/lib/armv7-m\libg.a(lib_a-__atexit.o)
 .text          0x00000000        0x0 e:/programs/stm programs/gcc/bin/../lib/gcc/arm-none-eabi/4.9.3/armv7-m/crtend.o
 .data          0x00000000        0x0 e:/programs/stm programs/gcc/bin/../lib/gcc/arm-none-eabi/4.9.3/armv7-m/crtend.o
 .bss           0x00000000        0x0 e:/programs/stm programs/gcc/bin/../lib/gcc/arm-none-eabi/4.9.3/armv7-m/crtend.o
 .eh_frame      0x00000000        0x4 e:/programs/stm programs/gcc/bin/../lib/gcc/arm-none-eabi/4.9.3/armv7-m/crtend.o
 .text          0x00000000        0x0 e:/programs/stm programs/gcc/bin/../lib/gcc/arm-none-eabi/4.9.3/armv7-m/crtn.o
 .data          0x00000000        0x0 e:/programs/stm programs/gcc/bin/../lib/gcc/arm-none-eabi/4.9.3/armv7-m/crtn.o
 .bss           0x00000000        0x0 e:/programs/stm programs/gcc/bin/../lib/gcc/arm-none-eabi/4.9.3/armv7-m/crtn.o

Memory Configuration

Name             Origin             Length             Attributes
rom              0x08000000         0x00020000         xr
ram              0x20000000         0x00002000         xrw
*default*        0x00000000         0xffffffff

Linker script and memory map

LOAD e:/programs/stm programs/gcc/bin/../lib/gcc/arm-none-eabi/4.9.3/armv7-m/crti.o
LOAD e:/programs/stm programs/gcc/bin/../lib/gcc/arm-none-eabi/4.9.3/armv7-m/crtbegin.o
LOAD e:/programs/stm programs/gcc/bin/../lib/gcc/arm-none-eabi/4.9.3/../../../../arm-none-eabi/lib/armv7-m/crt0.o
                0x20002000                _eram = 0x20002000

.text           0x08000000     0xb364
 *(.isr_vector)
 .isr_vector    0x08000000      0x1e4 ..\obj\startup_stm32f10x_hd_vl.o
                0x08000000                g_pfnVectors
 *(.text*)
 .text          0x080001e4       0x5c e:/programs/stm programs/gcc/bin/../lib/gcc/arm-none-eabi/4.9.3/armv7-m/crtbegin.o
 .text.Reset_Handler
                0x08000240       0x44 ..\obj\startup_stm32f10x_hd_vl.o
                0x08000240                Reset_Handler
 .text.Default_Handler
                0x08000284        0x2 ..\obj\startup_stm32f10x_hd_vl.o
                0x08000284                EXTI2_IRQHandler
                0x08000284                DebugMon_Handler
                0x08000284                TIM1_CC_IRQHandler
                0x08000284                HardFault_Handler
                0x08000284                SysTick_Handler
                0x08000284                PVD_IRQHandler
                0x08000284                PendSV_Handler
                0x08000284                NMI_Handler
                0x08000284                EXTI3_IRQHandler
                0x08000284                EXTI0_IRQHandler
                0x08000284                I2C2_EV_IRQHandler
                0x08000284                UsageFault_Handler
                0x08000284                SPI1_IRQHandler
                0x08000284                TAMPER_IRQHandler
                0x08000284                TIM6_DAC_IRQHandler
                0x08000284                DMA2_Channel2_IRQHandler
                0x08000284                DMA1_Channel4_IRQHandler
                0x08000284                USART3_IRQHandler
                0x08000284                RTC_IRQHandler
                0x08000284                DMA1_Channel7_IRQHandler
                0x08000284                UART5_IRQHandler
                0x08000284                TIM4_IRQHandler
                0x08000284                DMA2_Channel1_IRQHandler
                0x08000284                I2C1_EV_IRQHandler
                0x08000284                DMA1_Channel6_IRQHandler
                0x08000284                UART4_IRQHandler
                0x08000284                TIM3_IRQHandler
                0x08000284                RCC_IRQHandler
                0x08000284                DMA1_Channel1_IRQHandler
                0x08000284                Default_Handler
                0x08000284                CEC_IRQHandler
                0x08000284                EXTI15_10_IRQHandler
                0x08000284                TIM14_IRQHandler
                0x08000284                TIM13_IRQHandler
                0x08000284                TIM12_IRQHandler
                0x08000284                TIM5_IRQHandler
                0x08000284                EXTI9_5_IRQHandler
                0x08000284                SPI2_IRQHandler
                0x08000284                MemManage_Handler
                0x08000284                SVC_Handler
                0x08000284                DMA2_Channel5_IRQHandler
                0x08000284                DMA1_Channel5_IRQHandler
                0x08000284                EXTI4_IRQHandler
                0x08000284                TIM1_TRG_COM_TIM17_IRQHandler
                0x08000284                DMA1_Channel3_IRQHandler
                0x08000284                WWDG_IRQHandler
                0x08000284                TIM2_IRQHandler
                0x08000284                EXTI1_IRQHandler
                0x08000284                RTCAlarm_IRQHandler
                0x08000284                DMA2_Channel4_5_IRQHandler
                0x08000284                USART2_IRQHandler
                0x08000284                I2C2_ER_IRQHandler
                0x08000284                DMA1_Channel2_IRQHandler
                0x08000284                FLASH_IRQHandler
                0x08000284                BusFault_Handler
                0x08000284                USART1_IRQHandler
                0x08000284                SPI3_IRQHandler
                0x08000284                I2C1_ER_IRQHandler
                0x08000284                DMA2_Channel3_IRQHandler
                0x08000284                TIM1_BRK_TIM15_IRQHandler
 *fill*         0x08000286        0x2 
 .text          0x08000288      0x5f8 ..\obj\stm32f10x_gpio.o
                0x08000288                GPIO_DeInit
                0x0800036c                GPIO_AFIODeInit
                0x08000384                GPIO_Init
                0x08000504                GPIO_StructInit
                0x0800052c                GPIO_ReadInputDataBit
                0x08000560                GPIO_ReadInputData
                0x0800057c                GPIO_ReadOutputDataBit
                0x080005b0                GPIO_ReadOutputData
                0x080005cc                GPIO_SetBits
                0x080005e8                GPIO_ResetBits
                0x08000604                GPIO_WriteBit
                0x08000634                GPIO_Write
                0x08000650                GPIO_PinLockConfig
                0x08000694                GPIO_EventOutputConfig
                0x080006e0                GPIO_EventOutputCmd
                0x08000700                GPIO_PinRemapConfig
                0x080007e0                GPIO_EXTILineConfig
                0x08000864                GPIO_ETH_MediaInterfaceConfig
 .text          0x08000880      0xb24 ..\obj\nokia1100_lcd_lib.o
                0x08000880                Delay
                0x080008a0                nlcd_Init
                0x0800097c                nlcd_Clear
                0x080009d8                nlcd_SendByte
                0x08000af8                nlcd_Putc
                0x08000b54                nlcd_PutcWide
                0x08000bbc                nlcd_Print
                0x08000be4                nlcd_PrintF
                0x08000c10                nlcd_PrintWide
                0x08000c38                nlcd_GotoXY
                0x08000cb4                nlcd_Inverse
                0x08000cdc                nlcd_GotoXY_pix
                0x08000d54                nlcd_Pixel
                0x08000e18                nlcd_Line
                0x08000f58                nlcd_Circle
                0x08001198                nlcd_Rect
                0x08001290                nlcd_Pict
 *fill*         0x080013a4        0x4 
 .text          0x080013a8      0x438 ..\obj\adc.o
                0x080013a8                convertADCBufferToAmperageValue
                0x080013f8                convertADCBufferToVoltageValue
                0x08001450                convertADCBufferToTemperatureValue
                0x080014b0                clearMeasuringBuffers
                0x080014fc                ADC1_IRQHandler
                0x0800163c                checkAmperage
                0x08001684                initADC
 .text          0x080017e0      0x1c0 ..\obj\encoder.o
                0x08001844                TIM1_UP_TIM16_IRQHandler
                0x080018a0                initEncoder
                0x0800194c                getEncoderDirection
                0x0800197c                isMenuEncoderPressed
 .text          0x080019a0      0x220 ..\obj\system_stm32f10x.o
                0x080019a0                SystemInit
                0x08001a0c                SystemCoreClockUpdate
 .text          0x08001bc0      0xa3c ..\obj\stm32f10x_adc.o
                0x08001bc0                ADC_DeInit
                0x08001c34                ADC_Init
                0x08001cd8                ADC_StructInit
                0x08001d10                ADC_Cmd
                0x08001d48                ADC_DMACmd
                0x08001d80                ADC_ITConfig
                0x08001dc4                ADC_ResetCalibration
                0x08001de4                ADC_GetResetCalibrationStatus
                0x08001e14                ADC_StartCalibration
                0x08001e34                ADC_GetCalibrationStatus
                0x08001e64                ADC_SoftwareStartConvCmd
                0x08001e9c                ADC_GetSoftwareStartConvStatus
                0x08001ecc                ADC_DiscModeChannelCountConfig
                0x08001f10                ADC_DiscModeCmd
                0x08001f48                ADC_RegularChannelConfig
                0x080020dc                ADC_ExternalTrigConvCmd
                0x08002114                ADC_GetConversionValue
                0x08002130                ADC_GetDualModeConversionValue
                0x08002148                ADC_AutoInjectedConvCmd
                0x08002180                ADC_InjectedDiscModeCmd
                0x080021b8                ADC_ExternalTrigInjectedConvConfig
                0x080021ec                ADC_ExternalTrigInjectedConvCmd
                0x08002224                ADC_SoftwareStartInjectedConvCmd
                0x0800225c                ADC_GetSoftwareStartInjectedConvCmdStatus
                0x0800228c                ADC_InjectedChannelConfig
                0x080023ac                ADC_InjectedSequencerLengthConfig
                0x080023f0                ADC_SetInjectedOffset
                0x08002424                ADC_GetInjectedConversionValue
                0x08002454                ADC_AnalogWatchdogCmd
                0x0800248c                ADC_AnalogWatchdogThresholdsConfig
                0x080024b4                ADC_AnalogWatchdogSingleChannelConfig
                0x080024ec                ADC_TempSensorVrefintCmd
                0x08002524                ADC_GetFlagStatus
                0x08002558                ADC_ClearFlag
                0x08002578                ADC_GetITStatus
                0x080025d0                ADC_ClearITPendingBit
 .text          0x080025fc      0x81c ..\obj\stm32f10x_rcc.o
                0x080025fc                RCC_DeInit
                0x08002660                RCC_HSEConfig
                0x080026bc                RCC_WaitForHSEStartUp
                0x0800270c                RCC_AdjustHSICalibrationValue
                0x08002748                RCC_HSICmd
                0x08002768                RCC_PLLConfig
                0x080027a4                RCC_PLLCmd
                0x080027c4                RCC_PREDIV1Config
                0x08002804                RCC_SYSCLKConfig
                0x0800283c                RCC_GetSYSCLKSource
                0x0800285c                RCC_HCLKConfig
                0x08002894                RCC_PCLK1Config
                0x080028cc                RCC_PCLK2Config
                0x08002904                RCC_ITConfig
                0x08002950                RCC_USBCLKConfig
                0x0800296c                RCC_ADCCLKConfig
                0x080029a4                RCC_LSEConfig
                0x080029e4                RCC_LSICmd
                0x08002a04                RCC_RTCCLKConfig
                0x08002a28                RCC_RTCCLKCmd
                0x08002a48                RCC_GetClocksFreq
                0x08002ba4                RCC_AHBPeriphClockCmd
                0x08002be0                RCC_APB2PeriphClockCmd
                0x08002c1c                RCC_APB1PeriphClockCmd
                0x08002c58                RCC_APB2PeriphResetCmd
                0x08002c94                RCC_APB1PeriphResetCmd
                0x08002cd0                RCC_BackupResetCmd
                0x08002cf0                RCC_ClockSecuritySystemCmd
                0x08002d10                RCC_MCOConfig
                0x08002d30                RCC_GetFlagStatus
                0x08002da4                RCC_ClearFlag
                0x08002dc0                RCC_GetITStatus
                0x08002df8                RCC_ClearITPendingBit
 .text          0x08002e18      0x680 ..\obj\images_printing.o
                0x08002e18                bootMessage
                0x08002e5c                printMainImageDigits
                0x08002e94                printDigits
                0x080030cc                printAdditionalMenuDigits
                0x080032c0                printAdditionalMenuAnimation
                0x08003370                printMainImageTemplate
                0x08003394                printBatteryWaitImage
                0x080033a8                printBattaryImage
                0x080033d4                printChangeAmperageImage
                0x08003440                printInitChangeAmperageMenu
                0x08003468                printChangeAmperageMenuDigits
                0x08003484                printTestImage
 .text          0x08003498     0x1e10 ..\obj\stm32f10x_tim.o
                0x08003498                TIM_DeInit
                0x080036c4                TIM_TimeBaseInit
                0x080037bc                TIM_OC1Init
                0x080038d4                TIM_OC2Init
                0x080039e4                TIM_OC3Init
                0x08003af0                TIM_OC4Init
                0x08003bc0                TIM_ICInit
                0x08003c68                TIM_PWMIConfig
                0x08003d20                TIM_BDTRConfig
                0x08003d70                TIM_TimeBaseStructInit
                0x08003da4                TIM_OCStructInit
                0x08003de8                TIM_ICStructInit
                0x08003e18                TIM_BDTRStructInit
                0x08003e54                TIM_Cmd
                0x08003e94                TIM_CtrlPWMOutputs
                0x08003ee0                TIM_ITConfig
                0x08003f28                TIM_GenerateEvent
                0x08003f44                TIM_DMAConfig
                0x08003f6c                TIM_DMACmd
                0x08003fb4                TIM_InternalClockConfig
                0x08003fd8                TIM_ITRxExternalClockConfig
                0x08004004                TIM_TIxExternalClockConfig
                0x08004064                TIM_ETRClockMode1Config
                0x080040c0                TIM_ETRClockMode2Config
                0x080040fc                TIM_ETRConfig
                0x08004150                TIM_PrescalerConfig
                0x08004178                TIM_CounterModeConfig
                0x080041b0                TIM_SelectInputTrigger
                0x080041e8                TIM_EncoderInterfaceConfig
                0x08004280                TIM_ForcedOC1Config
                0x080042b8                TIM_ForcedOC2Config
                0x080042f4                TIM_ForcedOC3Config
                0x0800432c                TIM_ForcedOC4Config
                0x08004368                TIM_ARRPreloadConfig
                0x080043a8                TIM_SelectCOM
                0x080043e8                TIM_SelectCCDMA
                0x08004428                TIM_CCPreloadControl
                0x08004468                TIM_OC1PreloadConfig
                0x080044a0                TIM_OC2PreloadConfig
                0x080044dc                TIM_OC3PreloadConfig
                0x08004514                TIM_OC4PreloadConfig
                0x08004550                TIM_OC1FastConfig
                0x08004588                TIM_OC2FastConfig
                0x080045c4                TIM_OC3FastConfig
                0x080045fc                TIM_OC4FastConfig
                0x08004638                TIM_ClearOC1Ref
                0x08004670                TIM_ClearOC2Ref
                0x080046ac                TIM_ClearOC3Ref
                0x080046e4                TIM_ClearOC4Ref
                0x08004720                TIM_OC1PolarityConfig
                0x08004758                TIM_OC1NPolarityConfig
                0x08004790                TIM_OC2PolarityConfig
                0x080047cc                TIM_OC2NPolarityConfig
                0x08004808                TIM_OC3PolarityConfig
                0x08004844                TIM_OC3NPolarityConfig
                0x08004880                TIM_OC4PolarityConfig
                0x080048bc                TIM_CCxCmd
                0x08004910                TIM_CCxNCmd
                0x08004964                TIM_SelectOCxM
                0x08004a10                TIM_UpdateDisableConfig
                0x08004a50                TIM_UpdateRequestConfig
                0x08004a90                TIM_SelectHallSensor
                0x08004ad0                TIM_SelectOnePulseMode
                0x08004b08                TIM_SelectOutputTrigger
                0x08004b40                TIM_SelectSlaveMode
                0x08004b78                TIM_SelectMasterSlaveMode
                0x08004bb0                TIM_SetCounter
                0x08004bcc                TIM_SetAutoreload
                0x08004be8                TIM_SetCompare1
                0x08004c04                TIM_SetCompare2
                0x08004c20                TIM_SetCompare3
                0x08004c3c                TIM_SetCompare4
                0x08004c5c                TIM_SetIC1Prescaler
                0x08004c94                TIM_SetIC2Prescaler
                0x08004cd0                TIM_SetIC3Prescaler
                0x08004d08                TIM_SetIC4Prescaler
                0x08004d44                TIM_SetClockDivision
                0x08004d7c                TIM_GetCapture1
                0x08004d98                TIM_GetCapture2
                0x08004db4                TIM_GetCapture3
                0x08004dd0                TIM_GetCapture4
                0x08004dec                TIM_GetCounter
                0x08004e08                TIM_GetPrescaler
                0x08004e24                TIM_GetFlagStatus
                0x08004e5c                TIM_ClearFlag
                0x08004e7c                TIM_GetITStatus
                0x08004ed0                TIM_ClearITPendingBit
 .text          0x080052a8      0x164 ..\obj\led.o
                0x080052a8                initPort
                0x080052f4                initLeds
                0x080053cc                ledSwitchOn
                0x080053ec                ledSwitchOff
 .text          0x0800540c       0xa8 ..\obj\cooler.o
                0x0800540c                initCooler
                0x0800543c                enableCooler
                0x08005450                disableCooler
                0x08005464                checkSystemTemperature
 .text          0x080054b4      0x320 ..\obj\timers.o
                0x080054e4                TIM7_IRQHandler
                0x0800550c                initTimerCounter
                0x08005590                initPWM2
                0x0800566c                initPWM3
                0x0800572c                initPWM4
 .text          0x080057d4       0xc4 ..\obj\common.o
                0x080057d4                delayMs
                0x08005818                getMax
                0x0800583c                Int2Str
 .text          0x08005898      0x18c ..\obj\misc.o
                0x08005898                NVIC_PriorityGroupConfig
                0x080058bc                NVIC_Init
                0x08005980                NVIC_SetVectorTable
                0x080059ac                NVIC_SystemLPConfig
                0x080059ec                SysTick_CLKSourceConfig
 .text          0x08005a24      0x2cc ..\obj\main.o
                0x08005a24                changeAmperageMenu
                0x08005b78                isBattaryConnected
                0x08005bac                checkIfBattaryIsConnected
                0x08005bec                additinalMenu
                0x08005c60                main
 .text          0x08005cf0      0x370 e:/programs/stm programs/gcc/bin/../lib/gcc/arm-none-eabi/4.9.3/armv7-m\libgcc.a(_arm_addsubdf3.o)
                0x08005cf0                __aeabi_drsub
                0x08005cf8                __aeabi_dsub
                0x08005cf8                __subdf3
                0x08005cfc                __aeabi_dadd
                0x08005cfc                __adddf3
                0x08005f74                __floatunsidf
                0x08005f74                __aeabi_ui2d
                0x08005f94                __floatsidf
                0x08005f94                __aeabi_i2d
                0x08005fb8                __aeabi_f2d
                0x08005fb8                __extendsfdf2
                0x08005ff4                __floatundidf
                0x08005ff4                __aeabi_ul2d
                0x08006004                __floatdidf
                0x08006004                __aeabi_l2d
 .text          0x08006060      0x424 e:/programs/stm programs/gcc/bin/../lib/gcc/arm-none-eabi/4.9.3/armv7-m\libgcc.a(_arm_muldivdf3.o)
                0x08006060                __aeabi_dmul
                0x08006060                __muldf3
                0x080062b4                __divdf3
                0x080062b4                __aeabi_ddiv
 .text          0x08006484      0x110 e:/programs/stm programs/gcc/bin/../lib/gcc/arm-none-eabi/4.9.3/armv7-m\libgcc.a(_arm_cmpdf2.o)
                0x08006484                __gtdf2
                0x08006484                __gedf2
                0x0800648c                __ltdf2
                0x0800648c                __ledf2
                0x08006494                __nedf2
                0x08006494                __eqdf2
                0x08006494                __cmpdf2
                0x08006510                __aeabi_cdrcmple
                0x08006520                __aeabi_cdcmpeq
                0x08006520                __aeabi_cdcmple
                0x08006530                __aeabi_dcmpeq
                0x08006544                __aeabi_dcmplt
                0x08006558                __aeabi_dcmple
                0x0800656c                __aeabi_dcmpge
                0x08006580                __aeabi_dcmpgt
 .text          0x08006594       0x40 e:/programs/stm programs/gcc/bin/../lib/gcc/arm-none-eabi/4.9.3/armv7-m\libgcc.a(_arm_fixunsdfsi.o)
                0x08006594                __aeabi_d2uiz
                0x08006594                __fixunsdfsi
 .text.startup.register_fini
                0x080065d4       0x14 e:/programs/stm programs/gcc/bin/../lib/gcc/arm-none-eabi/4.9.3/../../../../arm-none-eabi/lib/armv7-m\libg.a(lib_a-__call_atexit.o)
 .text.atexit   0x080065e8        0xc e:/programs/stm programs/gcc/bin/../lib/gcc/arm-none-eabi/4.9.3/../../../../arm-none-eabi/lib/armv7-m\libg.a(lib_a-atexit.o)
                0x080065e8                atexit
 .text.__libc_fini_array
                0x080065f4       0x2c e:/programs/stm programs/gcc/bin/../lib/gcc/arm-none-eabi/4.9.3/../../../../arm-none-eabi/lib/armv7-m\libg.a(lib_a-fini.o)
                0x080065f4                __libc_fini_array
 .text.__register_exitproc
                0x08006620       0xa4 e:/programs/stm programs/gcc/bin/../lib/gcc/arm-none-eabi/4.9.3/../../../../arm-none-eabi/lib/armv7-m\libg.a(lib_a-__atexit.o)
                0x08006620                __register_exitproc
 *(.init)
 .init          0x080066c4        0x4 e:/programs/stm programs/gcc/bin/../lib/gcc/arm-none-eabi/4.9.3/armv7-m/crti.o
                0x080066c4                _init
 .init          0x080066c8        0x8 e:/programs/stm programs/gcc/bin/../lib/gcc/arm-none-eabi/4.9.3/armv7-m/crtn.o
 *(.fini)
 .fini          0x080066d0        0x4 e:/programs/stm programs/gcc/bin/../lib/gcc/arm-none-eabi/4.9.3/armv7-m/crti.o
                0x080066d0                _fini
 .fini          0x080066d4        0x8 e:/programs/stm programs/gcc/bin/../lib/gcc/arm-none-eabi/4.9.3/armv7-m/crtn.o
 *crtbegin.o(.ctors)
 *crtbegin?.o(.ctors)
 *(EXCLUDE_FILE(*crtend.o *crtend?.o) .ctors)
 *(SORT(.ctors.*))
 *(.ctors)
 *crtbegin.o(.dtors)
 *crtbegin?.o(.dtors)
 *(EXCLUDE_FILE(*crtend.o *crtend?.o) .dtors)
 *(SORT(.dtors.*))
 *(.dtors)
 *(.rodata*)
 .rodata        0x080066dc      0x320 ..\obj\nokia1100_lcd_lib.o
                0x080066dc                nlcd_Font
 .rodata        0x080069fc     0x4960 ..\obj\images_printing.o
                0x080069fc                test_pict
                0x08006a04                main_image_first_part
                0x08006ac8                point
                0x08006ad8                digitals
                0x08006c54                main_image_third_part
                0x08006c98                battery_image
                0x08007124                bat_is_charged_image
                0x08007428                bat_not_conn_image
                0x0800772c                boot_image
                0x0800aa50                menuISymbol
                0x0800aaa8                menuAmperageSymbol
                0x0800ab00                power_images
                0x0800acd0                additionalMenuDigitals
                0x0800b284                additionalMenuLeftAnimation
                0x0800b2f0                additionalMenuRightAnimation
 .rodata.str1.4
                0x0800b35c        0x4 e:/programs/stm programs/gcc/bin/../lib/gcc/arm-none-eabi/4.9.3/../../../../arm-none-eabi/lib/armv7-m\libg.a(lib_a-impure.o)
 .rodata._global_impure_ptr
                0x0800b360        0x4 e:/programs/stm programs/gcc/bin/../lib/gcc/arm-none-eabi/4.9.3/../../../../arm-none-eabi/lib/armv7-m\libg.a(lib_a-impure.o)
                0x0800b360                _global_impure_ptr
 *(.eh_fram e*)

.eh_frame       0x0800b364        0x0
 .eh_frame      0x0800b364        0x0 e:/programs/stm programs/gcc/bin/../lib/gcc/arm-none-eabi/4.9.3/armv7-m/crtbegin.o

.glue_7         0x0800b364        0x0
 .glue_7        0x00000000        0x0 linker stubs

.glue_7t        0x0800b364        0x0
 .glue_7t       0x00000000        0x0 linker stubs

.vfp11_veneer   0x0800b364        0x0
 .vfp11_veneer  0x00000000        0x0 linker stubs

.v4_bx          0x0800b364        0x0
 .v4_bx         0x00000000        0x0 linker stubs

.iplt           0x0800b364        0x0
 .iplt          0x00000000        0x0 e:/programs/stm programs/gcc/bin/../lib/gcc/arm-none-eabi/4.9.3/armv7-m/crtbegin.o

.rel.dyn        0x0800b364        0x0
 .rel.iplt      0x00000000        0x0 e:/programs/stm programs/gcc/bin/../lib/gcc/arm-none-eabi/4.9.3/armv7-m/crtbegin.o

.ARM.extab
 *(.ARM.extab* .gnu.linkonce.armextab.*)
                0x0800b364                __exidx_start = .

.ARM.exidx
 *(.ARM.exidx* .gnu.linkonce.armexidx.*)
                0x0800b364                __exidx_end = .
                0x0800b364                __etext = .
                0x0800b364                _sidata = __etext

.data           0x20000000      0x460 load address 0x0800b364
                0x20000000                __data_start__ = .
                0x20000000                _sdata = __data_start__
 *(vtable)
 *(.data*)
 .data          0x20000000       0x14 ..\obj\system_stm32f10x.o
                0x20000000                SystemCoreClock
                0x20000004                AHBPrescTable
 .data          0x20000014       0x14 ..\obj\stm32f10x_rcc.o
 .data.impure_data
                0x20000028      0x428 e:/programs/stm programs/gcc/bin/../lib/gcc/arm-none-eabi/4.9.3/../../../../arm-none-eabi/lib/armv7-m\libg.a(lib_a-impure.o)
                0x20000450                . = ALIGN (0x4)
                0x20000450                PROVIDE (__preinit_array_start, .)
 *(.preinit_array)
                0x20000450                PROVIDE (__preinit_array_end, .)
                0x20000450                . = ALIGN (0x4)
                0x20000450                PROVIDE (__init_array_start, .)
 *(SORT(.init_array.*))
 .init_array.00000
                0x20000450        0x4 e:/programs/stm programs/gcc/bin/../lib/gcc/arm-none-eabi/4.9.3/../../../../arm-none-eabi/lib/armv7-m\libg.a(lib_a-__call_atexit.o)
 *(.init_array)
 .init_array    0x20000454        0x4 e:/programs/stm programs/gcc/bin/../lib/gcc/arm-none-eabi/4.9.3/armv7-m/crtbegin.o
                0x20000458                PROVIDE (__init_array_end, .)
                0x20000458                . = ALIGN (0x4)
                0x20000458                PROVIDE (__fini_array_start, .)
 *(SORT(.fini_array.*))
 *(.fini_array)
 .fini_array    0x20000458        0x4 e:/programs/stm programs/gcc/bin/../lib/gcc/arm-none-eabi/4.9.3/armv7-m/crtbegin.o
                0x2000045c                PROVIDE (__fini_array_end, .)
 *(.jcr*)
 .jcr           0x2000045c        0x0 e:/programs/stm programs/gcc/bin/../lib/gcc/arm-none-eabi/4.9.3/armv7-m/crtbegin.o
 .jcr           0x2000045c        0x4 e:/programs/stm programs/gcc/bin/../lib/gcc/arm-none-eabi/4.9.3/armv7-m/crtend.o
                0x20000460                . = ALIGN (0x4)
                0x20000460                __data_end__ = .
                0x20000460                _edata = __data_end__

.igot.plt       0x20000460        0x0 load address 0x0800b7c4
 .igot.plt      0x00000000        0x0 e:/programs/stm programs/gcc/bin/../lib/gcc/arm-none-eabi/4.9.3/armv7-m/crtbegin.o

.bss            0x20000460      0x414 load address 0x0800b7c8
                0x20000460                . = ALIGN (0x4)
                0x20000460                __bss_start__ = .
                0x20000460                _sbss = __bss_start__
 *(.bss*)
 .bss           0x20000460       0x1c e:/programs/stm programs/gcc/bin/../lib/gcc/arm-none-eabi/4.9.3/armv7-m/crtbegin.o
 .bss           0x2000047c      0x35c ..\obj\nokia1100_lcd_lib.o
 *(COMMON)
 COMMON         0x200007d8       0x98 ..\obj\adc.o
                0x200007d8                batteryPower
                0x200007dc                uFromBatteryBuffer
                0x200007e4                amperageBuffer
                0x200007e8                led1Blue
                0x200007f4                led2Green
                0x20000800                led1Green
                0x20000810                uToBattery
                0x20000818                uFromBattery
                0x20000820                currentMeasureNumber
                0x20000824                systemTemperatureBuffer
                0x20000828                led2Blue
                0x20000834                led1Red
                0x20000840                systemTemperature
                0x20000848                uToBatteryBuffer
                0x20000850                amperage
                0x20000858                led2Red
                0x20000868                time_ms
 COMMON         0x20000870        0x3 ..\obj\encoder.o
                0x20000870                encoderIsActive
                0x20000871                captured_direction
                0x20000872                capture_is_first
                0x20000874                . = ALIGN (0x4)
 *fill*         0x20000873        0x1 
                0x20000874                __bss_end__ = .
                0x20000874                _ebss = __bss_end__

.heap           0x20000874        0x0
                0x20000874                __end__ = .
                0x20000874                _end = __end__
                0x20000874                end = __end__
 *(.heap*)
                0x20000874                __HeapLimit = .

.co_stack       0x20000874        0x4 load address 0x0800bbdc
                0x20000878                . = ALIGN (0x8)
 *fill*         0x20000874        0x4 
 *(.co_stack .co_stack.*)
                0x20002000                __StackTop = (ORIGIN (ram) + 0x2000)
                0x20001ffc                __StackLimit = (__StackTop - SIZEOF (.co_stack))
                0x20002000                PROVIDE (__stack, __StackTop)
                0x00000001                ASSERT ((__StackLimit >= __HeapLimit), region ram  overflowed with stack)
LOAD ..\obj\stm32f10x_can.o
LOAD ..\obj\stm32f10x_rtc.o
LOAD ..\obj\stm32f10x_flash.o
LOAD ..\obj\stm32f10x_iwdg.o
LOAD ..\obj\startup_stm32f10x_hd_vl.o
LOAD ..\obj\stm32f10x_bkp.o
LOAD ..\obj\stm32f10x_sdio.o
LOAD ..\obj\stm32f10x_dac.o
LOAD ..\obj\stm32f10x_spi.o
LOAD ..\obj\stm32f10x_pwr.o
LOAD ..\obj\stm32f10x_gpio.o
LOAD ..\obj\nokia1100_lcd_lib.o
LOAD ..\obj\adc.o
LOAD ..\obj\stm32f10x_wwdg.o
LOAD ..\obj\encoder.o
LOAD ..\obj\system_stm32f10x.o
LOAD ..\obj\stm32f10x_i2c.o
LOAD ..\obj\stm32f10x_adc.o
LOAD ..\obj\stm32f10x_usart.o
LOAD ..\obj\stm32f10x_rcc.o
LOAD ..\obj\images_printing.o
LOAD ..\obj\stm32f10x_tim.o
LOAD ..\obj\stm32f10x_crc.o
LOAD ..\obj\syscalls.o
LOAD ..\obj\led.o
LOAD ..\obj\cooler.o
LOAD ..\obj\stm32f10x_exti.o
LOAD ..\obj\timers.o
LOAD ..\obj\common.o
LOAD ..\obj\stm32f10x_cec.o
LOAD ..\obj\stm32f10x_fsmc.o
LOAD ..\obj\stm32f10x_dma.o
LOAD ..\obj\misc.o
LOAD ..\obj\stm32f10x_dbgmcu.o
LOAD ..\obj\main.o
START GROUP
LOAD e:/programs/stm programs/gcc/bin/../lib/gcc/arm-none-eabi/4.9.3/armv7-m\libgcc.a
LOAD e:/programs/stm programs/gcc/bin/../lib/gcc/arm-none-eabi/4.9.3/../../../../arm-none-eabi/lib/armv7-m\libg.a
LOAD e:/programs/stm programs/gcc/bin/../lib/gcc/arm-none-eabi/4.9.3/../../../../arm-none-eabi/lib/armv7-m\libc.a
END GROUP
LOAD e:/programs/stm programs/gcc/bin/../lib/gcc/arm-none-eabi/4.9.3/armv7-m/crtend.o
LOAD e:/programs/stm programs/gcc/bin/../lib/gcc/arm-none-eabi/4.9.3/armv7-m/crtn.o
OUTPUT(charge_dev_v3.3.elf elf32-littlearm)

.ARM.attributes
                0x00000000       0x29
 .ARM.attributes
                0x00000000       0x1d e:/programs/stm programs/gcc/bin/../lib/gcc/arm-none-eabi/4.9.3/armv7-m/crti.o
 .ARM.attributes
                0x0000001d       0x2d e:/programs/stm programs/gcc/bin/../lib/gcc/arm-none-eabi/4.9.3/armv7-m/crtbegin.o
 .ARM.attributes
                0x0000004a       0x21 ..\obj\startup_stm32f10x_hd_vl.o
 .ARM.attributes
                0x0000006b       0x33 ..\obj\stm32f10x_gpio.o
 .ARM.attributes
                0x0000009e       0x33 ..\obj\nokia1100_lcd_lib.o
 .ARM.attributes
                0x000000d1       0x33 ..\obj\adc.o
 .ARM.attributes
                0x00000104       0x33 ..\obj\encoder.o
 .ARM.attributes
                0x00000137       0x33 ..\obj\system_stm32f10x.o
 .ARM.attributes
                0x0000016a       0x33 ..\obj\stm32f10x_adc.o
 .ARM.attributes
                0x0000019d       0x33 ..\obj\stm32f10x_rcc.o
 .ARM.attributes
                0x000001d0       0x33 ..\obj\images_printing.o
 .ARM.attributes
                0x00000203       0x33 ..\obj\stm32f10x_tim.o
 .ARM.attributes
                0x00000236       0x33 ..\obj\led.o
 .ARM.attributes
                0x00000269       0x33 ..\obj\cooler.o
 .ARM.attributes
                0x0000029c       0x33 ..\obj\timers.o
 .ARM.attributes
                0x000002cf       0x33 ..\obj\common.o
 .ARM.attributes
                0x00000302       0x33 ..\obj\misc.o
 .ARM.attributes
                0x00000335       0x33 ..\obj\main.o
 .ARM.attributes
                0x00000368       0x1d e:/programs/stm programs/gcc/bin/../lib/gcc/arm-none-eabi/4.9.3/armv7-m\libgcc.a(_arm_addsubdf3.o)
 .ARM.attributes
                0x00000385       0x1d e:/programs/stm programs/gcc/bin/../lib/gcc/arm-none-eabi/4.9.3/armv7-m\libgcc.a(_arm_muldivdf3.o)
 .ARM.attributes
                0x000003a2       0x1d e:/programs/stm programs/gcc/bin/../lib/gcc/arm-none-eabi/4.9.3/armv7-m\libgcc.a(_arm_cmpdf2.o)
 .ARM.attributes
                0x000003bf       0x1d e:/programs/stm programs/gcc/bin/../lib/gcc/arm-none-eabi/4.9.3/armv7-m\libgcc.a(_arm_fixunsdfsi.o)
 .ARM.attributes
                0x000003dc       0x2d e:/programs/stm programs/gcc/bin/../lib/gcc/arm-none-eabi/4.9.3/../../../../arm-none-eabi/lib/armv7-m\libg.a(lib_a-impure.o)
 .ARM.attributes
                0x00000409       0x2d e:/programs/stm programs/gcc/bin/../lib/gcc/arm-none-eabi/4.9.3/../../../../arm-none-eabi/lib/armv7-m\libg.a(lib_a-__call_atexit.o)
 .ARM.attributes
                0x00000436       0x2d e:/programs/stm programs/gcc/bin/../lib/gcc/arm-none-eabi/4.9.3/../../../../arm-none-eabi/lib/armv7-m\libg.a(lib_a-atexit.o)
 .ARM.attributes
                0x00000463       0x2d e:/programs/stm programs/gcc/bin/../lib/gcc/arm-none-eabi/4.9.3/../../../../arm-none-eabi/lib/armv7-m\libg.a(lib_a-fini.o)
 .ARM.attributes
                0x00000490       0x2d e:/programs/stm programs/gcc/bin/../lib/gcc/arm-none-eabi/4.9.3/../../../../arm-none-eabi/lib/armv7-m\libg.a(lib_a-__atexit.o)
 .ARM.attributes
                0x000004bd       0x2d e:/programs/stm programs/gcc/bin/../lib/gcc/arm-none-eabi/4.9.3/armv7-m/crtend.o
 .ARM.attributes
                0x000004ea       0x1d e:/programs/stm programs/gcc/bin/../lib/gcc/arm-none-eabi/4.9.3/armv7-m/crtn.o

.comment        0x00000000       0x70
 .comment       0x00000000       0x70 ..\obj\stm32f10x_gpio.o
                                 0x71 (size before relaxing)
 .comment       0x00000000       0x71 ..\obj\nokia1100_lcd_lib.o
 .comment       0x00000000       0x71 ..\obj\adc.o
 .comment       0x00000000       0x71 ..\obj\encoder.o
 .comment       0x00000000       0x71 ..\obj\system_stm32f10x.o
 .comment       0x00000000       0x71 ..\obj\stm32f10x_adc.o
 .comment       0x00000000       0x71 ..\obj\stm32f10x_rcc.o
 .comment       0x00000000       0x71 ..\obj\images_printing.o
 .comment       0x00000000       0x71 ..\obj\stm32f10x_tim.o
 .comment       0x00000000       0x71 ..\obj\led.o
 .comment       0x00000000       0x71 ..\obj\cooler.o
 .comment       0x00000000       0x71 ..\obj\timers.o
 .comment       0x00000000       0x71 ..\obj\common.o
 .comment       0x00000000       0x71 ..\obj\misc.o
 .comment       0x00000000       0x71 ..\obj\main.o

.debug_line     0x00000000     0x2e2a
 .debug_line    0x00000000       0xdf ..\obj\startup_stm32f10x_hd_vl.o
 .debug_line    0x000000df      0x2a2 ..\obj\stm32f10x_gpio.o
 .debug_line    0x00000381      0x3d8 ..\obj\nokia1100_lcd_lib.o
 .debug_line    0x00000759      0x32c ..\obj\adc.o
 .debug_line    0x00000a85      0x2a8 ..\obj\encoder.o
 .debug_line    0x00000d2d      0x225 ..\obj\system_stm32f10x.o
 .debug_line    0x00000f52      0x314 ..\obj\stm32f10x_adc.o
 .debug_line    0x00001266      0x308 ..\obj\stm32f10x_rcc.o
 .debug_line    0x0000156e      0x372 ..\obj\images_printing.o
 .debug_line    0x000018e0      0x60f ..\obj\stm32f10x_tim.o
 .debug_line    0x00001eef      0x227 ..\obj\led.o
 .debug_line    0x00002116      0x257 ..\obj\cooler.o
 .debug_line    0x0000236d      0x2e2 ..\obj\timers.o
 .debug_line    0x0000264f      0x1f7 ..\obj\common.o
 .debug_line    0x00002846      0x1dc ..\obj\misc.o
 .debug_line    0x00002a22      0x408 ..\obj\main.o

.debug_info     0x00000000     0x7dc1
 .debug_info    0x00000000       0xf5 ..\obj\startup_stm32f10x_hd_vl.o
 .debug_info    0x000000f5      0x6e7 ..\obj\stm32f10x_gpio.o
 .debug_info    0x000007dc      0x7a7 ..\obj\nokia1100_lcd_lib.o
 .debug_info    0x00000f83      0xa69 ..\obj\adc.o
 .debug_info    0x000019ec      0x95e ..\obj\encoder.o
 .debug_info    0x0000234a      0x41a ..\obj\system_stm32f10x.o
 .debug_info    0x00002764      0xb74 ..\obj\stm32f10x_adc.o
 .debug_info    0x000032d8      0x8fa ..\obj\stm32f10x_rcc.o
 .debug_info    0x00003bd2      0x776 ..\obj\images_printing.o
 .debug_info    0x00004348     0x1c58 ..\obj\stm32f10x_tim.o
 .debug_info    0x00005fa0      0x31e ..\obj\led.o
 .debug_info    0x000062be      0x2e1 ..\obj\cooler.o
 .debug_info    0x0000659f      0x9c0 ..\obj\timers.o
 .debug_info    0x00006f5f      0x277 ..\obj\common.o
 .debug_info    0x000071d6      0x53d ..\obj\misc.o
 .debug_info    0x00007713      0x6ae ..\obj\main.o

.debug_abbrev   0x00000000     0x170f
 .debug_abbrev  0x00000000       0x12 ..\obj\startup_stm32f10x_hd_vl.o
 .debug_abbrev  0x00000012      0x1c8 ..\obj\stm32f10x_gpio.o
 .debug_abbrev  0x000001da      0x1c6 ..\obj\nokia1100_lcd_lib.o
 .debug_abbrev  0x000003a0      0x20e ..\obj\adc.o
 .debug_abbrev  0x000005ae      0x1cd ..\obj\encoder.o
 .debug_abbrev  0x0000077b      0x14c ..\obj\system_stm32f10x.o
 .debug_abbrev  0x000008c7      0x198 ..\obj\stm32f10x_adc.o
 .debug_abbrev  0x00000a5f      0x1ba ..\obj\stm32f10x_rcc.o
 .debug_abbrev  0x00000c19      0x166 ..\obj\images_printing.o
 .debug_abbrev  0x00000d7f      0x1b0 ..\obj\stm32f10x_tim.o
 .debug_abbrev  0x00000f2f      0x153 ..\obj\led.o
 .debug_abbrev  0x00001082      0x112 ..\obj\cooler.o
 .debug_abbrev  0x00001194      0x1a1 ..\obj\timers.o
 .debug_abbrev  0x00001335       0xeb ..\obj\common.o
 .debug_abbrev  0x00001420      0x145 ..\obj\misc.o
 .debug_abbrev  0x00001565      0x1aa ..\obj\main.o

.debug_aranges  0x00000000      0x208
 .debug_aranges
                0x00000000       0x28 ..\obj\startup_stm32f10x_hd_vl.o
 .debug_aranges
                0x00000028       0x20 ..\obj\stm32f10x_gpio.o
 .debug_aranges
                0x00000048       0x20 ..\obj\nokia1100_lcd_lib.o
 .debug_aranges
                0x00000068       0x20 ..\obj\adc.o
 .debug_aranges
                0x00000088       0x20 ..\obj\encoder.o
 .debug_aranges
                0x000000a8       0x20 ..\obj\system_stm32f10x.o
 .debug_aranges
                0x000000c8       0x20 ..\obj\stm32f10x_adc.o
 .debug_aranges
                0x000000e8       0x20 ..\obj\stm32f10x_rcc.o
 .debug_aranges
                0x00000108       0x20 ..\obj\images_printing.o
 .debug_aranges
                0x00000128       0x20 ..\obj\stm32f10x_tim.o
 .debug_aranges
                0x00000148       0x20 ..\obj\led.o
 .debug_aranges
                0x00000168       0x20 ..\obj\cooler.o
 .debug_aranges
                0x00000188       0x20 ..\obj\timers.o
 .debug_aranges
                0x000001a8       0x20 ..\obj\common.o
 .debug_aranges
                0x000001c8       0x20 ..\obj\misc.o
 .debug_aranges
                0x000001e8       0x20 ..\obj\main.o

.debug_ranges   0x00000000       0x20
 .debug_ranges  0x00000000       0x20 ..\obj\startup_stm32f10x_hd_vl.o

.debug_str      0x00000000     0x2cd5
 .debug_str     0x00000000      0x4f1 ..\obj\stm32f10x_gpio.o
                                0x547 (size before relaxing)
 .debug_str     0x000004f1      0x1ef ..\obj\nokia1100_lcd_lib.o
                                0x474 (size before relaxing)
 .debug_str     0x000006e0      0x7f0 ..\obj\adc.o
                                0xaad (size before relaxing)
 .debug_str     0x00000ed0      0x1b9 ..\obj\encoder.o
                                0x9af (size before relaxing)
 .debug_str     0x00001089      0x19c ..\obj\system_stm32f10x.o
                                0x309 (size before relaxing)
 .debug_str     0x00001225      0x4a5 ..\obj\stm32f10x_adc.o
                                0x729 (size before relaxing)
 .debug_str     0x000016ca      0x456 ..\obj\stm32f10x_rcc.o
                                0x69b (size before relaxing)
 .debug_str     0x00001b20      0x2dd ..\obj\images_printing.o
                                0x506 (size before relaxing)
 .debug_str     0x00001dfd      0xa98 ..\obj\stm32f10x_tim.o
                                0xe0b (size before relaxing)
 .debug_str     0x00002895       0x6c ..\obj\led.o
                                0x32b (size before relaxing)
 .debug_str     0x00002901       0x6d ..\obj\cooler.o
                                0x375 (size before relaxing)
 .debug_str     0x0000296e       0xbc ..\obj\timers.o
                                0x9e3 (size before relaxing)
 .debug_str     0x00002a2a       0x8a ..\obj\common.o
                                0x299 (size before relaxing)
 .debug_str     0x00002ab4      0x15a ..\obj\misc.o
                                0x3ec (size before relaxing)
 .debug_str     0x00002c0e       0xc7 ..\obj\main.o
                                0x540 (size before relaxing)

.debug_frame    0x00000000     0x2754
 .debug_frame   0x00000000      0x2d0 ..\obj\stm32f10x_gpio.o
 .debug_frame   0x000002d0      0x288 ..\obj\nokia1100_lcd_lib.o
 .debug_frame   0x00000558      0x104 ..\obj\adc.o
 .debug_frame   0x0000065c       0xe0 ..\obj\encoder.o
 .debug_frame   0x0000073c       0x98 ..\obj\system_stm32f10x.o
 .debug_frame   0x000007d4      0x5a4 ..\obj\stm32f10x_adc.o
 .debug_frame   0x00000d78      0x51c ..\obj\stm32f10x_rcc.o
 .debug_frame   0x00001294      0x1a4 ..\obj\images_printing.o
 .debug_frame   0x00001438      0xe2c ..\obj\stm32f10x_tim.o
 .debug_frame   0x00002264       0x98 ..\obj\led.o
 .debug_frame   0x000022fc       0x88 ..\obj\cooler.o
 .debug_frame   0x00002384       0xe4 ..\obj\timers.o
 .debug_frame   0x00002468       0x88 ..\obj\common.o
 .debug_frame   0x000024f0       0xd8 ..\obj\misc.o
 .debug_frame   0x000025c8       0xb4 ..\obj\main.o
 .debug_frame   0x0000267c       0x50 e:/programs/stm programs/gcc/bin/../lib/gcc/arm-none-eabi/4.9.3/../../../../arm-none-eabi/lib/armv7-m\libg.a(lib_a-__call_atexit.o)
 .debug_frame   0x000026cc       0x20 e:/programs/stm programs/gcc/bin/../lib/gcc/arm-none-eabi/4.9.3/../../../../arm-none-eabi/lib/armv7-m\libg.a(lib_a-atexit.o)
 .debug_frame   0x000026ec       0x34 e:/programs/stm programs/gcc/bin/../lib/gcc/arm-none-eabi/4.9.3/../../../../arm-none-eabi/lib/armv7-m\libg.a(lib_a-fini.o)
 .debug_frame   0x00002720       0x34 e:/programs/stm programs/gcc/bin/../lib/gcc/arm-none-eabi/4.9.3/../../../../arm-none-eabi/lib/armv7-m\libg.a(lib_a-__atexit.o)
