Archive member included because of file (symbol)

d:/programs/stm/gnu/4.9 2015q2/bin/../lib/gcc/arm-none-eabi/4.9.3/armv7-m\libgcc.a(_arm_addsubdf3.o)
                              ..\obj\adc.o (__aeabi_dsub)
d:/programs/stm/gnu/4.9 2015q2/bin/../lib/gcc/arm-none-eabi/4.9.3/armv7-m\libgcc.a(_arm_muldivdf3.o)
                              ..\obj\adc.o (__aeabi_dmul)
d:/programs/stm/gnu/4.9 2015q2/bin/../lib/gcc/arm-none-eabi/4.9.3/armv7-m\libgcc.a(_arm_cmpdf2.o)
                              ..\obj\cooler.o (__aeabi_dcmple)
d:/programs/stm/gnu/4.9 2015q2/bin/../lib/gcc/arm-none-eabi/4.9.3/armv7-m\libgcc.a(_arm_fixdfsi.o)
                              ..\obj\images_printing.o (__aeabi_d2iz)
d:/programs/stm/gnu/4.9 2015q2/bin/../lib/gcc/arm-none-eabi/4.9.3/armv7-m\libgcc.a(_arm_fixunsdfsi.o)
                              ..\obj\images_printing.o (__aeabi_d2uiz)
d:/programs/stm/gnu/4.9 2015q2/bin/../lib/gcc/arm-none-eabi/4.9.3/../../../../arm-none-eabi/lib/armv7-m\libg.a(lib_a-exit.o)
                              d:/programs/stm/gnu/4.9 2015q2/bin/../lib/gcc/arm-none-eabi/4.9.3/../../../../arm-none-eabi/lib/armv7-m/crt0.o (exit)
d:/programs/stm/gnu/4.9 2015q2/bin/../lib/gcc/arm-none-eabi/4.9.3/../../../../arm-none-eabi/lib/armv7-m\libg.a(lib_a-impure.o)
                              d:/programs/stm/gnu/4.9 2015q2/bin/../lib/gcc/arm-none-eabi/4.9.3/../../../../arm-none-eabi/lib/armv7-m\libg.a(lib_a-exit.o) (_global_impure_ptr)
d:/programs/stm/gnu/4.9 2015q2/bin/../lib/gcc/arm-none-eabi/4.9.3/../../../../arm-none-eabi/lib/armv7-m\libg.a(lib_a-init.o)
                              d:/programs/stm/gnu/4.9 2015q2/bin/../lib/gcc/arm-none-eabi/4.9.3/../../../../arm-none-eabi/lib/armv7-m/crt0.o (__libc_init_array)
d:/programs/stm/gnu/4.9 2015q2/bin/../lib/gcc/arm-none-eabi/4.9.3/../../../../arm-none-eabi/lib/armv7-m\libg.a(lib_a-memset.o)
                              d:/programs/stm/gnu/4.9 2015q2/bin/../lib/gcc/arm-none-eabi/4.9.3/../../../../arm-none-eabi/lib/armv7-m/crt0.o (memset)
d:/programs/stm/gnu/4.9 2015q2/bin/../lib/gcc/arm-none-eabi/4.9.3/../../../../arm-none-eabi/lib/armv7-m\libg.a(lib_a-__call_atexit.o)
                              d:/programs/stm/gnu/4.9 2015q2/bin/../lib/gcc/arm-none-eabi/4.9.3/../../../../arm-none-eabi/lib/armv7-m\libg.a(lib_a-exit.o) (__call_exitprocs)
d:/programs/stm/gnu/4.9 2015q2/bin/../lib/gcc/arm-none-eabi/4.9.3/../../../../arm-none-eabi/lib/armv7-m\libg.a(lib_a-atexit.o)
                              d:/programs/stm/gnu/4.9 2015q2/bin/../lib/gcc/arm-none-eabi/4.9.3/../../../../arm-none-eabi/lib/armv7-m\libg.a(lib_a-__call_atexit.o) (atexit)
d:/programs/stm/gnu/4.9 2015q2/bin/../lib/gcc/arm-none-eabi/4.9.3/../../../../arm-none-eabi/lib/armv7-m\libg.a(lib_a-fini.o)
                              d:/programs/stm/gnu/4.9 2015q2/bin/../lib/gcc/arm-none-eabi/4.9.3/../../../../arm-none-eabi/lib/armv7-m\libg.a(lib_a-__call_atexit.o) (__libc_fini_array)
d:/programs/stm/gnu/4.9 2015q2/bin/../lib/gcc/arm-none-eabi/4.9.3/../../../../arm-none-eabi/lib/armv7-m\libg.a(lib_a-__atexit.o)
                              d:/programs/stm/gnu/4.9 2015q2/bin/../lib/gcc/arm-none-eabi/4.9.3/../../../../arm-none-eabi/lib/armv7-m\libg.a(lib_a-atexit.o) (__register_exitproc)

Allocating common symbols
Common symbol       size              file

batteryPower        0x1               ..\obj\adc.o
uFromBatteryBuffer  0x8               ..\obj\adc.o
amperageBuffer      0x4               ..\obj\adc.o
led1Blue            0xc               ..\obj\adc.o
led2Green           0xc               ..\obj\adc.o
encoderIsActive     0x1               ..\obj\encoder.o
captured_direction  0x1               ..\obj\encoder.o
led1Green           0xc               ..\obj\adc.o
uToBattery          0x8               ..\obj\adc.o
userEnteredBatteryPower
                    0x4               ..\obj\adc.o
uFromBattery        0x8               ..\obj\adc.o
currentMeasureNumber
                    0x4               ..\obj\adc.o
systemTemperatureBuffer
                    0x4               ..\obj\adc.o
led2Blue            0xc               ..\obj\adc.o
led1Red             0xc               ..\obj\adc.o
systemTemperature   0x8               ..\obj\adc.o
uToBatteryBuffer    0x8               ..\obj\adc.o
amperage            0x8               ..\obj\adc.o
led2Red             0xc               ..\obj\adc.o
capture_is_first    0x1               ..\obj\encoder.o
time_ms             0x8               ..\obj\adc.o

Discarded input sections

 .text          0x00000000        0x0 d:/programs/stm/gnu/4.9 2015q2/bin/../lib/gcc/arm-none-eabi/4.9.3/armv7-m/crti.o
 .data          0x00000000        0x0 d:/programs/stm/gnu/4.9 2015q2/bin/../lib/gcc/arm-none-eabi/4.9.3/armv7-m/crti.o
 .bss           0x00000000        0x0 d:/programs/stm/gnu/4.9 2015q2/bin/../lib/gcc/arm-none-eabi/4.9.3/armv7-m/crti.o
 .data          0x00000000        0x4 d:/programs/stm/gnu/4.9 2015q2/bin/../lib/gcc/arm-none-eabi/4.9.3/armv7-m/crtbegin.o
 .text          0x00000000       0x74 d:/programs/stm/gnu/4.9 2015q2/bin/../lib/gcc/arm-none-eabi/4.9.3/../../../../arm-none-eabi/lib/armv7-m/crt0.o
 .data          0x00000000        0x0 d:/programs/stm/gnu/4.9 2015q2/bin/../lib/gcc/arm-none-eabi/4.9.3/../../../../arm-none-eabi/lib/armv7-m/crt0.o
 .bss           0x00000000        0x0 d:/programs/stm/gnu/4.9 2015q2/bin/../lib/gcc/arm-none-eabi/4.9.3/../../../../arm-none-eabi/lib/armv7-m/crt0.o
 .ARM.extab     0x00000000        0x0 d:/programs/stm/gnu/4.9 2015q2/bin/../lib/gcc/arm-none-eabi/4.9.3/../../../../arm-none-eabi/lib/armv7-m/crt0.o
 .ARM.exidx     0x00000000        0x8 d:/programs/stm/gnu/4.9 2015q2/bin/../lib/gcc/arm-none-eabi/4.9.3/../../../../arm-none-eabi/lib/armv7-m/crt0.o
 .ARM.attributes
                0x00000000       0x1b d:/programs/stm/gnu/4.9 2015q2/bin/../lib/gcc/arm-none-eabi/4.9.3/../../../../arm-none-eabi/lib/armv7-m/crt0.o
 .text          0x00000000      0xfa8 ..\obj\stm32f10x_can.o
 .data          0x00000000        0x0 ..\obj\stm32f10x_can.o
 .bss           0x00000000        0x0 ..\obj\stm32f10x_can.o
 .debug_info    0x00000000      0xb9c ..\obj\stm32f10x_can.o
 .debug_abbrev  0x00000000      0x1f3 ..\obj\stm32f10x_can.o
 .debug_aranges
                0x00000000       0x20 ..\obj\stm32f10x_can.o
 .debug_line    0x00000000      0x413 ..\obj\stm32f10x_can.o
 .debug_str     0x00000000      0x76d ..\obj\stm32f10x_can.o
 .comment       0x00000000       0x71 ..\obj\stm32f10x_can.o
 .debug_frame   0x00000000      0x3f0 ..\obj\stm32f10x_can.o
 .ARM.attributes
                0x00000000       0x33 ..\obj\stm32f10x_can.o
 .text          0x00000000      0x2ac ..\obj\stm32f10x_rtc.o
 .data          0x00000000        0x0 ..\obj\stm32f10x_rtc.o
 .bss           0x00000000        0x0 ..\obj\stm32f10x_rtc.o
 .debug_info    0x00000000      0x437 ..\obj\stm32f10x_rtc.o
 .debug_abbrev  0x00000000      0x17e ..\obj\stm32f10x_rtc.o
 .debug_aranges
                0x00000000       0x20 ..\obj\stm32f10x_rtc.o
 .debug_line    0x00000000      0x242 ..\obj\stm32f10x_rtc.o
 .debug_str     0x00000000      0x3e1 ..\obj\stm32f10x_rtc.o
 .comment       0x00000000       0x71 ..\obj\stm32f10x_rtc.o
 .debug_frame   0x00000000      0x214 ..\obj\stm32f10x_rtc.o
 .ARM.attributes
                0x00000000       0x33 ..\obj\stm32f10x_rtc.o
 .text          0x00000000      0x96c ..\obj\stm32f10x_flash.o
 .data          0x00000000        0x0 ..\obj\stm32f10x_flash.o
 .bss           0x00000000        0x0 ..\obj\stm32f10x_flash.o
 .debug_info    0x00000000      0x7b3 ..\obj\stm32f10x_flash.o
 .debug_abbrev  0x00000000      0x162 ..\obj\stm32f10x_flash.o
 .debug_aranges
                0x00000000       0x20 ..\obj\stm32f10x_flash.o
 .debug_line    0x00000000      0x36a ..\obj\stm32f10x_flash.o
 .debug_str     0x00000000      0x627 ..\obj\stm32f10x_flash.o
 .comment       0x00000000       0x71 ..\obj\stm32f10x_flash.o
 .debug_frame   0x00000000      0x410 ..\obj\stm32f10x_flash.o
 .ARM.attributes
                0x00000000       0x33 ..\obj\stm32f10x_flash.o
 .text          0x00000000       0xc8 ..\obj\stm32f10x_iwdg.o
 .data          0x00000000        0x0 ..\obj\stm32f10x_iwdg.o
 .bss           0x00000000        0x0 ..\obj\stm32f10x_iwdg.o
 .debug_info    0x00000000      0x20a ..\obj\stm32f10x_iwdg.o
 .debug_abbrev  0x00000000      0x101 ..\obj\stm32f10x_iwdg.o
 .debug_aranges
                0x00000000       0x20 ..\obj\stm32f10x_iwdg.o
 .debug_line    0x00000000      0x1fc ..\obj\stm32f10x_iwdg.o
 .debug_str     0x00000000      0x29b ..\obj\stm32f10x_iwdg.o
 .comment       0x00000000       0x71 ..\obj\stm32f10x_iwdg.o
 .debug_frame   0x00000000       0xf0 ..\obj\stm32f10x_iwdg.o
 .ARM.attributes
                0x00000000       0x33 ..\obj\stm32f10x_iwdg.o
 .text          0x00000000       0x14 ..\obj\startup_stm32f10x_hd_vl.o
 .data          0x00000000        0x0 ..\obj\startup_stm32f10x_hd_vl.o
 .bss           0x00000000        0x0 ..\obj\startup_stm32f10x_hd_vl.o
 .text          0x00000000      0x1c0 ..\obj\stm32f10x_bkp.o
 .data          0x00000000        0x0 ..\obj\stm32f10x_bkp.o
 .bss           0x00000000        0x0 ..\obj\stm32f10x_bkp.o
 .debug_info    0x00000000      0x79e ..\obj\stm32f10x_bkp.o
 .debug_abbrev  0x00000000      0x172 ..\obj\stm32f10x_bkp.o
 .debug_aranges
                0x00000000       0x20 ..\obj\stm32f10x_bkp.o
 .debug_line    0x00000000      0x21e ..\obj\stm32f10x_bkp.o
 .debug_str     0x00000000      0x5f4 ..\obj\stm32f10x_bkp.o
 .comment       0x00000000       0x71 ..\obj\stm32f10x_bkp.o
 .debug_frame   0x00000000      0x1c4 ..\obj\stm32f10x_bkp.o
 .ARM.attributes
                0x00000000       0x33 ..\obj\stm32f10x_bkp.o
 .text          0x00000000      0x514 ..\obj\stm32f10x_sdio.o
 .data          0x00000000        0x0 ..\obj\stm32f10x_sdio.o
 .bss           0x00000000        0x0 ..\obj\stm32f10x_sdio.o
 .debug_info    0x00000000      0x7ed ..\obj\stm32f10x_sdio.o
 .debug_abbrev  0x00000000      0x1af ..\obj\stm32f10x_sdio.o
 .debug_aranges
                0x00000000       0x20 ..\obj\stm32f10x_sdio.o
 .debug_line    0x00000000      0x2b9 ..\obj\stm32f10x_sdio.o
 .debug_str     0x00000000      0x66f ..\obj\stm32f10x_sdio.o
 .comment       0x00000000       0x71 ..\obj\stm32f10x_sdio.o
 .debug_frame   0x00000000      0x490 ..\obj\stm32f10x_sdio.o
 .ARM.attributes
                0x00000000       0x33 ..\obj\stm32f10x_sdio.o
 .text          0x00000000      0x42c ..\obj\stm32f10x_dac.o
 .data          0x00000000        0x0 ..\obj\stm32f10x_dac.o
 .bss           0x00000000        0x0 ..\obj\stm32f10x_dac.o
 .debug_info    0x00000000      0x633 ..\obj\stm32f10x_dac.o
 .debug_abbrev  0x00000000      0x17c ..\obj\stm32f10x_dac.o
 .debug_aranges
                0x00000000       0x20 ..\obj\stm32f10x_dac.o
 .debug_line    0x00000000      0x27c ..\obj\stm32f10x_dac.o
 .debug_str     0x00000000      0x482 ..\obj\stm32f10x_dac.o
 .comment       0x00000000       0x71 ..\obj\stm32f10x_dac.o
 .debug_frame   0x00000000      0x2ac ..\obj\stm32f10x_dac.o
 .ARM.attributes
                0x00000000       0x33 ..\obj\stm32f10x_dac.o
 .text          0x00000000      0x6f4 ..\obj\stm32f10x_spi.o
 .data          0x00000000        0x0 ..\obj\stm32f10x_spi.o
 .bss           0x00000000        0x0 ..\obj\stm32f10x_spi.o
 .debug_info    0x00000000      0x8f3 ..\obj\stm32f10x_spi.o
 .debug_abbrev  0x00000000      0x17e ..\obj\stm32f10x_spi.o
 .debug_aranges
                0x00000000       0x20 ..\obj\stm32f10x_spi.o
 .debug_line    0x00000000      0x2f2 ..\obj\stm32f10x_spi.o
 .debug_str     0x00000000      0x63c ..\obj\stm32f10x_spi.o
 .comment       0x00000000       0x71 ..\obj\stm32f10x_spi.o
 .debug_frame   0x00000000      0x3a0 ..\obj\stm32f10x_spi.o
 .ARM.attributes
                0x00000000       0x33 ..\obj\stm32f10x_spi.o
 .text          0x00000000      0x1ac ..\obj\stm32f10x_pwr.o
 .data          0x00000000        0x0 ..\obj\stm32f10x_pwr.o
 .bss           0x00000000        0x0 ..\obj\stm32f10x_pwr.o
 .debug_info    0x00000000      0x483 ..\obj\stm32f10x_pwr.o
 .debug_abbrev  0x00000000      0x18e ..\obj\stm32f10x_pwr.o
 .debug_aranges
                0x00000000       0x20 ..\obj\stm32f10x_pwr.o
 .debug_line    0x00000000      0x243 ..\obj\stm32f10x_pwr.o
 .debug_str     0x00000000      0x361 ..\obj\stm32f10x_pwr.o
 .comment       0x00000000       0x71 ..\obj\stm32f10x_pwr.o
 .debug_frame   0x00000000      0x164 ..\obj\stm32f10x_pwr.o
 .ARM.attributes
                0x00000000       0x33 ..\obj\stm32f10x_pwr.o
 .data          0x00000000        0x0 ..\obj\stm32f10x_gpio.o
 .bss           0x00000000        0x0 ..\obj\stm32f10x_gpio.o
 .data          0x00000000        0x0 ..\obj\nokia1100_lcd_lib.o
 .data          0x00000000        0x0 ..\obj\adc.o
 .bss           0x00000000        0x0 ..\obj\adc.o
 .text          0x00000000      0x118 ..\obj\stm32f10x_wwdg.o
 .data          0x00000000        0x0 ..\obj\stm32f10x_wwdg.o
 .bss           0x00000000        0x0 ..\obj\stm32f10x_wwdg.o
 .debug_info    0x00000000      0x22e ..\obj\stm32f10x_wwdg.o
 .debug_abbrev  0x00000000      0x117 ..\obj\stm32f10x_wwdg.o
 .debug_aranges
                0x00000000       0x20 ..\obj\stm32f10x_wwdg.o
 .debug_line    0x00000000      0x205 ..\obj\stm32f10x_wwdg.o
 .debug_str     0x00000000      0x29c ..\obj\stm32f10x_wwdg.o
 .comment       0x00000000       0x71 ..\obj\stm32f10x_wwdg.o
 .debug_frame   0x00000000      0x12c ..\obj\stm32f10x_wwdg.o
 .ARM.attributes
                0x00000000       0x33 ..\obj\stm32f10x_wwdg.o
 .data          0x00000000        0x0 ..\obj\encoder.o
 .bss           0x00000000        0x0 ..\obj\encoder.o
 .bss           0x00000000        0x0 ..\obj\system_stm32f10x.o
 .text          0x00000000      0x958 ..\obj\stm32f10x_i2c.o
 .data          0x00000000        0x0 ..\obj\stm32f10x_i2c.o
 .bss           0x00000000        0x0 ..\obj\stm32f10x_i2c.o
 .debug_info    0x00000000      0xb00 ..\obj\stm32f10x_i2c.o
 .debug_abbrev  0x00000000      0x164 ..\obj\stm32f10x_i2c.o
 .debug_aranges
                0x00000000       0x20 ..\obj\stm32f10x_i2c.o
 .debug_line    0x00000000      0x328 ..\obj\stm32f10x_i2c.o
 .debug_str     0x00000000      0x6a5 ..\obj\stm32f10x_i2c.o
 .comment       0x00000000       0x71 ..\obj\stm32f10x_i2c.o
 .debug_frame   0x00000000      0x530 ..\obj\stm32f10x_i2c.o
 .ARM.attributes
                0x00000000       0x33 ..\obj\stm32f10x_i2c.o
 .data          0x00000000        0x0 ..\obj\stm32f10x_adc.o
 .bss           0x00000000        0x0 ..\obj\stm32f10x_adc.o
 .text          0x00000000      0x908 ..\obj\stm32f10x_usart.o
 .data          0x00000000        0x0 ..\obj\stm32f10x_usart.o
 .bss           0x00000000        0x0 ..\obj\stm32f10x_usart.o
 .debug_info    0x00000000      0x9e8 ..\obj\stm32f10x_usart.o
 .debug_abbrev  0x00000000      0x162 ..\obj\stm32f10x_usart.o
 .debug_aranges
                0x00000000       0x20 ..\obj\stm32f10x_usart.o
 .debug_line    0x00000000      0x324 ..\obj\stm32f10x_usart.o
 .debug_str     0x00000000      0x6cf ..\obj\stm32f10x_usart.o
 .comment       0x00000000       0x71 ..\obj\stm32f10x_usart.o
 .debug_frame   0x00000000      0x490 ..\obj\stm32f10x_usart.o
 .ARM.attributes
                0x00000000       0x33 ..\obj\stm32f10x_usart.o
 .bss           0x00000000        0x0 ..\obj\stm32f10x_rcc.o
 .data          0x00000000        0x0 ..\obj\images_printing.o
 .bss           0x00000000      0x359 ..\obj\images_printing.o
 .data          0x00000000        0x0 ..\obj\stm32f10x_tim.o
 .bss           0x00000000        0x0 ..\obj\stm32f10x_tim.o
 .text          0x00000000       0xd0 ..\obj\stm32f10x_crc.o
 .data          0x00000000        0x0 ..\obj\stm32f10x_crc.o
 .bss           0x00000000        0x0 ..\obj\stm32f10x_crc.o
 .debug_info    0x00000000      0x208 ..\obj\stm32f10x_crc.o
 .debug_abbrev  0x00000000      0x114 ..\obj\stm32f10x_crc.o
 .debug_aranges
                0x00000000       0x20 ..\obj\stm32f10x_crc.o
 .debug_line    0x00000000      0x205 ..\obj\stm32f10x_crc.o
 .debug_str     0x00000000      0x27a ..\obj\stm32f10x_crc.o
 .comment       0x00000000       0x71 ..\obj\stm32f10x_crc.o
 .debug_frame   0x00000000       0xe8 ..\obj\stm32f10x_crc.o
 .ARM.attributes
                0x00000000       0x33 ..\obj\stm32f10x_crc.o
 .text          0x00000000      0x108 ..\obj\syscalls.o
 .data          0x00000000        0x0 ..\obj\syscalls.o
 .bss           0x00000000        0x4 ..\obj\syscalls.o
 .debug_info    0x00000000      0x3ee ..\obj\syscalls.o
 .debug_abbrev  0x00000000       0xe2 ..\obj\syscalls.o
 .debug_aranges
                0x00000000       0x20 ..\obj\syscalls.o
 .debug_line    0x00000000      0x128 ..\obj\syscalls.o
 .debug_str     0x00000000      0x320 ..\obj\syscalls.o
 .comment       0x00000000       0x71 ..\obj\syscalls.o
 .debug_frame   0x00000000      0x168 ..\obj\syscalls.o
 .ARM.attributes
                0x00000000       0x33 ..\obj\syscalls.o
 .data          0x00000000        0x0 ..\obj\led.o
 .bss           0x00000000        0x0 ..\obj\led.o
 .data          0x00000000        0x0 ..\obj\cooler.o
 .bss           0x00000000        0x0 ..\obj\cooler.o
 .text          0x00000000      0x21c ..\obj\stm32f10x_exti.o
 .data          0x00000000        0x0 ..\obj\stm32f10x_exti.o
 .bss           0x00000000        0x0 ..\obj\stm32f10x_exti.o
 .debug_info    0x00000000      0x343 ..\obj\stm32f10x_exti.o
 .debug_abbrev  0x00000000      0x17a ..\obj\stm32f10x_exti.o
 .debug_aranges
                0x00000000       0x20 ..\obj\stm32f10x_exti.o
 .debug_line    0x00000000      0x240 ..\obj\stm32f10x_exti.o
 .debug_str     0x00000000      0x388 ..\obj\stm32f10x_exti.o
 .comment       0x00000000       0x71 ..\obj\stm32f10x_exti.o
 .debug_frame   0x00000000      0x148 ..\obj\stm32f10x_exti.o
 .ARM.attributes
                0x00000000       0x33 ..\obj\stm32f10x_exti.o
 .data          0x00000000        0x0 ..\obj\timers.o
 .bss           0x00000000        0x0 ..\obj\timers.o
 .data          0x00000000        0x0 ..\obj\common.o
 .bss           0x00000000        0x0 ..\obj\common.o
 .text          0x00000000      0x290 ..\obj\stm32f10x_cec.o
 .data          0x00000000        0x0 ..\obj\stm32f10x_cec.o
 .bss           0x00000000        0x0 ..\obj\stm32f10x_cec.o
 .debug_info    0x00000000      0x41d ..\obj\stm32f10x_cec.o
 .debug_abbrev  0x00000000      0x1ae ..\obj\stm32f10x_cec.o
 .debug_aranges
                0x00000000       0x20 ..\obj\stm32f10x_cec.o
 .debug_line    0x00000000      0x257 ..\obj\stm32f10x_cec.o
 .debug_str     0x00000000      0x3b5 ..\obj\stm32f10x_cec.o
 .comment       0x00000000       0x71 ..\obj\stm32f10x_cec.o
 .debug_frame   0x00000000      0x224 ..\obj\stm32f10x_cec.o
 .ARM.attributes
                0x00000000       0x33 ..\obj\stm32f10x_cec.o
 .text          0x00000000      0x404 ..\obj\stm32f10x_dma.o
 .data          0x00000000        0x0 ..\obj\stm32f10x_dma.o
 .bss           0x00000000        0x0 ..\obj\stm32f10x_dma.o
 .debug_info    0x00000000      0x473 ..\obj\stm32f10x_dma.o
 .debug_abbrev  0x00000000      0x155 ..\obj\stm32f10x_dma.o
 .debug_aranges
                0x00000000       0x20 ..\obj\stm32f10x_dma.o
 .debug_line    0x00000000      0x27a ..\obj\stm32f10x_dma.o
 .debug_str     0x00000000      0x3f6 ..\obj\stm32f10x_dma.o
 .comment       0x00000000       0x71 ..\obj\stm32f10x_dma.o
 .debug_frame   0x00000000      0x1c8 ..\obj\stm32f10x_dma.o
 .ARM.attributes
                0x00000000       0x33 ..\obj\stm32f10x_dma.o
 .text          0x00000000      0x94c ..\obj\stm32f10x_fsmc.o
 .data          0x00000000        0x0 ..\obj\stm32f10x_fsmc.o
 .bss           0x00000000        0x0 ..\obj\stm32f10x_fsmc.o
 .debug_info    0x00000000      0x8f4 ..\obj\stm32f10x_fsmc.o
 .debug_abbrev  0x00000000      0x170 ..\obj\stm32f10x_fsmc.o
 .debug_aranges
                0x00000000       0x20 ..\obj\stm32f10x_fsmc.o
 .debug_line    0x00000000      0x35e ..\obj\stm32f10x_fsmc.o
 .debug_str     0x00000000      0x7b9 ..\obj\stm32f10x_fsmc.o
 .comment       0x00000000       0x71 ..\obj\stm32f10x_fsmc.o
 .debug_frame   0x00000000      0x300 ..\obj\stm32f10x_fsmc.o
 .ARM.attributes
                0x00000000       0x33 ..\obj\stm32f10x_fsmc.o
 .data          0x00000000        0x0 ..\obj\misc.o
 .bss           0x00000000        0x0 ..\obj\misc.o
 .text          0x00000000       0x70 ..\obj\stm32f10x_dbgmcu.o
 .data          0x00000000        0x0 ..\obj\stm32f10x_dbgmcu.o
 .bss           0x00000000        0x0 ..\obj\stm32f10x_dbgmcu.o
 .debug_info    0x00000000      0x15e ..\obj\stm32f10x_dbgmcu.o
 .debug_abbrev  0x00000000       0xde ..\obj\stm32f10x_dbgmcu.o
 .debug_aranges
                0x00000000       0x20 ..\obj\stm32f10x_dbgmcu.o
 .debug_line    0x00000000      0x1ed ..\obj\stm32f10x_dbgmcu.o
 .debug_str     0x00000000      0x231 ..\obj\stm32f10x_dbgmcu.o
 .comment       0x00000000       0x71 ..\obj\stm32f10x_dbgmcu.o
 .debug_frame   0x00000000       0x78 ..\obj\stm32f10x_dbgmcu.o
 .ARM.attributes
                0x00000000       0x33 ..\obj\stm32f10x_dbgmcu.o
 .data          0x00000000        0x0 ..\obj\main.o
 .bss           0x00000000      0x359 ..\obj\main.o
 .data          0x00000000        0x0 d:/programs/stm/gnu/4.9 2015q2/bin/../lib/gcc/arm-none-eabi/4.9.3/armv7-m\libgcc.a(_arm_addsubdf3.o)
 .bss           0x00000000        0x0 d:/programs/stm/gnu/4.9 2015q2/bin/../lib/gcc/arm-none-eabi/4.9.3/armv7-m\libgcc.a(_arm_addsubdf3.o)
 .data          0x00000000        0x0 d:/programs/stm/gnu/4.9 2015q2/bin/../lib/gcc/arm-none-eabi/4.9.3/armv7-m\libgcc.a(_arm_muldivdf3.o)
 .bss           0x00000000        0x0 d:/programs/stm/gnu/4.9 2015q2/bin/../lib/gcc/arm-none-eabi/4.9.3/armv7-m\libgcc.a(_arm_muldivdf3.o)
 .data          0x00000000        0x0 d:/programs/stm/gnu/4.9 2015q2/bin/../lib/gcc/arm-none-eabi/4.9.3/armv7-m\libgcc.a(_arm_cmpdf2.o)
 .bss           0x00000000        0x0 d:/programs/stm/gnu/4.9 2015q2/bin/../lib/gcc/arm-none-eabi/4.9.3/armv7-m\libgcc.a(_arm_cmpdf2.o)
 .data          0x00000000        0x0 d:/programs/stm/gnu/4.9 2015q2/bin/../lib/gcc/arm-none-eabi/4.9.3/armv7-m\libgcc.a(_arm_fixdfsi.o)
 .bss           0x00000000        0x0 d:/programs/stm/gnu/4.9 2015q2/bin/../lib/gcc/arm-none-eabi/4.9.3/armv7-m\libgcc.a(_arm_fixdfsi.o)
 .data          0x00000000        0x0 d:/programs/stm/gnu/4.9 2015q2/bin/../lib/gcc/arm-none-eabi/4.9.3/armv7-m\libgcc.a(_arm_fixunsdfsi.o)
 .bss           0x00000000        0x0 d:/programs/stm/gnu/4.9 2015q2/bin/../lib/gcc/arm-none-eabi/4.9.3/armv7-m\libgcc.a(_arm_fixunsdfsi.o)
 .text          0x00000000        0x0 d:/programs/stm/gnu/4.9 2015q2/bin/../lib/gcc/arm-none-eabi/4.9.3/../../../../arm-none-eabi/lib/armv7-m\libg.a(lib_a-exit.o)
 .data          0x00000000        0x0 d:/programs/stm/gnu/4.9 2015q2/bin/../lib/gcc/arm-none-eabi/4.9.3/../../../../arm-none-eabi/lib/armv7-m\libg.a(lib_a-exit.o)
 .bss           0x00000000        0x0 d:/programs/stm/gnu/4.9 2015q2/bin/../lib/gcc/arm-none-eabi/4.9.3/../../../../arm-none-eabi/lib/armv7-m\libg.a(lib_a-exit.o)
 .text.exit     0x00000000       0x20 d:/programs/stm/gnu/4.9 2015q2/bin/../lib/gcc/arm-none-eabi/4.9.3/../../../../arm-none-eabi/lib/armv7-m\libg.a(lib_a-exit.o)
 .debug_frame   0x00000000       0x28 d:/programs/stm/gnu/4.9 2015q2/bin/../lib/gcc/arm-none-eabi/4.9.3/../../../../arm-none-eabi/lib/armv7-m\libg.a(lib_a-exit.o)
 .ARM.attributes
                0x00000000       0x2d d:/programs/stm/gnu/4.9 2015q2/bin/../lib/gcc/arm-none-eabi/4.9.3/../../../../arm-none-eabi/lib/armv7-m\libg.a(lib_a-exit.o)
 .text          0x00000000        0x0 d:/programs/stm/gnu/4.9 2015q2/bin/../lib/gcc/arm-none-eabi/4.9.3/../../../../arm-none-eabi/lib/armv7-m\libg.a(lib_a-impure.o)
 .data          0x00000000        0x0 d:/programs/stm/gnu/4.9 2015q2/bin/../lib/gcc/arm-none-eabi/4.9.3/../../../../arm-none-eabi/lib/armv7-m\libg.a(lib_a-impure.o)
 .bss           0x00000000        0x0 d:/programs/stm/gnu/4.9 2015q2/bin/../lib/gcc/arm-none-eabi/4.9.3/../../../../arm-none-eabi/lib/armv7-m\libg.a(lib_a-impure.o)
 .data._impure_ptr
                0x00000000        0x4 d:/programs/stm/gnu/4.9 2015q2/bin/../lib/gcc/arm-none-eabi/4.9.3/../../../../arm-none-eabi/lib/armv7-m\libg.a(lib_a-impure.o)
 .text          0x00000000        0x0 d:/programs/stm/gnu/4.9 2015q2/bin/../lib/gcc/arm-none-eabi/4.9.3/../../../../arm-none-eabi/lib/armv7-m\libg.a(lib_a-init.o)
 .data          0x00000000        0x0 d:/programs/stm/gnu/4.9 2015q2/bin/../lib/gcc/arm-none-eabi/4.9.3/../../../../arm-none-eabi/lib/armv7-m\libg.a(lib_a-init.o)
 .bss           0x00000000        0x0 d:/programs/stm/gnu/4.9 2015q2/bin/../lib/gcc/arm-none-eabi/4.9.3/../../../../arm-none-eabi/lib/armv7-m\libg.a(lib_a-init.o)
 .text.__libc_init_array
                0x00000000       0x50 d:/programs/stm/gnu/4.9 2015q2/bin/../lib/gcc/arm-none-eabi/4.9.3/../../../../arm-none-eabi/lib/armv7-m\libg.a(lib_a-init.o)
 .debug_frame   0x00000000       0x2c d:/programs/stm/gnu/4.9 2015q2/bin/../lib/gcc/arm-none-eabi/4.9.3/../../../../arm-none-eabi/lib/armv7-m\libg.a(lib_a-init.o)
 .ARM.attributes
                0x00000000       0x2d d:/programs/stm/gnu/4.9 2015q2/bin/../lib/gcc/arm-none-eabi/4.9.3/../../../../arm-none-eabi/lib/armv7-m\libg.a(lib_a-init.o)
 .text          0x00000000        0x0 d:/programs/stm/gnu/4.9 2015q2/bin/../lib/gcc/arm-none-eabi/4.9.3/../../../../arm-none-eabi/lib/armv7-m\libg.a(lib_a-memset.o)
 .data          0x00000000        0x0 d:/programs/stm/gnu/4.9 2015q2/bin/../lib/gcc/arm-none-eabi/4.9.3/../../../../arm-none-eabi/lib/armv7-m\libg.a(lib_a-memset.o)
 .bss           0x00000000        0x0 d:/programs/stm/gnu/4.9 2015q2/bin/../lib/gcc/arm-none-eabi/4.9.3/../../../../arm-none-eabi/lib/armv7-m\libg.a(lib_a-memset.o)
 .text.memset   0x00000000       0x9c d:/programs/stm/gnu/4.9 2015q2/bin/../lib/gcc/arm-none-eabi/4.9.3/../../../../arm-none-eabi/lib/armv7-m\libg.a(lib_a-memset.o)
 .debug_frame   0x00000000       0x34 d:/programs/stm/gnu/4.9 2015q2/bin/../lib/gcc/arm-none-eabi/4.9.3/../../../../arm-none-eabi/lib/armv7-m\libg.a(lib_a-memset.o)
 .ARM.attributes
                0x00000000       0x2d d:/programs/stm/gnu/4.9 2015q2/bin/../lib/gcc/arm-none-eabi/4.9.3/../../../../arm-none-eabi/lib/armv7-m\libg.a(lib_a-memset.o)
 .text          0x00000000        0x0 d:/programs/stm/gnu/4.9 2015q2/bin/../lib/gcc/arm-none-eabi/4.9.3/../../../../arm-none-eabi/lib/armv7-m\libg.a(lib_a-__call_atexit.o)
 .data          0x00000000        0x0 d:/programs/stm/gnu/4.9 2015q2/bin/../lib/gcc/arm-none-eabi/4.9.3/../../../../arm-none-eabi/lib/armv7-m\libg.a(lib_a-__call_atexit.o)
 .bss           0x00000000        0x0 d:/programs/stm/gnu/4.9 2015q2/bin/../lib/gcc/arm-none-eabi/4.9.3/../../../../arm-none-eabi/lib/armv7-m\libg.a(lib_a-__call_atexit.o)
 .text.__call_exitprocs
                0x00000000       0xd4 d:/programs/stm/gnu/4.9 2015q2/bin/../lib/gcc/arm-none-eabi/4.9.3/../../../../arm-none-eabi/lib/armv7-m\libg.a(lib_a-__call_atexit.o)
 .text          0x00000000        0x0 d:/programs/stm/gnu/4.9 2015q2/bin/../lib/gcc/arm-none-eabi/4.9.3/../../../../arm-none-eabi/lib/armv7-m\libg.a(lib_a-atexit.o)
 .data          0x00000000        0x0 d:/programs/stm/gnu/4.9 2015q2/bin/../lib/gcc/arm-none-eabi/4.9.3/../../../../arm-none-eabi/lib/armv7-m\libg.a(lib_a-atexit.o)
 .bss           0x00000000        0x0 d:/programs/stm/gnu/4.9 2015q2/bin/../lib/gcc/arm-none-eabi/4.9.3/../../../../arm-none-eabi/lib/armv7-m\libg.a(lib_a-atexit.o)
 .text          0x00000000        0x0 d:/programs/stm/gnu/4.9 2015q2/bin/../lib/gcc/arm-none-eabi/4.9.3/../../../../arm-none-eabi/lib/armv7-m\libg.a(lib_a-fini.o)
 .data          0x00000000        0x0 d:/programs/stm/gnu/4.9 2015q2/bin/../lib/gcc/arm-none-eabi/4.9.3/../../../../arm-none-eabi/lib/armv7-m\libg.a(lib_a-fini.o)
 .bss           0x00000000        0x0 d:/programs/stm/gnu/4.9 2015q2/bin/../lib/gcc/arm-none-eabi/4.9.3/../../../../arm-none-eabi/lib/armv7-m\libg.a(lib_a-fini.o)
 .text          0x00000000        0x0 d:/programs/stm/gnu/4.9 2015q2/bin/../lib/gcc/arm-none-eabi/4.9.3/../../../../arm-none-eabi/lib/armv7-m\libg.a(lib_a-__atexit.o)
 .data          0x00000000        0x0 d:/programs/stm/gnu/4.9 2015q2/bin/../lib/gcc/arm-none-eabi/4.9.3/../../../../arm-none-eabi/lib/armv7-m\libg.a(lib_a-__atexit.o)
 .bss           0x00000000        0x0 d:/programs/stm/gnu/4.9 2015q2/bin/../lib/gcc/arm-none-eabi/4.9.3/../../../../arm-none-eabi/lib/armv7-m\libg.a(lib_a-__atexit.o)
 .text          0x00000000        0x0 d:/programs/stm/gnu/4.9 2015q2/bin/../lib/gcc/arm-none-eabi/4.9.3/armv7-m/crtend.o
 .data          0x00000000        0x0 d:/programs/stm/gnu/4.9 2015q2/bin/../lib/gcc/arm-none-eabi/4.9.3/armv7-m/crtend.o
 .bss           0x00000000        0x0 d:/programs/stm/gnu/4.9 2015q2/bin/../lib/gcc/arm-none-eabi/4.9.3/armv7-m/crtend.o
 .eh_frame      0x00000000        0x4 d:/programs/stm/gnu/4.9 2015q2/bin/../lib/gcc/arm-none-eabi/4.9.3/armv7-m/crtend.o
 .text          0x00000000        0x0 d:/programs/stm/gnu/4.9 2015q2/bin/../lib/gcc/arm-none-eabi/4.9.3/armv7-m/crtn.o
 .data          0x00000000        0x0 d:/programs/stm/gnu/4.9 2015q2/bin/../lib/gcc/arm-none-eabi/4.9.3/armv7-m/crtn.o
 .bss           0x00000000        0x0 d:/programs/stm/gnu/4.9 2015q2/bin/../lib/gcc/arm-none-eabi/4.9.3/armv7-m/crtn.o

Memory Configuration

Name             Origin             Length             Attributes
rom              0x08000000         0x00020000         xr
ram              0x20000000         0x00002000         xrw
*default*        0x00000000         0xffffffff

Linker script and memory map

LOAD d:/programs/stm/gnu/4.9 2015q2/bin/../lib/gcc/arm-none-eabi/4.9.3/armv7-m/crti.o
LOAD d:/programs/stm/gnu/4.9 2015q2/bin/../lib/gcc/arm-none-eabi/4.9.3/armv7-m/crtbegin.o
LOAD d:/programs/stm/gnu/4.9 2015q2/bin/../lib/gcc/arm-none-eabi/4.9.3/../../../../arm-none-eabi/lib/armv7-m/crt0.o
                0x20002000                _eram = 0x20002000

.text           0x08000000     0xb71c
 *(.isr_vector)
 .isr_vector    0x08000000      0x1e4 ..\obj\startup_stm32f10x_hd_vl.o
                0x08000000                g_pfnVectors
 *(.text*)
 .text          0x080001e4       0x5c d:/programs/stm/gnu/4.9 2015q2/bin/../lib/gcc/arm-none-eabi/4.9.3/armv7-m/crtbegin.o
 .text.Reset_Handler
                0x08000240       0x44 ..\obj\startup_stm32f10x_hd_vl.o
                0x08000240                Reset_Handler
 .text.Default_Handler
                0x08000284        0x2 ..\obj\startup_stm32f10x_hd_vl.o
                0x08000284                EXTI2_IRQHandler
                0x08000284                DebugMon_Handler
                0x08000284                TIM1_CC_IRQHandler
                0x08000284                HardFault_Handler
                0x08000284                SysTick_Handler
                0x08000284                PVD_IRQHandler
                0x08000284                PendSV_Handler
                0x08000284                NMI_Handler
                0x08000284                EXTI3_IRQHandler
                0x08000284                EXTI0_IRQHandler
                0x08000284                I2C2_EV_IRQHandler
                0x08000284                UsageFault_Handler
                0x08000284                SPI1_IRQHandler
                0x08000284                TAMPER_IRQHandler
                0x08000284                TIM6_DAC_IRQHandler
                0x08000284                DMA2_Channel2_IRQHandler
                0x08000284                DMA1_Channel4_IRQHandler
                0x08000284                USART3_IRQHandler
                0x08000284                RTC_IRQHandler
                0x08000284                DMA1_Channel7_IRQHandler
                0x08000284                UART5_IRQHandler
                0x08000284                TIM4_IRQHandler
                0x08000284                DMA2_Channel1_IRQHandler
                0x08000284                I2C1_EV_IRQHandler
                0x08000284                DMA1_Channel6_IRQHandler
                0x08000284                UART4_IRQHandler
                0x08000284                TIM3_IRQHandler
                0x08000284                RCC_IRQHandler
                0x08000284                DMA1_Channel1_IRQHandler
                0x08000284                Default_Handler
                0x08000284                CEC_IRQHandler
                0x08000284                EXTI15_10_IRQHandler
                0x08000284                TIM14_IRQHandler
                0x08000284                TIM13_IRQHandler
                0x08000284                TIM12_IRQHandler
                0x08000284                TIM5_IRQHandler
                0x08000284                EXTI9_5_IRQHandler
                0x08000284                SPI2_IRQHandler
                0x08000284                MemManage_Handler
                0x08000284                SVC_Handler
                0x08000284                DMA2_Channel5_IRQHandler
                0x08000284                DMA1_Channel5_IRQHandler
                0x08000284                EXTI4_IRQHandler
                0x08000284                TIM1_TRG_COM_TIM17_IRQHandler
                0x08000284                DMA1_Channel3_IRQHandler
                0x08000284                WWDG_IRQHandler
                0x08000284                TIM2_IRQHandler
                0x08000284                EXTI1_IRQHandler
                0x08000284                RTCAlarm_IRQHandler
                0x08000284                DMA2_Channel4_5_IRQHandler
                0x08000284                USART2_IRQHandler
                0x08000284                I2C2_ER_IRQHandler
                0x08000284                DMA1_Channel2_IRQHandler
                0x08000284                FLASH_IRQHandler
                0x08000284                BusFault_Handler
                0x08000284                USART1_IRQHandler
                0x08000284                SPI3_IRQHandler
                0x08000284                I2C1_ER_IRQHandler
                0x08000284                DMA2_Channel3_IRQHandler
                0x08000284                TIM1_BRK_TIM15_IRQHandler
 *fill*         0x08000286        0x2 
 .text          0x08000288      0x5f8 ..\obj\stm32f10x_gpio.o
                0x08000288                GPIO_DeInit
                0x0800036c                GPIO_AFIODeInit
                0x08000384                GPIO_Init
                0x08000504                GPIO_StructInit
                0x0800052c                GPIO_ReadInputDataBit
                0x08000560                GPIO_ReadInputData
                0x0800057c                GPIO_ReadOutputDataBit
                0x080005b0                GPIO_ReadOutputData
                0x080005cc                GPIO_SetBits
                0x080005e8                GPIO_ResetBits
                0x08000604                GPIO_WriteBit
                0x08000634                GPIO_Write
                0x08000650                GPIO_PinLockConfig
                0x08000694                GPIO_EventOutputConfig
                0x080006e0                GPIO_EventOutputCmd
                0x08000700                GPIO_PinRemapConfig
                0x080007e0                GPIO_EXTILineConfig
                0x08000864                GPIO_ETH_MediaInterfaceConfig
 .text          0x08000880      0xb24 ..\obj\nokia1100_lcd_lib.o
                0x08000880                Delay
                0x080008a0                nlcd_Init
                0x0800097c                nlcd_Clear
                0x080009d8                nlcd_SendByte
                0x08000af8                nlcd_Putc
                0x08000b54                nlcd_PutcWide
                0x08000bbc                nlcd_Print
                0x08000be4                nlcd_PrintF
                0x08000c10                nlcd_PrintWide
                0x08000c38                nlcd_GotoXY
                0x08000cb4                nlcd_Inverse
                0x08000cdc                nlcd_GotoXY_pix
                0x08000d54                nlcd_Pixel
                0x08000e18                nlcd_Line
                0x08000f58                nlcd_Circle
                0x08001198                nlcd_Rect
                0x08001290                nlcd_Pict
 *fill*         0x080013a4        0x4 
 .text          0x080013a8      0x44c ..\obj\adc.o
                0x080013a8                convertADCBufferToAmperageValue
                0x080013f8                convertADCBufferToVoltageValue
                0x08001450                convertADCBufferToTemperatureValue
                0x080014b0                clearMeasuringBuffers
                0x080014fc                handleShortSircuit
                0x08001514                ADC1_IRQHandler
                0x08001670                initADC
 .text          0x080017f4      0x1c8 ..\obj\encoder.o
                0x08001858                TIM1_UP_TIM16_IRQHandler
                0x080018b4                initEncoder
                0x08001968                getEncoderDirection
                0x08001998                isMenuEncoderPressed
 .text          0x080019bc      0x220 ..\obj\system_stm32f10x.o
                0x080019bc                SystemInit
                0x08001a28                SystemCoreClockUpdate
 .text          0x08001bdc      0xa3c ..\obj\stm32f10x_adc.o
                0x08001bdc                ADC_DeInit
                0x08001c50                ADC_Init
                0x08001cf4                ADC_StructInit
                0x08001d2c                ADC_Cmd
                0x08001d64                ADC_DMACmd
                0x08001d9c                ADC_ITConfig
                0x08001de0                ADC_ResetCalibration
                0x08001e00                ADC_GetResetCalibrationStatus
                0x08001e30                ADC_StartCalibration
                0x08001e50                ADC_GetCalibrationStatus
                0x08001e80                ADC_SoftwareStartConvCmd
                0x08001eb8                ADC_GetSoftwareStartConvStatus
                0x08001ee8                ADC_DiscModeChannelCountConfig
                0x08001f2c                ADC_DiscModeCmd
                0x08001f64                ADC_RegularChannelConfig
                0x080020f8                ADC_ExternalTrigConvCmd
                0x08002130                ADC_GetConversionValue
                0x0800214c                ADC_GetDualModeConversionValue
                0x08002164                ADC_AutoInjectedConvCmd
                0x0800219c                ADC_InjectedDiscModeCmd
                0x080021d4                ADC_ExternalTrigInjectedConvConfig
                0x08002208                ADC_ExternalTrigInjectedConvCmd
                0x08002240                ADC_SoftwareStartInjectedConvCmd
                0x08002278                ADC_GetSoftwareStartInjectedConvCmdStatus
                0x080022a8                ADC_InjectedChannelConfig
                0x080023c8                ADC_InjectedSequencerLengthConfig
                0x0800240c                ADC_SetInjectedOffset
                0x08002440                ADC_GetInjectedConversionValue
                0x08002470                ADC_AnalogWatchdogCmd
                0x080024a8                ADC_AnalogWatchdogThresholdsConfig
                0x080024d0                ADC_AnalogWatchdogSingleChannelConfig
                0x08002508                ADC_TempSensorVrefintCmd
                0x08002540                ADC_GetFlagStatus
                0x08002574                ADC_ClearFlag
                0x08002594                ADC_GetITStatus
                0x080025ec                ADC_ClearITPendingBit
 .text          0x08002618      0x81c ..\obj\stm32f10x_rcc.o
                0x08002618                RCC_DeInit
                0x0800267c                RCC_HSEConfig
                0x080026d8                RCC_WaitForHSEStartUp
                0x08002728                RCC_AdjustHSICalibrationValue
                0x08002764                RCC_HSICmd
                0x08002784                RCC_PLLConfig
                0x080027c0                RCC_PLLCmd
                0x080027e0                RCC_PREDIV1Config
                0x08002820                RCC_SYSCLKConfig
                0x08002858                RCC_GetSYSCLKSource
                0x08002878                RCC_HCLKConfig
                0x080028b0                RCC_PCLK1Config
                0x080028e8                RCC_PCLK2Config
                0x08002920                RCC_ITConfig
                0x0800296c                RCC_USBCLKConfig
                0x08002988                RCC_ADCCLKConfig
                0x080029c0                RCC_LSEConfig
                0x08002a00                RCC_LSICmd
                0x08002a20                RCC_RTCCLKConfig
                0x08002a44                RCC_RTCCLKCmd
                0x08002a64                RCC_GetClocksFreq
                0x08002bc0                RCC_AHBPeriphClockCmd
                0x08002bfc                RCC_APB2PeriphClockCmd
                0x08002c38                RCC_APB1PeriphClockCmd
                0x08002c74                RCC_APB2PeriphResetCmd
                0x08002cb0                RCC_APB1PeriphResetCmd
                0x08002cec                RCC_BackupResetCmd
                0x08002d0c                RCC_ClockSecuritySystemCmd
                0x08002d2c                RCC_MCOConfig
                0x08002d4c                RCC_GetFlagStatus
                0x08002dc0                RCC_ClearFlag
                0x08002ddc                RCC_GetITStatus
                0x08002e14                RCC_ClearITPendingBit
 *fill*         0x08002e34        0x4 
 .text          0x08002e38      0x6d8 ..\obj\images_printing.o
                0x08002e38                bootMessage
                0x08002e7c                printMainImageDigits
                0x08002eb4                printDigits
                0x080030ec                printAdditionalMenuDigits
                0x080032e0                printAdditionalMenuAnimation
                0x08003390                printMainImageTemplate
                0x080033b4                printBatteryWaitImage
                0x080033c8                printBatteryIsChargedImage
                0x080033dc                printBattaryChargingImage
                0x08003428                printPowerValueImage
                0x080034b8                printInitChangeAmperageMenu
                0x080034e0                printChangeAmperageMenuDigits
                0x080034fc                printTestImage
 .text          0x08003510     0x1e10 ..\obj\stm32f10x_tim.o
                0x08003510                TIM_DeInit
                0x0800373c                TIM_TimeBaseInit
                0x08003834                TIM_OC1Init
                0x0800394c                TIM_OC2Init
                0x08003a5c                TIM_OC3Init
                0x08003b68                TIM_OC4Init
                0x08003c38                TIM_ICInit
                0x08003ce0                TIM_PWMIConfig
                0x08003d98                TIM_BDTRConfig
                0x08003de8                TIM_TimeBaseStructInit
                0x08003e1c                TIM_OCStructInit
                0x08003e60                TIM_ICStructInit
                0x08003e90                TIM_BDTRStructInit
                0x08003ecc                TIM_Cmd
                0x08003f0c                TIM_CtrlPWMOutputs
                0x08003f58                TIM_ITConfig
                0x08003fa0                TIM_GenerateEvent
                0x08003fbc                TIM_DMAConfig
                0x08003fe4                TIM_DMACmd
                0x0800402c                TIM_InternalClockConfig
                0x08004050                TIM_ITRxExternalClockConfig
                0x0800407c                TIM_TIxExternalClockConfig
                0x080040dc                TIM_ETRClockMode1Config
                0x08004138                TIM_ETRClockMode2Config
                0x08004174                TIM_ETRConfig
                0x080041c8                TIM_PrescalerConfig
                0x080041f0                TIM_CounterModeConfig
                0x08004228                TIM_SelectInputTrigger
                0x08004260                TIM_EncoderInterfaceConfig
                0x080042f8                TIM_ForcedOC1Config
                0x08004330                TIM_ForcedOC2Config
                0x0800436c                TIM_ForcedOC3Config
                0x080043a4                TIM_ForcedOC4Config
                0x080043e0                TIM_ARRPreloadConfig
                0x08004420                TIM_SelectCOM
                0x08004460                TIM_SelectCCDMA
                0x080044a0                TIM_CCPreloadControl
                0x080044e0                TIM_OC1PreloadConfig
                0x08004518                TIM_OC2PreloadConfig
                0x08004554                TIM_OC3PreloadConfig
                0x0800458c                TIM_OC4PreloadConfig
                0x080045c8                TIM_OC1FastConfig
                0x08004600                TIM_OC2FastConfig
                0x0800463c                TIM_OC3FastConfig
                0x08004674                TIM_OC4FastConfig
                0x080046b0                TIM_ClearOC1Ref
                0x080046e8                TIM_ClearOC2Ref
                0x08004724                TIM_ClearOC3Ref
                0x0800475c                TIM_ClearOC4Ref
                0x08004798                TIM_OC1PolarityConfig
                0x080047d0                TIM_OC1NPolarityConfig
                0x08004808                TIM_OC2PolarityConfig
                0x08004844                TIM_OC2NPolarityConfig
                0x08004880                TIM_OC3PolarityConfig
                0x080048bc                TIM_OC3NPolarityConfig
                0x080048f8                TIM_OC4PolarityConfig
                0x08004934                TIM_CCxCmd
                0x08004988                TIM_CCxNCmd
                0x080049dc                TIM_SelectOCxM
                0x08004a88                TIM_UpdateDisableConfig
                0x08004ac8                TIM_UpdateRequestConfig
                0x08004b08                TIM_SelectHallSensor
                0x08004b48                TIM_SelectOnePulseMode
                0x08004b80                TIM_SelectOutputTrigger
                0x08004bb8                TIM_SelectSlaveMode
                0x08004bf0                TIM_SelectMasterSlaveMode
                0x08004c28                TIM_SetCounter
                0x08004c44                TIM_SetAutoreload
                0x08004c60                TIM_SetCompare1
                0x08004c7c                TIM_SetCompare2
                0x08004c98                TIM_SetCompare3
                0x08004cb4                TIM_SetCompare4
                0x08004cd4                TIM_SetIC1Prescaler
                0x08004d0c                TIM_SetIC2Prescaler
                0x08004d48                TIM_SetIC3Prescaler
                0x08004d80                TIM_SetIC4Prescaler
                0x08004dbc                TIM_SetClockDivision
                0x08004df4                TIM_GetCapture1
                0x08004e10                TIM_GetCapture2
                0x08004e2c                TIM_GetCapture3
                0x08004e48                TIM_GetCapture4
                0x08004e64                TIM_GetCounter
                0x08004e80                TIM_GetPrescaler
                0x08004e9c                TIM_GetFlagStatus
                0x08004ed4                TIM_ClearFlag
                0x08004ef4                TIM_GetITStatus
                0x08004f48                TIM_ClearITPendingBit
 .text          0x08005320      0x18c ..\obj\led.o
                0x08005320                initPort
                0x0800536c                initLeds
                0x08005444                ledSwitchOn
                0x08005464                ledSwitchOff
                0x08005484                ledErrorSwitchOn
                0x08005498                ledErrorSwitchOff
 .text          0x080054ac      0x124 ..\obj\cooler.o
                0x080054ac                initCooler
                0x080054dc                enableCooler
                0x080054f0                disableCooler
                0x08005504                checkSystemTemperature
 .text          0x080055d0      0x320 ..\obj\timers.o
                0x08005600                TIM7_IRQHandler
                0x08005628                initTimerCounter
                0x080056ac                initPWM2
                0x08005788                initPWM3
                0x08005848                initPWM4
 .text          0x080058f0      0x120 ..\obj\common.o
                0x080058f0                delayMs
                0x08005934                getMax
                0x08005958                Int2Str
                0x080059b4                calculateRation
 .text          0x08005a10      0x18c ..\obj\misc.o
                0x08005a10                NVIC_PriorityGroupConfig
                0x08005a34                NVIC_Init
                0x08005af8                NVIC_SetVectorTable
                0x08005b24                NVIC_SystemLPConfig
                0x08005b64                SysTick_CLKSourceConfig
 *fill*         0x08005b9c        0x4 
 .text          0x08005ba0      0x4b8 ..\obj\main.o
                0x08005ba0                changePowerMenu
                0x08005d04                getMaxAllowedPower
                0x08005d68                calculateMaxPowerForSecondCharginStep
                0x08005dc8                isBattaryConnected
                0x08005dfc                checkIfBattaryIsConnected
                0x08005e54                additinalMenu
                0x08005ec8                indicateBatteryIsChanged
                0x08005ef8                showMainWindow
                0x08005f50                isBattaryCharged
                0x08005f8c                main
 .text          0x08006058      0x370 d:/programs/stm/gnu/4.9 2015q2/bin/../lib/gcc/arm-none-eabi/4.9.3/armv7-m\libgcc.a(_arm_addsubdf3.o)
                0x08006058                __aeabi_drsub
                0x08006060                __aeabi_dsub
                0x08006060                __subdf3
                0x08006064                __aeabi_dadd
                0x08006064                __adddf3
                0x080062dc                __floatunsidf
                0x080062dc                __aeabi_ui2d
                0x080062fc                __floatsidf
                0x080062fc                __aeabi_i2d
                0x08006320                __aeabi_f2d
                0x08006320                __extendsfdf2
                0x0800635c                __floatundidf
                0x0800635c                __aeabi_ul2d
                0x0800636c                __floatdidf
                0x0800636c                __aeabi_l2d
 .text          0x080063c8      0x424 d:/programs/stm/gnu/4.9 2015q2/bin/../lib/gcc/arm-none-eabi/4.9.3/armv7-m\libgcc.a(_arm_muldivdf3.o)
                0x080063c8                __aeabi_dmul
                0x080063c8                __muldf3
                0x0800661c                __divdf3
                0x0800661c                __aeabi_ddiv
 .text          0x080067ec      0x110 d:/programs/stm/gnu/4.9 2015q2/bin/../lib/gcc/arm-none-eabi/4.9.3/armv7-m\libgcc.a(_arm_cmpdf2.o)
                0x080067ec                __gtdf2
                0x080067ec                __gedf2
                0x080067f4                __ltdf2
                0x080067f4                __ledf2
                0x080067fc                __nedf2
                0x080067fc                __eqdf2
                0x080067fc                __cmpdf2
                0x08006878                __aeabi_cdrcmple
                0x08006888                __aeabi_cdcmpeq
                0x08006888                __aeabi_cdcmple
                0x08006898                __aeabi_dcmpeq
                0x080068ac                __aeabi_dcmplt
                0x080068c0                __aeabi_dcmple
                0x080068d4                __aeabi_dcmpge
                0x080068e8                __aeabi_dcmpgt
 .text          0x080068fc       0x50 d:/programs/stm/gnu/4.9 2015q2/bin/../lib/gcc/arm-none-eabi/4.9.3/armv7-m\libgcc.a(_arm_fixdfsi.o)
                0x080068fc                __aeabi_d2iz
                0x080068fc                __fixdfsi
 .text          0x0800694c       0x40 d:/programs/stm/gnu/4.9 2015q2/bin/../lib/gcc/arm-none-eabi/4.9.3/armv7-m\libgcc.a(_arm_fixunsdfsi.o)
                0x0800694c                __aeabi_d2uiz
                0x0800694c                __fixunsdfsi
 .text.startup.register_fini
                0x0800698c       0x14 d:/programs/stm/gnu/4.9 2015q2/bin/../lib/gcc/arm-none-eabi/4.9.3/../../../../arm-none-eabi/lib/armv7-m\libg.a(lib_a-__call_atexit.o)
 .text.atexit   0x080069a0        0xc d:/programs/stm/gnu/4.9 2015q2/bin/../lib/gcc/arm-none-eabi/4.9.3/../../../../arm-none-eabi/lib/armv7-m\libg.a(lib_a-atexit.o)
                0x080069a0                atexit
 .text.__libc_fini_array
                0x080069ac       0x2c d:/programs/stm/gnu/4.9 2015q2/bin/../lib/gcc/arm-none-eabi/4.9.3/../../../../arm-none-eabi/lib/armv7-m\libg.a(lib_a-fini.o)
                0x080069ac                __libc_fini_array
 .text.__register_exitproc
                0x080069d8       0xa4 d:/programs/stm/gnu/4.9 2015q2/bin/../lib/gcc/arm-none-eabi/4.9.3/../../../../arm-none-eabi/lib/armv7-m\libg.a(lib_a-__atexit.o)
                0x080069d8                __register_exitproc
 *(.init)
 .init          0x08006a7c        0x4 d:/programs/stm/gnu/4.9 2015q2/bin/../lib/gcc/arm-none-eabi/4.9.3/armv7-m/crti.o
                0x08006a7c                _init
 .init          0x08006a80        0x8 d:/programs/stm/gnu/4.9 2015q2/bin/../lib/gcc/arm-none-eabi/4.9.3/armv7-m/crtn.o
 *(.fini)
 .fini          0x08006a88        0x4 d:/programs/stm/gnu/4.9 2015q2/bin/../lib/gcc/arm-none-eabi/4.9.3/armv7-m/crti.o
                0x08006a88                _fini
 .fini          0x08006a8c        0x8 d:/programs/stm/gnu/4.9 2015q2/bin/../lib/gcc/arm-none-eabi/4.9.3/armv7-m/crtn.o
 *crtbegin.o(.ctors)
 *crtbegin?.o(.ctors)
 *(EXCLUDE_FILE(*crtend.o *crtend?.o) .ctors)
 *(SORT(.ctors.*))
 *(.ctors)
 *crtbegin.o(.dtors)
 *crtbegin?.o(.dtors)
 *(EXCLUDE_FILE(*crtend.o *crtend?.o) .dtors)
 *(SORT(.dtors.*))
 *(.dtors)
 *(.rodata*)
 .rodata        0x08006a94      0x320 ..\obj\nokia1100_lcd_lib.o
                0x08006a94                nlcd_Font
 .rodata        0x08006db4     0x4960 ..\obj\images_printing.o
                0x08006db4                test_pict
                0x08006dbc                main_image_first_part
                0x08006e80                point
                0x08006e90                digitals
                0x0800700c                main_image_third_part
                0x08007050                battery_image
                0x080074dc                bat_is_charged_image
                0x080077e0                bat_not_conn_image
                0x08007ae4                boot_image
                0x0800ae08                menuISymbol
                0x0800ae60                menuAmperageSymbol
                0x0800aeb8                power_images
                0x0800b088                additionalMenuDigitals
                0x0800b63c                additionalMenuLeftAnimation
                0x0800b6a8                additionalMenuRightAnimation
 .rodata.str1.4
                0x0800b714        0x4 d:/programs/stm/gnu/4.9 2015q2/bin/../lib/gcc/arm-none-eabi/4.9.3/../../../../arm-none-eabi/lib/armv7-m\libg.a(lib_a-impure.o)
                                  0x2 (size before relaxing)
 .rodata._global_impure_ptr
                0x0800b718        0x4 d:/programs/stm/gnu/4.9 2015q2/bin/../lib/gcc/arm-none-eabi/4.9.3/../../../../arm-none-eabi/lib/armv7-m\libg.a(lib_a-impure.o)
                0x0800b718                _global_impure_ptr
 *(.eh_fram e*)

.eh_frame       0x0800b71c        0x0
 .eh_frame      0x0800b71c        0x0 d:/programs/stm/gnu/4.9 2015q2/bin/../lib/gcc/arm-none-eabi/4.9.3/armv7-m/crtbegin.o

.glue_7         0x0800b71c        0x0
 .glue_7        0x00000000        0x0 linker stubs

.glue_7t        0x0800b71c        0x0
 .glue_7t       0x00000000        0x0 linker stubs

.vfp11_veneer   0x0800b71c        0x0
 .vfp11_veneer  0x00000000        0x0 linker stubs

.v4_bx          0x0800b71c        0x0
 .v4_bx         0x00000000        0x0 linker stubs

.iplt           0x0800b71c        0x0
 .iplt          0x00000000        0x0 d:/programs/stm/gnu/4.9 2015q2/bin/../lib/gcc/arm-none-eabi/4.9.3/armv7-m/crtbegin.o

.rel.dyn        0x0800b71c        0x0
 .rel.iplt      0x00000000        0x0 d:/programs/stm/gnu/4.9 2015q2/bin/../lib/gcc/arm-none-eabi/4.9.3/armv7-m/crtbegin.o

.ARM.extab
 *(.ARM.extab* .gnu.linkonce.armextab.*)
                0x0800b71c                __exidx_start = .

.ARM.exidx
 *(.ARM.exidx* .gnu.linkonce.armexidx.*)
                0x0800b71c                __exidx_end = .
                0x0800b71c                __etext = .
                0x0800b71c                _sidata = __etext

.data           0x20000000      0x460 load address 0x0800b71c
                0x20000000                __data_start__ = .
                0x20000000                _sdata = __data_start__
 *(vtable)
 *(.data*)
 .data          0x20000000       0x14 ..\obj\system_stm32f10x.o
                0x20000000                SystemCoreClock
                0x20000004                AHBPrescTable
 .data          0x20000014       0x14 ..\obj\stm32f10x_rcc.o
 .data.impure_data
                0x20000028      0x428 d:/programs/stm/gnu/4.9 2015q2/bin/../lib/gcc/arm-none-eabi/4.9.3/../../../../arm-none-eabi/lib/armv7-m\libg.a(lib_a-impure.o)
                0x20000450                . = ALIGN (0x4)
                0x20000450                PROVIDE (__preinit_array_start, .)
 *(.preinit_array)
                0x20000450                PROVIDE (__preinit_array_end, .)
                0x20000450                . = ALIGN (0x4)
                0x20000450                PROVIDE (__init_array_start, .)
 *(SORT(.init_array.*))
 .init_array.00000
                0x20000450        0x4 d:/programs/stm/gnu/4.9 2015q2/bin/../lib/gcc/arm-none-eabi/4.9.3/../../../../arm-none-eabi/lib/armv7-m\libg.a(lib_a-__call_atexit.o)
 *(.init_array)
 .init_array    0x20000454        0x4 d:/programs/stm/gnu/4.9 2015q2/bin/../lib/gcc/arm-none-eabi/4.9.3/armv7-m/crtbegin.o
                0x20000458                PROVIDE (__init_array_end, .)
                0x20000458                . = ALIGN (0x4)
                0x20000458                PROVIDE (__fini_array_start, .)
 *(SORT(.fini_array.*))
 *(.fini_array)
 .fini_array    0x20000458        0x4 d:/programs/stm/gnu/4.9 2015q2/bin/../lib/gcc/arm-none-eabi/4.9.3/armv7-m/crtbegin.o
                0x2000045c                PROVIDE (__fini_array_end, .)
 *(.jcr*)
 .jcr           0x2000045c        0x0 d:/programs/stm/gnu/4.9 2015q2/bin/../lib/gcc/arm-none-eabi/4.9.3/armv7-m/crtbegin.o
 .jcr           0x2000045c        0x4 d:/programs/stm/gnu/4.9 2015q2/bin/../lib/gcc/arm-none-eabi/4.9.3/armv7-m/crtend.o
                0x20000460                . = ALIGN (0x4)
                0x20000460                __data_end__ = .
                0x20000460                _edata = __data_end__

.igot.plt       0x20000460        0x0 load address 0x0800bb7c
 .igot.plt      0x00000000        0x0 d:/programs/stm/gnu/4.9 2015q2/bin/../lib/gcc/arm-none-eabi/4.9.3/armv7-m/crtbegin.o

.bss            0x20000460      0x41c load address 0x0800bb80
                0x20000460                . = ALIGN (0x4)
                0x20000460                __bss_start__ = .
                0x20000460                _sbss = __bss_start__
 *(.bss*)
 .bss           0x20000460       0x1c d:/programs/stm/gnu/4.9 2015q2/bin/../lib/gcc/arm-none-eabi/4.9.3/armv7-m/crtbegin.o
 .bss           0x2000047c      0x359 ..\obj\nokia1100_lcd_lib.o
 *(COMMON)
 *fill*         0x200007d5        0x3 
 COMMON         0x200007d8       0xa0 ..\obj\adc.o
                0x200007d8                batteryPower
                0x200007dc                uFromBatteryBuffer
                0x200007e4                amperageBuffer
                0x200007e8                led1Blue
                0x200007f4                led2Green
                0x20000800                led1Green
                0x20000810                uToBattery
                0x20000818                userEnteredBatteryPower
                0x20000820                uFromBattery
                0x20000828                currentMeasureNumber
                0x2000082c                systemTemperatureBuffer
                0x20000830                led2Blue
                0x2000083c                led1Red
                0x20000848                systemTemperature
                0x20000850                uToBatteryBuffer
                0x20000858                amperage
                0x20000860                led2Red
                0x20000870                time_ms
 COMMON         0x20000878        0x3 ..\obj\encoder.o
                0x20000878                encoderIsActive
                0x20000879                captured_direction
                0x2000087a                capture_is_first
                0x2000087c                . = ALIGN (0x4)
 *fill*         0x2000087b        0x1 
                0x2000087c                __bss_end__ = .
                0x2000087c                _ebss = __bss_end__

.heap           0x2000087c        0x0
                0x2000087c                __end__ = .
                0x2000087c                _end = __end__
                0x2000087c                end = __end__
 *(.heap*)
                0x2000087c                __HeapLimit = .

.co_stack       0x2000087c        0x4 load address 0x0800bf9c
                0x20000880                . = ALIGN (0x8)
 *fill*         0x2000087c        0x4 
 *(.co_stack .co_stack.*)
                0x20002000                __StackTop = (ORIGIN (ram) + 0x2000)
                0x20001ffc                __StackLimit = (__StackTop - SIZEOF (.co_stack))
                0x20002000                PROVIDE (__stack, __StackTop)
                0x00000001                ASSERT ((__StackLimit >= __HeapLimit), region ram  overflowed with stack)
LOAD ..\obj\stm32f10x_can.o
LOAD ..\obj\stm32f10x_rtc.o
LOAD ..\obj\stm32f10x_flash.o
LOAD ..\obj\stm32f10x_iwdg.o
LOAD ..\obj\startup_stm32f10x_hd_vl.o
LOAD ..\obj\stm32f10x_bkp.o
LOAD ..\obj\stm32f10x_sdio.o
LOAD ..\obj\stm32f10x_dac.o
LOAD ..\obj\stm32f10x_spi.o
LOAD ..\obj\stm32f10x_pwr.o
LOAD ..\obj\stm32f10x_gpio.o
LOAD ..\obj\nokia1100_lcd_lib.o
LOAD ..\obj\adc.o
LOAD ..\obj\stm32f10x_wwdg.o
LOAD ..\obj\encoder.o
LOAD ..\obj\system_stm32f10x.o
LOAD ..\obj\stm32f10x_i2c.o
LOAD ..\obj\stm32f10x_adc.o
LOAD ..\obj\stm32f10x_usart.o
LOAD ..\obj\stm32f10x_rcc.o
LOAD ..\obj\images_printing.o
LOAD ..\obj\stm32f10x_tim.o
LOAD ..\obj\stm32f10x_crc.o
LOAD ..\obj\syscalls.o
LOAD ..\obj\led.o
LOAD ..\obj\cooler.o
LOAD ..\obj\stm32f10x_exti.o
LOAD ..\obj\timers.o
LOAD ..\obj\common.o
LOAD ..\obj\stm32f10x_cec.o
LOAD ..\obj\stm32f10x_dma.o
LOAD ..\obj\stm32f10x_fsmc.o
LOAD ..\obj\misc.o
LOAD ..\obj\stm32f10x_dbgmcu.o
LOAD ..\obj\main.o
START GROUP
LOAD d:/programs/stm/gnu/4.9 2015q2/bin/../lib/gcc/arm-none-eabi/4.9.3/armv7-m\libgcc.a
LOAD d:/programs/stm/gnu/4.9 2015q2/bin/../lib/gcc/arm-none-eabi/4.9.3/../../../../arm-none-eabi/lib/armv7-m\libg.a
LOAD d:/programs/stm/gnu/4.9 2015q2/bin/../lib/gcc/arm-none-eabi/4.9.3/../../../../arm-none-eabi/lib/armv7-m\libc.a
END GROUP
LOAD d:/programs/stm/gnu/4.9 2015q2/bin/../lib/gcc/arm-none-eabi/4.9.3/armv7-m/crtend.o
LOAD d:/programs/stm/gnu/4.9 2015q2/bin/../lib/gcc/arm-none-eabi/4.9.3/armv7-m/crtn.o
OUTPUT(charge_dev_v3.3.elf elf32-littlearm)

.ARM.attributes
                0x00000000       0x29
 .ARM.attributes
                0x00000000       0x1d d:/programs/stm/gnu/4.9 2015q2/bin/../lib/gcc/arm-none-eabi/4.9.3/armv7-m/crti.o
 .ARM.attributes
                0x0000001d       0x2d d:/programs/stm/gnu/4.9 2015q2/bin/../lib/gcc/arm-none-eabi/4.9.3/armv7-m/crtbegin.o
 .ARM.attributes
                0x0000004a       0x21 ..\obj\startup_stm32f10x_hd_vl.o
 .ARM.attributes
                0x0000006b       0x33 ..\obj\stm32f10x_gpio.o
 .ARM.attributes
                0x0000009e       0x33 ..\obj\nokia1100_lcd_lib.o
 .ARM.attributes
                0x000000d1       0x33 ..\obj\adc.o
 .ARM.attributes
                0x00000104       0x33 ..\obj\encoder.o
 .ARM.attributes
                0x00000137       0x33 ..\obj\system_stm32f10x.o
 .ARM.attributes
                0x0000016a       0x33 ..\obj\stm32f10x_adc.o
 .ARM.attributes
                0x0000019d       0x33 ..\obj\stm32f10x_rcc.o
 .ARM.attributes
                0x000001d0       0x33 ..\obj\images_printing.o
 .ARM.attributes
                0x00000203       0x33 ..\obj\stm32f10x_tim.o
 .ARM.attributes
                0x00000236       0x33 ..\obj\led.o
 .ARM.attributes
                0x00000269       0x33 ..\obj\cooler.o
 .ARM.attributes
                0x0000029c       0x33 ..\obj\timers.o
 .ARM.attributes
                0x000002cf       0x33 ..\obj\common.o
 .ARM.attributes
                0x00000302       0x33 ..\obj\misc.o
 .ARM.attributes
                0x00000335       0x33 ..\obj\main.o
 .ARM.attributes
                0x00000368       0x1d d:/programs/stm/gnu/4.9 2015q2/bin/../lib/gcc/arm-none-eabi/4.9.3/armv7-m\libgcc.a(_arm_addsubdf3.o)
 .ARM.attributes
                0x00000385       0x1d d:/programs/stm/gnu/4.9 2015q2/bin/../lib/gcc/arm-none-eabi/4.9.3/armv7-m\libgcc.a(_arm_muldivdf3.o)
 .ARM.attributes
                0x000003a2       0x1d d:/programs/stm/gnu/4.9 2015q2/bin/../lib/gcc/arm-none-eabi/4.9.3/armv7-m\libgcc.a(_arm_cmpdf2.o)
 .ARM.attributes
                0x000003bf       0x1d d:/programs/stm/gnu/4.9 2015q2/bin/../lib/gcc/arm-none-eabi/4.9.3/armv7-m\libgcc.a(_arm_fixdfsi.o)
 .ARM.attributes
                0x000003dc       0x1d d:/programs/stm/gnu/4.9 2015q2/bin/../lib/gcc/arm-none-eabi/4.9.3/armv7-m\libgcc.a(_arm_fixunsdfsi.o)
 .ARM.attributes
                0x000003f9       0x2d d:/programs/stm/gnu/4.9 2015q2/bin/../lib/gcc/arm-none-eabi/4.9.3/../../../../arm-none-eabi/lib/armv7-m\libg.a(lib_a-impure.o)
 .ARM.attributes
                0x00000426       0x2d d:/programs/stm/gnu/4.9 2015q2/bin/../lib/gcc/arm-none-eabi/4.9.3/../../../../arm-none-eabi/lib/armv7-m\libg.a(lib_a-__call_atexit.o)
 .ARM.attributes
                0x00000453       0x2d d:/programs/stm/gnu/4.9 2015q2/bin/../lib/gcc/arm-none-eabi/4.9.3/../../../../arm-none-eabi/lib/armv7-m\libg.a(lib_a-atexit.o)
 .ARM.attributes
                0x00000480       0x2d d:/programs/stm/gnu/4.9 2015q2/bin/../lib/gcc/arm-none-eabi/4.9.3/../../../../arm-none-eabi/lib/armv7-m\libg.a(lib_a-fini.o)
 .ARM.attributes
                0x000004ad       0x2d d:/programs/stm/gnu/4.9 2015q2/bin/../lib/gcc/arm-none-eabi/4.9.3/../../../../arm-none-eabi/lib/armv7-m\libg.a(lib_a-__atexit.o)
 .ARM.attributes
                0x000004da       0x2d d:/programs/stm/gnu/4.9 2015q2/bin/../lib/gcc/arm-none-eabi/4.9.3/armv7-m/crtend.o
 .ARM.attributes
                0x00000507       0x1d d:/programs/stm/gnu/4.9 2015q2/bin/../lib/gcc/arm-none-eabi/4.9.3/armv7-m/crtn.o

.comment        0x00000000       0x70
 .comment       0x00000000       0x70 ..\obj\stm32f10x_gpio.o
                                 0x71 (size before relaxing)
 .comment       0x00000000       0x71 ..\obj\nokia1100_lcd_lib.o
 .comment       0x00000000       0x71 ..\obj\adc.o
 .comment       0x00000000       0x71 ..\obj\encoder.o
 .comment       0x00000000       0x71 ..\obj\system_stm32f10x.o
 .comment       0x00000000       0x71 ..\obj\stm32f10x_adc.o
 .comment       0x00000000       0x71 ..\obj\stm32f10x_rcc.o
 .comment       0x00000000       0x71 ..\obj\images_printing.o
 .comment       0x00000000       0x71 ..\obj\stm32f10x_tim.o
 .comment       0x00000000       0x71 ..\obj\led.o
 .comment       0x00000000       0x71 ..\obj\cooler.o
 .comment       0x00000000       0x71 ..\obj\timers.o
 .comment       0x00000000       0x71 ..\obj\common.o
 .comment       0x00000000       0x71 ..\obj\misc.o
 .comment       0x00000000       0x71 ..\obj\main.o

.debug_line     0x00000000     0x32e1
 .debug_line    0x00000000       0xf0 ..\obj\startup_stm32f10x_hd_vl.o
 .debug_line    0x000000f0      0x2cd ..\obj\stm32f10x_gpio.o
 .debug_line    0x000003bd      0x414 ..\obj\nokia1100_lcd_lib.o
 .debug_line    0x000007d1      0x392 ..\obj\adc.o
 .debug_line    0x00000b63      0x2f6 ..\obj\encoder.o
 .debug_line    0x00000e59      0x250 ..\obj\system_stm32f10x.o
 .debug_line    0x000010a9      0x33f ..\obj\stm32f10x_adc.o
 .debug_line    0x000013e8      0x333 ..\obj\stm32f10x_rcc.o
 .debug_line    0x0000171b      0x3d5 ..\obj\images_printing.o
 .debug_line    0x00001af0      0x63a ..\obj\stm32f10x_tim.o
 .debug_line    0x0000212a      0x269 ..\obj\led.o
 .debug_line    0x00002393      0x300 ..\obj\cooler.o
 .debug_line    0x00002693      0x32f ..\obj\timers.o
 .debug_line    0x000029c2      0x248 ..\obj\common.o
 .debug_line    0x00002c0a      0x207 ..\obj\misc.o
 .debug_line    0x00002e11      0x4d0 ..\obj\main.o

.debug_info     0x00000000     0x82aa
 .debug_info    0x00000000      0x117 ..\obj\startup_stm32f10x_hd_vl.o
 .debug_info    0x00000117      0x6e7 ..\obj\stm32f10x_gpio.o
 .debug_info    0x000007fe      0x7a7 ..\obj\nokia1100_lcd_lib.o
 .debug_info    0x00000fa5      0xa7f ..\obj\adc.o
 .debug_info    0x00001a24      0x96f ..\obj\encoder.o
 .debug_info    0x00002393      0x41a ..\obj\system_stm32f10x.o
 .debug_info    0x000027ad      0xb74 ..\obj\stm32f10x_adc.o
 .debug_info    0x00003321      0x8fa ..\obj\stm32f10x_rcc.o
 .debug_info    0x00003c1b      0x7b4 ..\obj\images_printing.o
 .debug_info    0x000043cf     0x1c58 ..\obj\stm32f10x_tim.o
 .debug_info    0x00006027      0x340 ..\obj\led.o
 .debug_info    0x00006367      0x5b6 ..\obj\cooler.o
 .debug_info    0x0000691d      0x9d1 ..\obj\timers.o
 .debug_info    0x000072ee      0x2cc ..\obj\common.o
 .debug_info    0x000075ba      0x53d ..\obj\misc.o
 .debug_info    0x00007af7      0x7b3 ..\obj\main.o

.debug_abbrev   0x00000000     0x1774
 .debug_abbrev  0x00000000       0x12 ..\obj\startup_stm32f10x_hd_vl.o
 .debug_abbrev  0x00000012      0x1c8 ..\obj\stm32f10x_gpio.o
 .debug_abbrev  0x000001da      0x1c6 ..\obj\nokia1100_lcd_lib.o
 .debug_abbrev  0x000003a0      0x204 ..\obj\adc.o
 .debug_abbrev  0x000005a4      0x1cd ..\obj\encoder.o
 .debug_abbrev  0x00000771      0x14c ..\obj\system_stm32f10x.o
 .debug_abbrev  0x000008bd      0x198 ..\obj\stm32f10x_adc.o
 .debug_abbrev  0x00000a55      0x1ba ..\obj\stm32f10x_rcc.o
 .debug_abbrev  0x00000c0f      0x166 ..\obj\images_printing.o
 .debug_abbrev  0x00000d75      0x1b0 ..\obj\stm32f10x_tim.o
 .debug_abbrev  0x00000f25      0x153 ..\obj\led.o
 .debug_abbrev  0x00001078      0x142 ..\obj\cooler.o
 .debug_abbrev  0x000011ba      0x1a1 ..\obj\timers.o
 .debug_abbrev  0x0000135b      0x107 ..\obj\common.o
 .debug_abbrev  0x00001462      0x145 ..\obj\misc.o
 .debug_abbrev  0x000015a7      0x1cd ..\obj\main.o

.debug_aranges  0x00000000      0x208
 .debug_aranges
                0x00000000       0x28 ..\obj\startup_stm32f10x_hd_vl.o
 .debug_aranges
                0x00000028       0x20 ..\obj\stm32f10x_gpio.o
 .debug_aranges
                0x00000048       0x20 ..\obj\nokia1100_lcd_lib.o
 .debug_aranges
                0x00000068       0x20 ..\obj\adc.o
 .debug_aranges
                0x00000088       0x20 ..\obj\encoder.o
 .debug_aranges
                0x000000a8       0x20 ..\obj\system_stm32f10x.o
 .debug_aranges
                0x000000c8       0x20 ..\obj\stm32f10x_adc.o
 .debug_aranges
                0x000000e8       0x20 ..\obj\stm32f10x_rcc.o
 .debug_aranges
                0x00000108       0x20 ..\obj\images_printing.o
 .debug_aranges
                0x00000128       0x20 ..\obj\stm32f10x_tim.o
 .debug_aranges
                0x00000148       0x20 ..\obj\led.o
 .debug_aranges
                0x00000168       0x20 ..\obj\cooler.o
 .debug_aranges
                0x00000188       0x20 ..\obj\timers.o
 .debug_aranges
                0x000001a8       0x20 ..\obj\common.o
 .debug_aranges
                0x000001c8       0x20 ..\obj\misc.o
 .debug_aranges
                0x000001e8       0x20 ..\obj\main.o

.debug_ranges   0x00000000       0x20
 .debug_ranges  0x00000000       0x20 ..\obj\startup_stm32f10x_hd_vl.o

.debug_str      0x00000000     0x2ee9
 .debug_str     0x00000000      0x502 ..\obj\stm32f10x_gpio.o
                                0x558 (size before relaxing)
 .debug_str     0x00000502      0x200 ..\obj\nokia1100_lcd_lib.o
                                0x485 (size before relaxing)
 .debug_str     0x00000702      0x81e ..\obj\adc.o
                                0xae1 (size before relaxing)
 .debug_str     0x00000f20      0x1ca ..\obj\encoder.o
                                0x9d8 (size before relaxing)
 .debug_str     0x000010ea      0x1ad ..\obj\system_stm32f10x.o
                                0x31a (size before relaxing)
 .debug_str     0x00001297      0x4b6 ..\obj\stm32f10x_adc.o
                                0x73a (size before relaxing)
 .debug_str     0x0000174d      0x467 ..\obj\stm32f10x_rcc.o
                                0x6ac (size before relaxing)
 .debug_str     0x00001bb4      0x324 ..\obj\images_printing.o
                                0x565 (size before relaxing)
 .debug_str     0x00001ed8      0xaa9 ..\obj\stm32f10x_tim.o
                                0xe1c (size before relaxing)
 .debug_str     0x00002981       0xa0 ..\obj\led.o
                                0x35f (size before relaxing)
 .debug_str     0x00002a21       0x7e ..\obj\cooler.o
                                0x4f8 (size before relaxing)
 .debug_str     0x00002a9f       0xcd ..\obj\timers.o
                                0xa0c (size before relaxing)
 .debug_str     0x00002b6c       0xc1 ..\obj\common.o
                                0x2e8 (size before relaxing)
 .debug_str     0x00002c2d      0x16b ..\obj\misc.o
                                0x3fd (size before relaxing)
 .debug_str     0x00002d98      0x151 ..\obj\main.o
                                0x618 (size before relaxing)

.debug_frame    0x00000000     0x285c
 .debug_frame   0x00000000      0x2d0 ..\obj\stm32f10x_gpio.o
 .debug_frame   0x000002d0      0x288 ..\obj\nokia1100_lcd_lib.o
 .debug_frame   0x00000558      0x104 ..\obj\adc.o
 .debug_frame   0x0000065c       0xe0 ..\obj\encoder.o
 .debug_frame   0x0000073c       0x98 ..\obj\system_stm32f10x.o
 .debug_frame   0x000007d4      0x5a4 ..\obj\stm32f10x_adc.o
 .debug_frame   0x00000d78      0x51c ..\obj\stm32f10x_rcc.o
 .debug_frame   0x00001294      0x1c0 ..\obj\images_printing.o
 .debug_frame   0x00001454      0xe2c ..\obj\stm32f10x_tim.o
 .debug_frame   0x00002280       0xd0 ..\obj\led.o
 .debug_frame   0x00002350       0x88 ..\obj\cooler.o
 .debug_frame   0x000023d8       0xe4 ..\obj\timers.o
 .debug_frame   0x000024bc       0xb0 ..\obj\common.o
 .debug_frame   0x0000256c       0xd8 ..\obj\misc.o
 .debug_frame   0x00002644      0x140 ..\obj\main.o
 .debug_frame   0x00002784       0x50 d:/programs/stm/gnu/4.9 2015q2/bin/../lib/gcc/arm-none-eabi/4.9.3/../../../../arm-none-eabi/lib/armv7-m\libg.a(lib_a-__call_atexit.o)
 .debug_frame   0x000027d4       0x20 d:/programs/stm/gnu/4.9 2015q2/bin/../lib/gcc/arm-none-eabi/4.9.3/../../../../arm-none-eabi/lib/armv7-m\libg.a(lib_a-atexit.o)
 .debug_frame   0x000027f4       0x34 d:/programs/stm/gnu/4.9 2015q2/bin/../lib/gcc/arm-none-eabi/4.9.3/../../../../arm-none-eabi/lib/armv7-m\libg.a(lib_a-fini.o)
 .debug_frame   0x00002828       0x34 d:/programs/stm/gnu/4.9 2015q2/bin/../lib/gcc/arm-none-eabi/4.9.3/../../../../arm-none-eabi/lib/armv7-m\libg.a(lib_a-__atexit.o)
