00:07:04 **** Build of configuration Debug for project stm32f100rb_stdperiph_lib ****
make all 
Building file: ../StdPeriph_Driver/src/misc.c
Invoking: MCU GCC Compiler
%cd%
arm-none-eabi-gcc -mcpu=cortex-m3 -mthumb -mfloat-abi=soft -DSTM32F100RBTx -DSTM32F1 -DSTM32 -DUSE_STDPERIPH_DRIVER -DSTM32F10X_MD_VL -I"/home/olexijko/PROGRAMMING/stm/charge_dev_fimw/eclipse_project/stm32f100rb_stdperiph_lib/StdPeriph_Driver/inc" -I"/home/olexijko/PROGRAMMING/stm/charge_dev_fimw/eclipse_project/stm32f100rb_stdperiph_lib/CMSIS/device" -I"/home/olexijko/PROGRAMMING/stm/charge_dev_fimw/eclipse_project/stm32f100rb_stdperiph_lib/CMSIS/core" -O0 -g3 -Wall -fmessage-length=0 -ffunction-sections -c -MMD -MP -MF"StdPeriph_Driver/src/misc.d" -MT"StdPeriph_Driver/src/misc.o" -o "StdPeriph_Driver/src/misc.o" "../StdPeriph_Driver/src/misc.c"
Finished building: ../StdPeriph_Driver/src/misc.c
 
Building file: ../StdPeriph_Driver/src/stm32f10x_adc.c
Invoking: MCU GCC Compiler
%cd%
arm-none-eabi-gcc -mcpu=cortex-m3 -mthumb -mfloat-abi=soft -DSTM32F100RBTx -DSTM32F1 -DSTM32 -DUSE_STDPERIPH_DRIVER -DSTM32F10X_MD_VL -I"/home/olexijko/PROGRAMMING/stm/charge_dev_fimw/eclipse_project/stm32f100rb_stdperiph_lib/StdPeriph_Driver/inc" -I"/home/olexijko/PROGRAMMING/stm/charge_dev_fimw/eclipse_project/stm32f100rb_stdperiph_lib/CMSIS/device" -I"/home/olexijko/PROGRAMMING/stm/charge_dev_fimw/eclipse_project/stm32f100rb_stdperiph_lib/CMSIS/core" -O0 -g3 -Wall -fmessage-length=0 -ffunction-sections -c -MMD -MP -MF"StdPeriph_Driver/src/stm32f10x_adc.d" -MT"StdPeriph_Driver/src/stm32f10x_adc.o" -o "StdPeriph_Driver/src/stm32f10x_adc.o" "../StdPeriph_Driver/src/stm32f10x_adc.c"
Finished building: ../StdPeriph_Driver/src/stm32f10x_adc.c
 
Building file: ../StdPeriph_Driver/src/stm32f10x_bkp.c
Invoking: MCU GCC Compiler
%cd%
arm-none-eabi-gcc -mcpu=cortex-m3 -mthumb -mfloat-abi=soft -DSTM32F100RBTx -DSTM32F1 -DSTM32 -DUSE_STDPERIPH_DRIVER -DSTM32F10X_MD_VL -I"/home/olexijko/PROGRAMMING/stm/charge_dev_fimw/eclipse_project/stm32f100rb_stdperiph_lib/StdPeriph_Driver/inc" -I"/home/olexijko/PROGRAMMING/stm/charge_dev_fimw/eclipse_project/stm32f100rb_stdperiph_lib/CMSIS/device" -I"/home/olexijko/PROGRAMMING/stm/charge_dev_fimw/eclipse_project/stm32f100rb_stdperiph_lib/CMSIS/core" -O0 -g3 -Wall -fmessage-length=0 -ffunction-sections -c -MMD -MP -MF"StdPeriph_Driver/src/stm32f10x_bkp.d" -MT"StdPeriph_Driver/src/stm32f10x_bkp.o" -o "StdPeriph_Driver/src/stm32f10x_bkp.o" "../StdPeriph_Driver/src/stm32f10x_bkp.c"
Finished building: ../StdPeriph_Driver/src/stm32f10x_bkp.c
 
Building file: ../StdPeriph_Driver/src/stm32f10x_can.c
Invoking: MCU GCC Compiler
%cd%
arm-none-eabi-gcc -mcpu=cortex-m3 -mthumb -mfloat-abi=soft -DSTM32F100RBTx -DSTM32F1 -DSTM32 -DUSE_STDPERIPH_DRIVER -DSTM32F10X_MD_VL -I"/home/olexijko/PROGRAMMING/stm/charge_dev_fimw/eclipse_project/stm32f100rb_stdperiph_lib/StdPeriph_Driver/inc" -I"/home/olexijko/PROGRAMMING/stm/charge_dev_fimw/eclipse_project/stm32f100rb_stdperiph_lib/CMSIS/device" -I"/home/olexijko/PROGRAMMING/stm/charge_dev_fimw/eclipse_project/stm32f100rb_stdperiph_lib/CMSIS/core" -O0 -g3 -Wall -fmessage-length=0 -ffunction-sections -c -MMD -MP -MF"StdPeriph_Driver/src/stm32f10x_can.d" -MT"StdPeriph_Driver/src/stm32f10x_can.o" -o "StdPeriph_Driver/src/stm32f10x_can.o" "../StdPeriph_Driver/src/stm32f10x_can.c"
Finished building: ../StdPeriph_Driver/src/stm32f10x_can.c
 
Building file: ../StdPeriph_Driver/src/stm32f10x_cec.c
Invoking: MCU GCC Compiler
%cd%
arm-none-eabi-gcc -mcpu=cortex-m3 -mthumb -mfloat-abi=soft -DSTM32F100RBTx -DSTM32F1 -DSTM32 -DUSE_STDPERIPH_DRIVER -DSTM32F10X_MD_VL -I"/home/olexijko/PROGRAMMING/stm/charge_dev_fimw/eclipse_project/stm32f100rb_stdperiph_lib/StdPeriph_Driver/inc" -I"/home/olexijko/PROGRAMMING/stm/charge_dev_fimw/eclipse_project/stm32f100rb_stdperiph_lib/CMSIS/device" -I"/home/olexijko/PROGRAMMING/stm/charge_dev_fimw/eclipse_project/stm32f100rb_stdperiph_lib/CMSIS/core" -O0 -g3 -Wall -fmessage-length=0 -ffunction-sections -c -MMD -MP -MF"StdPeriph_Driver/src/stm32f10x_cec.d" -MT"StdPeriph_Driver/src/stm32f10x_cec.o" -o "StdPeriph_Driver/src/stm32f10x_cec.o" "../StdPeriph_Driver/src/stm32f10x_cec.c"
Finished building: ../StdPeriph_Driver/src/stm32f10x_cec.c
 
Building file: ../StdPeriph_Driver/src/stm32f10x_crc.c
Invoking: MCU GCC Compiler
%cd%
arm-none-eabi-gcc -mcpu=cortex-m3 -mthumb -mfloat-abi=soft -DSTM32F100RBTx -DSTM32F1 -DSTM32 -DUSE_STDPERIPH_DRIVER -DSTM32F10X_MD_VL -I"/home/olexijko/PROGRAMMING/stm/charge_dev_fimw/eclipse_project/stm32f100rb_stdperiph_lib/StdPeriph_Driver/inc" -I"/home/olexijko/PROGRAMMING/stm/charge_dev_fimw/eclipse_project/stm32f100rb_stdperiph_lib/CMSIS/device" -I"/home/olexijko/PROGRAMMING/stm/charge_dev_fimw/eclipse_project/stm32f100rb_stdperiph_lib/CMSIS/core" -O0 -g3 -Wall -fmessage-length=0 -ffunction-sections -c -MMD -MP -MF"StdPeriph_Driver/src/stm32f10x_crc.d" -MT"StdPeriph_Driver/src/stm32f10x_crc.o" -o "StdPeriph_Driver/src/stm32f10x_crc.o" "../StdPeriph_Driver/src/stm32f10x_crc.c"
Finished building: ../StdPeriph_Driver/src/stm32f10x_crc.c
 
Building file: ../StdPeriph_Driver/src/stm32f10x_dac.c
Invoking: MCU GCC Compiler
%cd%
arm-none-eabi-gcc -mcpu=cortex-m3 -mthumb -mfloat-abi=soft -DSTM32F100RBTx -DSTM32F1 -DSTM32 -DUSE_STDPERIPH_DRIVER -DSTM32F10X_MD_VL -I"/home/olexijko/PROGRAMMING/stm/charge_dev_fimw/eclipse_project/stm32f100rb_stdperiph_lib/StdPeriph_Driver/inc" -I"/home/olexijko/PROGRAMMING/stm/charge_dev_fimw/eclipse_project/stm32f100rb_stdperiph_lib/CMSIS/device" -I"/home/olexijko/PROGRAMMING/stm/charge_dev_fimw/eclipse_project/stm32f100rb_stdperiph_lib/CMSIS/core" -O0 -g3 -Wall -fmessage-length=0 -ffunction-sections -c -MMD -MP -MF"StdPeriph_Driver/src/stm32f10x_dac.d" -MT"StdPeriph_Driver/src/stm32f10x_dac.o" -o "StdPeriph_Driver/src/stm32f10x_dac.o" "../StdPeriph_Driver/src/stm32f10x_dac.c"
Finished building: ../StdPeriph_Driver/src/stm32f10x_dac.c
 
Building file: ../StdPeriph_Driver/src/stm32f10x_dbgmcu.c
Invoking: MCU GCC Compiler
%cd%
arm-none-eabi-gcc -mcpu=cortex-m3 -mthumb -mfloat-abi=soft -DSTM32F100RBTx -DSTM32F1 -DSTM32 -DUSE_STDPERIPH_DRIVER -DSTM32F10X_MD_VL -I"/home/olexijko/PROGRAMMING/stm/charge_dev_fimw/eclipse_project/stm32f100rb_stdperiph_lib/StdPeriph_Driver/inc" -I"/home/olexijko/PROGRAMMING/stm/charge_dev_fimw/eclipse_project/stm32f100rb_stdperiph_lib/CMSIS/device" -I"/home/olexijko/PROGRAMMING/stm/charge_dev_fimw/eclipse_project/stm32f100rb_stdperiph_lib/CMSIS/core" -O0 -g3 -Wall -fmessage-length=0 -ffunction-sections -c -MMD -MP -MF"StdPeriph_Driver/src/stm32f10x_dbgmcu.d" -MT"StdPeriph_Driver/src/stm32f10x_dbgmcu.o" -o "StdPeriph_Driver/src/stm32f10x_dbgmcu.o" "../StdPeriph_Driver/src/stm32f10x_dbgmcu.c"
Finished building: ../StdPeriph_Driver/src/stm32f10x_dbgmcu.c
 
Building file: ../StdPeriph_Driver/src/stm32f10x_dma.c
Invoking: MCU GCC Compiler
%cd%
arm-none-eabi-gcc -mcpu=cortex-m3 -mthumb -mfloat-abi=soft -DSTM32F100RBTx -DSTM32F1 -DSTM32 -DUSE_STDPERIPH_DRIVER -DSTM32F10X_MD_VL -I"/home/olexijko/PROGRAMMING/stm/charge_dev_fimw/eclipse_project/stm32f100rb_stdperiph_lib/StdPeriph_Driver/inc" -I"/home/olexijko/PROGRAMMING/stm/charge_dev_fimw/eclipse_project/stm32f100rb_stdperiph_lib/CMSIS/device" -I"/home/olexijko/PROGRAMMING/stm/charge_dev_fimw/eclipse_project/stm32f100rb_stdperiph_lib/CMSIS/core" -O0 -g3 -Wall -fmessage-length=0 -ffunction-sections -c -MMD -MP -MF"StdPeriph_Driver/src/stm32f10x_dma.d" -MT"StdPeriph_Driver/src/stm32f10x_dma.o" -o "StdPeriph_Driver/src/stm32f10x_dma.o" "../StdPeriph_Driver/src/stm32f10x_dma.c"
Finished building: ../StdPeriph_Driver/src/stm32f10x_dma.c
 
Building file: ../StdPeriph_Driver/src/stm32f10x_exti.c
Invoking: MCU GCC Compiler
%cd%
arm-none-eabi-gcc -mcpu=cortex-m3 -mthumb -mfloat-abi=soft -DSTM32F100RBTx -DSTM32F1 -DSTM32 -DUSE_STDPERIPH_DRIVER -DSTM32F10X_MD_VL -I"/home/olexijko/PROGRAMMING/stm/charge_dev_fimw/eclipse_project/stm32f100rb_stdperiph_lib/StdPeriph_Driver/inc" -I"/home/olexijko/PROGRAMMING/stm/charge_dev_fimw/eclipse_project/stm32f100rb_stdperiph_lib/CMSIS/device" -I"/home/olexijko/PROGRAMMING/stm/charge_dev_fimw/eclipse_project/stm32f100rb_stdperiph_lib/CMSIS/core" -O0 -g3 -Wall -fmessage-length=0 -ffunction-sections -c -MMD -MP -MF"StdPeriph_Driver/src/stm32f10x_exti.d" -MT"StdPeriph_Driver/src/stm32f10x_exti.o" -o "StdPeriph_Driver/src/stm32f10x_exti.o" "../StdPeriph_Driver/src/stm32f10x_exti.c"
Finished building: ../StdPeriph_Driver/src/stm32f10x_exti.c
 
Building file: ../StdPeriph_Driver/src/stm32f10x_flash.c
Invoking: MCU GCC Compiler
%cd%
arm-none-eabi-gcc -mcpu=cortex-m3 -mthumb -mfloat-abi=soft -DSTM32F100RBTx -DSTM32F1 -DSTM32 -DUSE_STDPERIPH_DRIVER -DSTM32F10X_MD_VL -I"/home/olexijko/PROGRAMMING/stm/charge_dev_fimw/eclipse_project/stm32f100rb_stdperiph_lib/StdPeriph_Driver/inc" -I"/home/olexijko/PROGRAMMING/stm/charge_dev_fimw/eclipse_project/stm32f100rb_stdperiph_lib/CMSIS/device" -I"/home/olexijko/PROGRAMMING/stm/charge_dev_fimw/eclipse_project/stm32f100rb_stdperiph_lib/CMSIS/core" -O0 -g3 -Wall -fmessage-length=0 -ffunction-sections -c -MMD -MP -MF"StdPeriph_Driver/src/stm32f10x_flash.d" -MT"StdPeriph_Driver/src/stm32f10x_flash.o" -o "StdPeriph_Driver/src/stm32f10x_flash.o" "../StdPeriph_Driver/src/stm32f10x_flash.c"
Finished building: ../StdPeriph_Driver/src/stm32f10x_flash.c
 
Building file: ../StdPeriph_Driver/src/stm32f10x_fsmc.c
Invoking: MCU GCC Compiler
%cd%
arm-none-eabi-gcc -mcpu=cortex-m3 -mthumb -mfloat-abi=soft -DSTM32F100RBTx -DSTM32F1 -DSTM32 -DUSE_STDPERIPH_DRIVER -DSTM32F10X_MD_VL -I"/home/olexijko/PROGRAMMING/stm/charge_dev_fimw/eclipse_project/stm32f100rb_stdperiph_lib/StdPeriph_Driver/inc" -I"/home/olexijko/PROGRAMMING/stm/charge_dev_fimw/eclipse_project/stm32f100rb_stdperiph_lib/CMSIS/device" -I"/home/olexijko/PROGRAMMING/stm/charge_dev_fimw/eclipse_project/stm32f100rb_stdperiph_lib/CMSIS/core" -O0 -g3 -Wall -fmessage-length=0 -ffunction-sections -c -MMD -MP -MF"StdPeriph_Driver/src/stm32f10x_fsmc.d" -MT"StdPeriph_Driver/src/stm32f10x_fsmc.o" -o "StdPeriph_Driver/src/stm32f10x_fsmc.o" "../StdPeriph_Driver/src/stm32f10x_fsmc.c"
Finished building: ../StdPeriph_Driver/src/stm32f10x_fsmc.c
 
Building file: ../StdPeriph_Driver/src/stm32f10x_gpio.c
Invoking: MCU GCC Compiler
%cd%
arm-none-eabi-gcc -mcpu=cortex-m3 -mthumb -mfloat-abi=soft -DSTM32F100RBTx -DSTM32F1 -DSTM32 -DUSE_STDPERIPH_DRIVER -DSTM32F10X_MD_VL -I"/home/olexijko/PROGRAMMING/stm/charge_dev_fimw/eclipse_project/stm32f100rb_stdperiph_lib/StdPeriph_Driver/inc" -I"/home/olexijko/PROGRAMMING/stm/charge_dev_fimw/eclipse_project/stm32f100rb_stdperiph_lib/CMSIS/device" -I"/home/olexijko/PROGRAMMING/stm/charge_dev_fimw/eclipse_project/stm32f100rb_stdperiph_lib/CMSIS/core" -O0 -g3 -Wall -fmessage-length=0 -ffunction-sections -c -MMD -MP -MF"StdPeriph_Driver/src/stm32f10x_gpio.d" -MT"StdPeriph_Driver/src/stm32f10x_gpio.o" -o "StdPeriph_Driver/src/stm32f10x_gpio.o" "../StdPeriph_Driver/src/stm32f10x_gpio.c"
Finished building: ../StdPeriph_Driver/src/stm32f10x_gpio.c
 
Building file: ../StdPeriph_Driver/src/stm32f10x_i2c.c
Invoking: MCU GCC Compiler
%cd%
arm-none-eabi-gcc -mcpu=cortex-m3 -mthumb -mfloat-abi=soft -DSTM32F100RBTx -DSTM32F1 -DSTM32 -DUSE_STDPERIPH_DRIVER -DSTM32F10X_MD_VL -I"/home/olexijko/PROGRAMMING/stm/charge_dev_fimw/eclipse_project/stm32f100rb_stdperiph_lib/StdPeriph_Driver/inc" -I"/home/olexijko/PROGRAMMING/stm/charge_dev_fimw/eclipse_project/stm32f100rb_stdperiph_lib/CMSIS/device" -I"/home/olexijko/PROGRAMMING/stm/charge_dev_fimw/eclipse_project/stm32f100rb_stdperiph_lib/CMSIS/core" -O0 -g3 -Wall -fmessage-length=0 -ffunction-sections -c -MMD -MP -MF"StdPeriph_Driver/src/stm32f10x_i2c.d" -MT"StdPeriph_Driver/src/stm32f10x_i2c.o" -o "StdPeriph_Driver/src/stm32f10x_i2c.o" "../StdPeriph_Driver/src/stm32f10x_i2c.c"
Finished building: ../StdPeriph_Driver/src/stm32f10x_i2c.c
 
Building file: ../StdPeriph_Driver/src/stm32f10x_iwdg.c
Invoking: MCU GCC Compiler
%cd%
arm-none-eabi-gcc -mcpu=cortex-m3 -mthumb -mfloat-abi=soft -DSTM32F100RBTx -DSTM32F1 -DSTM32 -DUSE_STDPERIPH_DRIVER -DSTM32F10X_MD_VL -I"/home/olexijko/PROGRAMMING/stm/charge_dev_fimw/eclipse_project/stm32f100rb_stdperiph_lib/StdPeriph_Driver/inc" -I"/home/olexijko/PROGRAMMING/stm/charge_dev_fimw/eclipse_project/stm32f100rb_stdperiph_lib/CMSIS/device" -I"/home/olexijko/PROGRAMMING/stm/charge_dev_fimw/eclipse_project/stm32f100rb_stdperiph_lib/CMSIS/core" -O0 -g3 -Wall -fmessage-length=0 -ffunction-sections -c -MMD -MP -MF"StdPeriph_Driver/src/stm32f10x_iwdg.d" -MT"StdPeriph_Driver/src/stm32f10x_iwdg.o" -o "StdPeriph_Driver/src/stm32f10x_iwdg.o" "../StdPeriph_Driver/src/stm32f10x_iwdg.c"
Finished building: ../StdPeriph_Driver/src/stm32f10x_iwdg.c
 
Building file: ../StdPeriph_Driver/src/stm32f10x_pwr.c
Invoking: MCU GCC Compiler
%cd%
arm-none-eabi-gcc -mcpu=cortex-m3 -mthumb -mfloat-abi=soft -DSTM32F100RBTx -DSTM32F1 -DSTM32 -DUSE_STDPERIPH_DRIVER -DSTM32F10X_MD_VL -I"/home/olexijko/PROGRAMMING/stm/charge_dev_fimw/eclipse_project/stm32f100rb_stdperiph_lib/StdPeriph_Driver/inc" -I"/home/olexijko/PROGRAMMING/stm/charge_dev_fimw/eclipse_project/stm32f100rb_stdperiph_lib/CMSIS/device" -I"/home/olexijko/PROGRAMMING/stm/charge_dev_fimw/eclipse_project/stm32f100rb_stdperiph_lib/CMSIS/core" -O0 -g3 -Wall -fmessage-length=0 -ffunction-sections -c -MMD -MP -MF"StdPeriph_Driver/src/stm32f10x_pwr.d" -MT"StdPeriph_Driver/src/stm32f10x_pwr.o" -o "StdPeriph_Driver/src/stm32f10x_pwr.o" "../StdPeriph_Driver/src/stm32f10x_pwr.c"
Finished building: ../StdPeriph_Driver/src/stm32f10x_pwr.c
 
Building file: ../StdPeriph_Driver/src/stm32f10x_rcc.c
Invoking: MCU GCC Compiler
%cd%
arm-none-eabi-gcc -mcpu=cortex-m3 -mthumb -mfloat-abi=soft -DSTM32F100RBTx -DSTM32F1 -DSTM32 -DUSE_STDPERIPH_DRIVER -DSTM32F10X_MD_VL -I"/home/olexijko/PROGRAMMING/stm/charge_dev_fimw/eclipse_project/stm32f100rb_stdperiph_lib/StdPeriph_Driver/inc" -I"/home/olexijko/PROGRAMMING/stm/charge_dev_fimw/eclipse_project/stm32f100rb_stdperiph_lib/CMSIS/device" -I"/home/olexijko/PROGRAMMING/stm/charge_dev_fimw/eclipse_project/stm32f100rb_stdperiph_lib/CMSIS/core" -O0 -g3 -Wall -fmessage-length=0 -ffunction-sections -c -MMD -MP -MF"StdPeriph_Driver/src/stm32f10x_rcc.d" -MT"StdPeriph_Driver/src/stm32f10x_rcc.o" -o "StdPeriph_Driver/src/stm32f10x_rcc.o" "../StdPeriph_Driver/src/stm32f10x_rcc.c"
Finished building: ../StdPeriph_Driver/src/stm32f10x_rcc.c
 
Building file: ../StdPeriph_Driver/src/stm32f10x_rtc.c
Invoking: MCU GCC Compiler
%cd%
arm-none-eabi-gcc -mcpu=cortex-m3 -mthumb -mfloat-abi=soft -DSTM32F100RBTx -DSTM32F1 -DSTM32 -DUSE_STDPERIPH_DRIVER -DSTM32F10X_MD_VL -I"/home/olexijko/PROGRAMMING/stm/charge_dev_fimw/eclipse_project/stm32f100rb_stdperiph_lib/StdPeriph_Driver/inc" -I"/home/olexijko/PROGRAMMING/stm/charge_dev_fimw/eclipse_project/stm32f100rb_stdperiph_lib/CMSIS/device" -I"/home/olexijko/PROGRAMMING/stm/charge_dev_fimw/eclipse_project/stm32f100rb_stdperiph_lib/CMSIS/core" -O0 -g3 -Wall -fmessage-length=0 -ffunction-sections -c -MMD -MP -MF"StdPeriph_Driver/src/stm32f10x_rtc.d" -MT"StdPeriph_Driver/src/stm32f10x_rtc.o" -o "StdPeriph_Driver/src/stm32f10x_rtc.o" "../StdPeriph_Driver/src/stm32f10x_rtc.c"
Finished building: ../StdPeriph_Driver/src/stm32f10x_rtc.c
 
Building file: ../StdPeriph_Driver/src/stm32f10x_sdio.c
Invoking: MCU GCC Compiler
%cd%
arm-none-eabi-gcc -mcpu=cortex-m3 -mthumb -mfloat-abi=soft -DSTM32F100RBTx -DSTM32F1 -DSTM32 -DUSE_STDPERIPH_DRIVER -DSTM32F10X_MD_VL -I"/home/olexijko/PROGRAMMING/stm/charge_dev_fimw/eclipse_project/stm32f100rb_stdperiph_lib/StdPeriph_Driver/inc" -I"/home/olexijko/PROGRAMMING/stm/charge_dev_fimw/eclipse_project/stm32f100rb_stdperiph_lib/CMSIS/device" -I"/home/olexijko/PROGRAMMING/stm/charge_dev_fimw/eclipse_project/stm32f100rb_stdperiph_lib/CMSIS/core" -O0 -g3 -Wall -fmessage-length=0 -ffunction-sections -c -MMD -MP -MF"StdPeriph_Driver/src/stm32f10x_sdio.d" -MT"StdPeriph_Driver/src/stm32f10x_sdio.o" -o "StdPeriph_Driver/src/stm32f10x_sdio.o" "../StdPeriph_Driver/src/stm32f10x_sdio.c"
Finished building: ../StdPeriph_Driver/src/stm32f10x_sdio.c
 
Building file: ../StdPeriph_Driver/src/stm32f10x_spi.c
Invoking: MCU GCC Compiler
%cd%
arm-none-eabi-gcc -mcpu=cortex-m3 -mthumb -mfloat-abi=soft -DSTM32F100RBTx -DSTM32F1 -DSTM32 -DUSE_STDPERIPH_DRIVER -DSTM32F10X_MD_VL -I"/home/olexijko/PROGRAMMING/stm/charge_dev_fimw/eclipse_project/stm32f100rb_stdperiph_lib/StdPeriph_Driver/inc" -I"/home/olexijko/PROGRAMMING/stm/charge_dev_fimw/eclipse_project/stm32f100rb_stdperiph_lib/CMSIS/device" -I"/home/olexijko/PROGRAMMING/stm/charge_dev_fimw/eclipse_project/stm32f100rb_stdperiph_lib/CMSIS/core" -O0 -g3 -Wall -fmessage-length=0 -ffunction-sections -c -MMD -MP -MF"StdPeriph_Driver/src/stm32f10x_spi.d" -MT"StdPeriph_Driver/src/stm32f10x_spi.o" -o "StdPeriph_Driver/src/stm32f10x_spi.o" "../StdPeriph_Driver/src/stm32f10x_spi.c"
Finished building: ../StdPeriph_Driver/src/stm32f10x_spi.c
 
Building file: ../StdPeriph_Driver/src/stm32f10x_tim.c
Invoking: MCU GCC Compiler
%cd%
arm-none-eabi-gcc -mcpu=cortex-m3 -mthumb -mfloat-abi=soft -DSTM32F100RBTx -DSTM32F1 -DSTM32 -DUSE_STDPERIPH_DRIVER -DSTM32F10X_MD_VL -I"/home/olexijko/PROGRAMMING/stm/charge_dev_fimw/eclipse_project/stm32f100rb_stdperiph_lib/StdPeriph_Driver/inc" -I"/home/olexijko/PROGRAMMING/stm/charge_dev_fimw/eclipse_project/stm32f100rb_stdperiph_lib/CMSIS/device" -I"/home/olexijko/PROGRAMMING/stm/charge_dev_fimw/eclipse_project/stm32f100rb_stdperiph_lib/CMSIS/core" -O0 -g3 -Wall -fmessage-length=0 -ffunction-sections -c -MMD -MP -MF"StdPeriph_Driver/src/stm32f10x_tim.d" -MT"StdPeriph_Driver/src/stm32f10x_tim.o" -o "StdPeriph_Driver/src/stm32f10x_tim.o" "../StdPeriph_Driver/src/stm32f10x_tim.c"
Finished building: ../StdPeriph_Driver/src/stm32f10x_tim.c
 
Building file: ../StdPeriph_Driver/src/stm32f10x_usart.c
Invoking: MCU GCC Compiler
%cd%
arm-none-eabi-gcc -mcpu=cortex-m3 -mthumb -mfloat-abi=soft -DSTM32F100RBTx -DSTM32F1 -DSTM32 -DUSE_STDPERIPH_DRIVER -DSTM32F10X_MD_VL -I"/home/olexijko/PROGRAMMING/stm/charge_dev_fimw/eclipse_project/stm32f100rb_stdperiph_lib/StdPeriph_Driver/inc" -I"/home/olexijko/PROGRAMMING/stm/charge_dev_fimw/eclipse_project/stm32f100rb_stdperiph_lib/CMSIS/device" -I"/home/olexijko/PROGRAMMING/stm/charge_dev_fimw/eclipse_project/stm32f100rb_stdperiph_lib/CMSIS/core" -O0 -g3 -Wall -fmessage-length=0 -ffunction-sections -c -MMD -MP -MF"StdPeriph_Driver/src/stm32f10x_usart.d" -MT"StdPeriph_Driver/src/stm32f10x_usart.o" -o "StdPeriph_Driver/src/stm32f10x_usart.o" "../StdPeriph_Driver/src/stm32f10x_usart.c"
Finished building: ../StdPeriph_Driver/src/stm32f10x_usart.c
 
Building file: ../StdPeriph_Driver/src/stm32f10x_wwdg.c
Invoking: MCU GCC Compiler
%cd%
arm-none-eabi-gcc -mcpu=cortex-m3 -mthumb -mfloat-abi=soft -DSTM32F100RBTx -DSTM32F1 -DSTM32 -DUSE_STDPERIPH_DRIVER -DSTM32F10X_MD_VL -I"/home/olexijko/PROGRAMMING/stm/charge_dev_fimw/eclipse_project/stm32f100rb_stdperiph_lib/StdPeriph_Driver/inc" -I"/home/olexijko/PROGRAMMING/stm/charge_dev_fimw/eclipse_project/stm32f100rb_stdperiph_lib/CMSIS/device" -I"/home/olexijko/PROGRAMMING/stm/charge_dev_fimw/eclipse_project/stm32f100rb_stdperiph_lib/CMSIS/core" -O0 -g3 -Wall -fmessage-length=0 -ffunction-sections -c -MMD -MP -MF"StdPeriph_Driver/src/stm32f10x_wwdg.d" -MT"StdPeriph_Driver/src/stm32f10x_wwdg.o" -o "StdPeriph_Driver/src/stm32f10x_wwdg.o" "../StdPeriph_Driver/src/stm32f10x_wwdg.c"
Finished building: ../StdPeriph_Driver/src/stm32f10x_wwdg.c
 
Building file: ../CMSIS/core/core_cm3.c
Invoking: MCU GCC Compiler
%cd%
arm-none-eabi-gcc -mcpu=cortex-m3 -mthumb -mfloat-abi=soft -DSTM32F100RBTx -DSTM32F1 -DSTM32 -DUSE_STDPERIPH_DRIVER -DSTM32F10X_MD_VL -I"/home/olexijko/PROGRAMMING/stm/charge_dev_fimw/eclipse_project/stm32f100rb_stdperiph_lib/StdPeriph_Driver/inc" -I"/home/olexijko/PROGRAMMING/stm/charge_dev_fimw/eclipse_project/stm32f100rb_stdperiph_lib/CMSIS/device" -I"/home/olexijko/PROGRAMMING/stm/charge_dev_fimw/eclipse_project/stm32f100rb_stdperiph_lib/CMSIS/core" -O0 -g3 -Wall -fmessage-length=0 -ffunction-sections -c -MMD -MP -MF"CMSIS/core/core_cm3.d" -MT"CMSIS/core/core_cm3.o" -o "CMSIS/core/core_cm3.o" "../CMSIS/core/core_cm3.c"
Finished building: ../CMSIS/core/core_cm3.c
 
Building target: libstm32f100rb_stdperiph_lib.a
Invoking: MCU GCC Archiver
arm-none-eabi-ar -r  "libstm32f100rb_stdperiph_lib.a" @"objects.list"  
arm-none-eabi-ar: creating libstm32f100rb_stdperiph_lib.a
Finished building target: libstm32f100rb_stdperiph_lib.a
 
00:07:11 **** Incremental Build of configuration Debug for project charge_dev_v2 ****
make all 
Building file: ../src/timers/timers.c
Invoking: MCU GCC Compiler
%cd%
arm-none-eabi-gcc -mcpu=cortex-m3 -mthumb -mfloat-abi=soft -DSTM32F100RBTx -DSTM32F1 -DSTM32 -DDEBUG -DUSE_STDPERIPH_DRIVER -DSTM32F10X_MD_VL -I"/home/olexijko/PROGRAMMING/stm/charge_dev_fimw/eclipse_project/stm32f100rb_stdperiph_lib" -I"/home/olexijko/PROGRAMMING/stm/charge_dev_fimw/eclipse_project/charge_dev_v2/inc" -I"/home/olexijko/PROGRAMMING/stm/charge_dev_fimw/eclipse_project/charge_dev_v2/inc/lcd_1100" -I"/home/olexijko/PROGRAMMING/stm/charge_dev_fimw/eclipse_project/stm32f100rb_stdperiph_lib/StdPeriph_Driver/inc" -I"/home/olexijko/PROGRAMMING/stm/charge_dev_fimw/eclipse_project/stm32f100rb_stdperiph_lib/CMSIS/device" -I"/home/olexijko/PROGRAMMING/stm/charge_dev_fimw/eclipse_project/stm32f100rb_stdperiph_lib/CMSIS/core" -O0 -g3 -Wall -fmessage-length=0 -ffunction-sections -c -MMD -MP -MF"src/timers/timers.d" -MT"src/timers/timers.o" -o "src/timers/timers.o" "../src/timers/timers.c"
Finished building: ../src/timers/timers.c
 
Building file: ../src/led/led.c
Invoking: MCU GCC Compiler
%cd%
arm-none-eabi-gcc -mcpu=cortex-m3 -mthumb -mfloat-abi=soft -DSTM32F100RBTx -DSTM32F1 -DSTM32 -DDEBUG -DUSE_STDPERIPH_DRIVER -DSTM32F10X_MD_VL -I"/home/olexijko/PROGRAMMING/stm/charge_dev_fimw/eclipse_project/stm32f100rb_stdperiph_lib" -I"/home/olexijko/PROGRAMMING/stm/charge_dev_fimw/eclipse_project/charge_dev_v2/inc" -I"/home/olexijko/PROGRAMMING/stm/charge_dev_fimw/eclipse_project/charge_dev_v2/inc/lcd_1100" -I"/home/olexijko/PROGRAMMING/stm/charge_dev_fimw/eclipse_project/stm32f100rb_stdperiph_lib/StdPeriph_Driver/inc" -I"/home/olexijko/PROGRAMMING/stm/charge_dev_fimw/eclipse_project/stm32f100rb_stdperiph_lib/CMSIS/device" -I"/home/olexijko/PROGRAMMING/stm/charge_dev_fimw/eclipse_project/stm32f100rb_stdperiph_lib/CMSIS/core" -O0 -g3 -Wall -fmessage-length=0 -ffunction-sections -c -MMD -MP -MF"src/led/led.d" -MT"src/led/led.o" -o "src/led/led.o" "../src/led/led.c"
../src/led/led.c: In function 'initPort':
../src/led/led.c:15:12: warning: passing argument 1 of 'GPIO_Init' from incompatible pointer type
  GPIO_Init(led.port, &GPIO_InitStructure);
            ^
In file included from /home/olexijko/PROGRAMMING/stm/charge_dev_fimw/eclipse_project/stm32f100rb_stdperiph_lib/StdPeriph_Driver/inc/stm32f10x_conf.h:39:0,
                 from /home/olexijko/PROGRAMMING/stm/charge_dev_fimw/eclipse_project/stm32f100rb_stdperiph_lib/CMSIS/device/stm32f10x.h:8297,
                 from ../src/led/led.c:7:
/home/olexijko/PROGRAMMING/stm/charge_dev_fimw/eclipse_project/stm32f100rb_stdperiph_lib/StdPeriph_Driver/inc/stm32f10x_gpio.h:351:6: note: expected 'struct GPIO_TypeDef *' but argument is of type 'struct GPIO_TypeDef *'
 void GPIO_Init(GPIO_TypeDef* GPIOx, GPIO_InitTypeDef* GPIO_InitStruct);
      ^
../src/led/led.c: In function 'initLeds':
../src/led/led.c:23:16: warning: assignment from incompatible pointer type
  led1Blue.port = GPIOB;
                ^
../src/led/led.c:27:17: warning: assignment from incompatible pointer type
  led1Green.port = GPIOB;
                 ^
../src/led/led.c:31:15: warning: assignment from incompatible pointer type
  led1Red.port = GPIOC;
               ^
../src/led/led.c:35:16: warning: assignment from incompatible pointer type
  led2Blue.port = GPIOC;
                ^
../src/led/led.c:39:17: warning: assignment from incompatible pointer type
  led2Green.port = GPIOC;
                 ^
../src/led/led.c:43:15: warning: assignment from incompatible pointer type
  led2Red.port = GPIOC;
               ^
../src/led/led.c: In function 'ledSwitchOn':
../src/led/led.c:55:15: warning: passing argument 1 of 'GPIO_SetBits' from incompatible pointer type
  GPIO_SetBits(led.port, led.pin);
               ^
In file included from /home/olexijko/PROGRAMMING/stm/charge_dev_fimw/eclipse_project/stm32f100rb_stdperiph_lib/StdPeriph_Driver/inc/stm32f10x_conf.h:39:0,
                 from /home/olexijko/PROGRAMMING/stm/charge_dev_fimw/eclipse_project/stm32f100rb_stdperiph_lib/CMSIS/device/stm32f10x.h:8297,
                 from ../src/led/led.c:7:
/home/olexijko/PROGRAMMING/stm/charge_dev_fimw/eclipse_project/stm32f100rb_stdperiph_lib/StdPeriph_Driver/inc/stm32f10x_gpio.h:357:6: note: expected 'struct GPIO_TypeDef *' but argument is of type 'struct GPIO_TypeDef *'
 void GPIO_SetBits(GPIO_TypeDef* GPIOx, uint16_t GPIO_Pin);
      ^
../src/led/led.c: In function 'ledSwitchOff':
../src/led/led.c:59:17: warning: passing argument 1 of 'GPIO_ResetBits' from incompatible pointer type
  GPIO_ResetBits(led.port, led.pin);
                 ^
In file included from /home/olexijko/PROGRAMMING/stm/charge_dev_fimw/eclipse_project/stm32f100rb_stdperiph_lib/StdPeriph_Driver/inc/stm32f10x_conf.h:39:0,
                 from /home/olexijko/PROGRAMMING/stm/charge_dev_fimw/eclipse_project/stm32f100rb_stdperiph_lib/CMSIS/device/stm32f10x.h:8297,
                 from ../src/led/led.c:7:
/home/olexijko/PROGRAMMING/stm/charge_dev_fimw/eclipse_project/stm32f100rb_stdperiph_lib/StdPeriph_Driver/inc/stm32f10x_gpio.h:358:6: note: expected 'struct GPIO_TypeDef *' but argument is of type 'struct GPIO_TypeDef *'
 void GPIO_ResetBits(GPIO_TypeDef* GPIOx, uint16_t GPIO_Pin);
      ^
Finished building: ../src/led/led.c
 
Building file: ../src/encoder/encoder.c
Invoking: MCU GCC Compiler
%cd%
arm-none-eabi-gcc -mcpu=cortex-m3 -mthumb -mfloat-abi=soft -DSTM32F100RBTx -DSTM32F1 -DSTM32 -DDEBUG -DUSE_STDPERIPH_DRIVER -DSTM32F10X_MD_VL -I"/home/olexijko/PROGRAMMING/stm/charge_dev_fimw/eclipse_project/stm32f100rb_stdperiph_lib" -I"/home/olexijko/PROGRAMMING/stm/charge_dev_fimw/eclipse_project/charge_dev_v2/inc" -I"/home/olexijko/PROGRAMMING/stm/charge_dev_fimw/eclipse_project/charge_dev_v2/inc/lcd_1100" -I"/home/olexijko/PROGRAMMING/stm/charge_dev_fimw/eclipse_project/stm32f100rb_stdperiph_lib/StdPeriph_Driver/inc" -I"/home/olexijko/PROGRAMMING/stm/charge_dev_fimw/eclipse_project/stm32f100rb_stdperiph_lib/CMSIS/device" -I"/home/olexijko/PROGRAMMING/stm/charge_dev_fimw/eclipse_project/stm32f100rb_stdperiph_lib/CMSIS/core" -O0 -g3 -Wall -fmessage-length=0 -ffunction-sections -c -MMD -MP -MF"src/encoder/encoder.d" -MT"src/encoder/encoder.o" -o "src/encoder/encoder.o" "../src/encoder/encoder.c"
Finished building: ../src/encoder/encoder.c
 
Building file: ../src/display/images_printing.c
Invoking: MCU GCC Compiler
%cd%
arm-none-eabi-gcc -mcpu=cortex-m3 -mthumb -mfloat-abi=soft -DSTM32F100RBTx -DSTM32F1 -DSTM32 -DDEBUG -DUSE_STDPERIPH_DRIVER -DSTM32F10X_MD_VL -I"/home/olexijko/PROGRAMMING/stm/charge_dev_fimw/eclipse_project/stm32f100rb_stdperiph_lib" -I"/home/olexijko/PROGRAMMING/stm/charge_dev_fimw/eclipse_project/charge_dev_v2/inc" -I"/home/olexijko/PROGRAMMING/stm/charge_dev_fimw/eclipse_project/charge_dev_v2/inc/lcd_1100" -I"/home/olexijko/PROGRAMMING/stm/charge_dev_fimw/eclipse_project/stm32f100rb_stdperiph_lib/StdPeriph_Driver/inc" -I"/home/olexijko/PROGRAMMING/stm/charge_dev_fimw/eclipse_project/stm32f100rb_stdperiph_lib/CMSIS/device" -I"/home/olexijko/PROGRAMMING/stm/charge_dev_fimw/eclipse_project/stm32f100rb_stdperiph_lib/CMSIS/core" -O0 -g3 -Wall -fmessage-length=0 -ffunction-sections -c -MMD -MP -MF"src/display/images_printing.d" -MT"src/display/images_printing.o" -o "src/display/images_printing.o" "../src/display/images_printing.c"
In file included from ../src/display/images_printing.c:7:0:
../src/display/pictures.h:1726:2: warning: excess elements in array initializer
  0x00, 0x00, 0x00, 0x00};
  ^
../src/display/pictures.h:1726:2: warning: (near initialization for 'menuISymbol')
../src/display/pictures.h:1726:2: warning: excess elements in array initializer
../src/display/pictures.h:1726:2: warning: (near initialization for 'menuISymbol')
../src/display/pictures.h:1726:2: warning: excess elements in array initializer
../src/display/pictures.h:1726:2: warning: (near initialization for 'menuISymbol')
../src/display/pictures.h:1726:2: warning: excess elements in array initializer
../src/display/pictures.h:1726:2: warning: (near initialization for 'menuISymbol')
../src/display/pictures.h:1754:2: warning: excess elements in array initializer
  0x00, 0x00, 0x00, 0x00};
  ^
../src/display/pictures.h:1754:2: warning: (near initialization for 'menuAmperageSymbol')
../src/display/pictures.h:1754:2: warning: excess elements in array initializer
../src/display/pictures.h:1754:2: warning: (near initialization for 'menuAmperageSymbol')
../src/display/pictures.h:1754:2: warning: excess elements in array initializer
../src/display/pictures.h:1754:2: warning: (near initialization for 'menuAmperageSymbol')
../src/display/pictures.h:1754:2: warning: excess elements in array initializer
../src/display/pictures.h:1754:2: warning: (near initialization for 'menuAmperageSymbol')
../src/display/pictures.h:1820:5: warning: excess elements in array initializer
     0x00, 0x7F, 0xFF, 0xFF, 0xFF, 0xFF, 0xFF, 0x7F, 0x00}};
     ^
../src/display/pictures.h:1820:5: warning: (near initialization for 'power_images')
../src/display/pictures.h:1838:7: warning: excess elements in array initializer
       0x1F, 0x1F, 0x1F, 0x1F, 0x1F, 0x1F, 0x1F, 0x1F, 0x1F, 0x0F, 0x07, 0x00},
       ^
../src/display/pictures.h:1838:7: warning: (near initialization for 'additionalMenuDigitals[0]')
../src/display/images_printing.c: In function 'bootMessage':
../src/display/images_printing.c:17:19: warning: passing argument 3 of 'nlcd_Pict' discards 'const' qualifier from pointer target type
   nlcd_Pict(0, 0, boot_image[i]);
                   ^
In file included from ../src/display/images_printing.c:11:0:
/home/olexijko/PROGRAMMING/stm/charge_dev_fimw/eclipse_project/charge_dev_v2/inc/lcd_1100/nokia1100_lcd_lib.h:105:6: note: expected 'unsigned char *' but argument is of type 'const unsigned char *'
 void nlcd_Pict  (unsigned char x, unsigned char y, unsigned char * picture);
      ^
../src/display/images_printing.c: In function 'printMainImageDigits':
../src/display/images_printing.c:28:2: warning: implicit declaration of function 'printDigits' [-Wimplicit-function-declaration]
  printDigits(xPosition, yPosition, val);
  ^
../src/display/images_printing.c: At top level:
../src/display/images_printing.c:31:6: warning: conflicting types for 'printDigits'
 void printDigits(int xPosition, int yPosition, double val) {
      ^
../src/display/images_printing.c:28:2: note: previous implicit declaration of 'printDigits' was here
  printDigits(xPosition, yPosition, val);
  ^
../src/display/images_printing.c: In function 'printDigits':
../src/display/images_printing.c:44:3: warning: array subscript has type 'char' [-Wchar-subscripts]
   nlcd_Pict(xPosition, yPosition, digitals[integerPartDigs[1]]);
   ^
../src/display/images_printing.c:44:35: warning: passing argument 3 of 'nlcd_Pict' discards 'const' qualifier from pointer target type
   nlcd_Pict(xPosition, yPosition, digitals[integerPartDigs[1]]);
                                   ^
In file included from ../src/display/images_printing.c:11:0:
/home/olexijko/PROGRAMMING/stm/charge_dev_fimw/eclipse_project/charge_dev_v2/inc/lcd_1100/nokia1100_lcd_lib.h:105:6: note: expected 'unsigned char *' but argument is of type 'const unsigned char *'
 void nlcd_Pict  (unsigned char x, unsigned char y, unsigned char * picture);
      ^
../src/display/images_printing.c:47:3: warning: array subscript has type 'char' [-Wchar-subscripts]
   nlcd_Pict(xPosition, yPosition, digitals[integerPartDigs[0]]);
   ^
../src/display/images_printing.c:47:35: warning: passing argument 3 of 'nlcd_Pict' discards 'const' qualifier from pointer target type
   nlcd_Pict(xPosition, yPosition, digitals[integerPartDigs[0]]);
                                   ^
In file included from ../src/display/images_printing.c:11:0:
/home/olexijko/PROGRAMMING/stm/charge_dev_fimw/eclipse_project/charge_dev_v2/inc/lcd_1100/nokia1100_lcd_lib.h:105:6: note: expected 'unsigned char *' but argument is of type 'const unsigned char *'
 void nlcd_Pict  (unsigned char x, unsigned char y, unsigned char * picture);
      ^
../src/display/images_printing.c:50:35: warning: passing argument 3 of 'nlcd_Pict' discards 'const' qualifier from pointer target type
   nlcd_Pict(xPosition, yPosition, point);
                                   ^
In file included from ../src/display/images_printing.c:11:0:
/home/olexijko/PROGRAMMING/stm/charge_dev_fimw/eclipse_project/charge_dev_v2/inc/lcd_1100/nokia1100_lcd_lib.h:105:6: note: expected 'unsigned char *' but argument is of type 'const unsigned char *'
 void nlcd_Pict  (unsigned char x, unsigned char y, unsigned char * picture);
      ^
../src/display/images_printing.c:53:3: warning: array subscript has type 'char' [-Wchar-subscripts]
   nlcd_Pict(xPosition, yPosition, digitals[fractionalPartDigs]);
   ^
../src/display/images_printing.c:53:35: warning: passing argument 3 of 'nlcd_Pict' discards 'const' qualifier from pointer target type
   nlcd_Pict(xPosition, yPosition, digitals[fractionalPartDigs]);
                                   ^
In file included from ../src/display/images_printing.c:11:0:
/home/olexijko/PROGRAMMING/stm/charge_dev_fimw/eclipse_project/charge_dev_v2/inc/lcd_1100/nokia1100_lcd_lib.h:105:6: note: expected 'unsigned char *' but argument is of type 'const unsigned char *'
 void nlcd_Pict  (unsigned char x, unsigned char y, unsigned char * picture);
      ^
../src/display/images_printing.c:62:3: warning: array subscript has type 'char' [-Wchar-subscripts]
   nlcd_Pict(xPosition, yPosition, digitals[integerPartDigs]);
   ^
../src/display/images_printing.c:62:35: warning: passing argument 3 of 'nlcd_Pict' discards 'const' qualifier from pointer target type
   nlcd_Pict(xPosition, yPosition, digitals[integerPartDigs]);
                                   ^
In file included from ../src/display/images_printing.c:11:0:
/home/olexijko/PROGRAMMING/stm/charge_dev_fimw/eclipse_project/charge_dev_v2/inc/lcd_1100/nokia1100_lcd_lib.h:105:6: note: expected 'unsigned char *' but argument is of type 'const unsigned char *'
 void nlcd_Pict  (unsigned char x, unsigned char y, unsigned char * picture);
      ^
../src/display/images_printing.c:65:35: warning: passing argument 3 of 'nlcd_Pict' discards 'const' qualifier from pointer target type
   nlcd_Pict(xPosition, yPosition, point);
                                   ^
In file included from ../src/display/images_printing.c:11:0:
/home/olexijko/PROGRAMMING/stm/charge_dev_fimw/eclipse_project/charge_dev_v2/inc/lcd_1100/nokia1100_lcd_lib.h:105:6: note: expected 'unsigned char *' but argument is of type 'const unsigned char *'
 void nlcd_Pict  (unsigned char x, unsigned char y, unsigned char * picture);
      ^
../src/display/images_printing.c:68:3: warning: array subscript has type 'char' [-Wchar-subscripts]
   nlcd_Pict(xPosition, yPosition, digitals[fractionalPartDigs[1]]);
   ^
../src/display/images_printing.c:68:35: warning: passing argument 3 of 'nlcd_Pict' discards 'const' qualifier from pointer target type
   nlcd_Pict(xPosition, yPosition, digitals[fractionalPartDigs[1]]);
                                   ^
In file included from ../src/display/images_printing.c:11:0:
/home/olexijko/PROGRAMMING/stm/charge_dev_fimw/eclipse_project/charge_dev_v2/inc/lcd_1100/nokia1100_lcd_lib.h:105:6: note: expected 'unsigned char *' but argument is of type 'const unsigned char *'
 void nlcd_Pict  (unsigned char x, unsigned char y, unsigned char * picture);
      ^
../src/display/images_printing.c:71:3: warning: array subscript has type 'char' [-Wchar-subscripts]
   nlcd_Pict(xPosition, yPosition, digitals[fractionalPartDigs[0]]);
   ^
../src/display/images_printing.c:71:35: warning: passing argument 3 of 'nlcd_Pict' discards 'const' qualifier from pointer target type
   nlcd_Pict(xPosition, yPosition, digitals[fractionalPartDigs[0]]);
                                   ^
In file included from ../src/display/images_printing.c:11:0:
/home/olexijko/PROGRAMMING/stm/charge_dev_fimw/eclipse_project/charge_dev_v2/inc/lcd_1100/nokia1100_lcd_lib.h:105:6: note: expected 'unsigned char *' but argument is of type 'const unsigned char *'
 void nlcd_Pict  (unsigned char x, unsigned char y, unsigned char * picture);
      ^
../src/display/images_printing.c: In function 'printAdditionalMenuDigits':
../src/display/images_printing.c:88:3: warning: array subscript has type 'char' [-Wchar-subscripts]
   nlcd_Pict(xPosition, ADDITIONAL_MENU_DIGITS_TOP_MARGIN, additionalMenuDigitals[integerPartDigs[1]]);
   ^
../src/display/images_printing.c:88:59: warning: passing argument 3 of 'nlcd_Pict' discards 'const' qualifier from pointer target type
   nlcd_Pict(xPosition, ADDITIONAL_MENU_DIGITS_TOP_MARGIN, additionalMenuDigitals[integerPartDigs[1]]);
                                                           ^
In file included from ../src/display/images_printing.c:11:0:
/home/olexijko/PROGRAMMING/stm/charge_dev_fimw/eclipse_project/charge_dev_v2/inc/lcd_1100/nokia1100_lcd_lib.h:105:6: note: expected 'unsigned char *' but argument is of type 'const unsigned char *'
 void nlcd_Pict  (unsigned char x, unsigned char y, unsigned char * picture);
      ^
../src/display/images_printing.c:91:3: warning: array subscript has type 'char' [-Wchar-subscripts]
   nlcd_Pict(xPosition, ADDITIONAL_MENU_DIGITS_TOP_MARGIN, additionalMenuDigitals[integerPartDigs[0]]);
   ^
../src/display/images_printing.c:91:59: warning: passing argument 3 of 'nlcd_Pict' discards 'const' qualifier from pointer target type
   nlcd_Pict(xPosition, ADDITIONAL_MENU_DIGITS_TOP_MARGIN, additionalMenuDigitals[integerPartDigs[0]]);
                                                           ^
In file included from ../src/display/images_printing.c:11:0:
/home/olexijko/PROGRAMMING/stm/charge_dev_fimw/eclipse_project/charge_dev_v2/inc/lcd_1100/nokia1100_lcd_lib.h:105:6: note: expected 'unsigned char *' but argument is of type 'const unsigned char *'
 void nlcd_Pict  (unsigned char x, unsigned char y, unsigned char * picture);
      ^
../src/display/images_printing.c:97:3: warning: array subscript has type 'char' [-Wchar-subscripts]
   nlcd_Pict(xPosition, ADDITIONAL_MENU_DIGITS_TOP_MARGIN, additionalMenuDigitals[fractionalPartDigs]);
   ^
../src/display/images_printing.c:97:59: warning: passing argument 3 of 'nlcd_Pict' discards 'const' qualifier from pointer target type
   nlcd_Pict(xPosition, ADDITIONAL_MENU_DIGITS_TOP_MARGIN, additionalMenuDigitals[fractionalPartDigs]);
                                                           ^
In file included from ../src/display/images_printing.c:11:0:
/home/olexijko/PROGRAMMING/stm/charge_dev_fimw/eclipse_project/charge_dev_v2/inc/lcd_1100/nokia1100_lcd_lib.h:105:6: note: expected 'unsigned char *' but argument is of type 'const unsigned char *'
 void nlcd_Pict  (unsigned char x, unsigned char y, unsigned char * picture);
      ^
../src/display/images_printing.c:106:3: warning: array subscript has type 'char' [-Wchar-subscripts]
   nlcd_Pict(xPosition, ADDITIONAL_MENU_DIGITS_TOP_MARGIN, additionalMenuDigitals[integerPartDigs]);
   ^
../src/display/images_printing.c:106:59: warning: passing argument 3 of 'nlcd_Pict' discards 'const' qualifier from pointer target type
   nlcd_Pict(xPosition, ADDITIONAL_MENU_DIGITS_TOP_MARGIN, additionalMenuDigitals[integerPartDigs]);
                                                           ^
In file included from ../src/display/images_printing.c:11:0:
/home/olexijko/PROGRAMMING/stm/charge_dev_fimw/eclipse_project/charge_dev_v2/inc/lcd_1100/nokia1100_lcd_lib.h:105:6: note: expected 'unsigned char *' but argument is of type 'const unsigned char *'
 void nlcd_Pict  (unsigned char x, unsigned char y, unsigned char * picture);
      ^
../src/display/images_printing.c:112:3: warning: array subscript has type 'char' [-Wchar-subscripts]
   nlcd_Pict(xPosition, ADDITIONAL_MENU_DIGITS_TOP_MARGIN, additionalMenuDigitals[fractionalPartDigs[1]]);
   ^
../src/display/images_printing.c:112:59: warning: passing argument 3 of 'nlcd_Pict' discards 'const' qualifier from pointer target type
   nlcd_Pict(xPosition, ADDITIONAL_MENU_DIGITS_TOP_MARGIN, additionalMenuDigitals[fractionalPartDigs[1]]);
                                                           ^
In file included from ../src/display/images_printing.c:11:0:
/home/olexijko/PROGRAMMING/stm/charge_dev_fimw/eclipse_project/charge_dev_v2/inc/lcd_1100/nokia1100_lcd_lib.h:105:6: note: expected 'unsigned char *' but argument is of type 'const unsigned char *'
 void nlcd_Pict  (unsigned char x, unsigned char y, unsigned char * picture);
      ^
../src/display/images_printing.c:115:3: warning: array subscript has type 'char' [-Wchar-subscripts]
   nlcd_Pict(xPosition, ADDITIONAL_MENU_DIGITS_TOP_MARGIN, additionalMenuDigitals[fractionalPartDigs[0]]);
   ^
../src/display/images_printing.c:115:59: warning: passing argument 3 of 'nlcd_Pict' discards 'const' qualifier from pointer target type
   nlcd_Pict(xPosition, ADDITIONAL_MENU_DIGITS_TOP_MARGIN, additionalMenuDigitals[fractionalPartDigs[0]]);
                                                           ^
In file included from ../src/display/images_printing.c:11:0:
/home/olexijko/PROGRAMMING/stm/charge_dev_fimw/eclipse_project/charge_dev_v2/inc/lcd_1100/nokia1100_lcd_lib.h:105:6: note: expected 'unsigned char *' but argument is of type 'const unsigned char *'
 void nlcd_Pict  (unsigned char x, unsigned char y, unsigned char * picture);
      ^
../src/display/images_printing.c: In function 'printAdditionalMenuAnimation':
../src/display/images_printing.c:123:5: warning: passing argument 3 of 'nlcd_Pict' discards 'const' qualifier from pointer target type
     additionalMenuRightAnimation[0]);
     ^
In file included from ../src/display/images_printing.c:11:0:
/home/olexijko/PROGRAMMING/stm/charge_dev_fimw/eclipse_project/charge_dev_v2/inc/lcd_1100/nokia1100_lcd_lib.h:105:6: note: expected 'unsigned char *' but argument is of type 'const unsigned char *'
 void nlcd_Pict  (unsigned char x, unsigned char y, unsigned char * picture);
      ^
../src/display/images_printing.c:125:5: warning: passing argument 3 of 'nlcd_Pict' discards 'const' qualifier from pointer target type
     additionalMenuLeftAnimation[0]);
     ^
In file included from ../src/display/images_printing.c:11:0:
/home/olexijko/PROGRAMMING/stm/charge_dev_fimw/eclipse_project/charge_dev_v2/inc/lcd_1100/nokia1100_lcd_lib.h:105:6: note: expected 'unsigned char *' but argument is of type 'const unsigned char *'
 void nlcd_Pict  (unsigned char x, unsigned char y, unsigned char * picture);
      ^
../src/display/images_printing.c:129:5: warning: passing argument 3 of 'nlcd_Pict' discards 'const' qualifier from pointer target type
     additionalMenuRightAnimation[animationIdx+1]);
     ^
In file included from ../src/display/images_printing.c:11:0:
/home/olexijko/PROGRAMMING/stm/charge_dev_fimw/eclipse_project/charge_dev_v2/inc/lcd_1100/nokia1100_lcd_lib.h:105:6: note: expected 'unsigned char *' but argument is of type 'const unsigned char *'
 void nlcd_Pict  (unsigned char x, unsigned char y, unsigned char * picture);
      ^
../src/display/images_printing.c:131:5: warning: passing argument 3 of 'nlcd_Pict' discards 'const' qualifier from pointer target type
     additionalMenuLeftAnimation[animationIdx+1]);
     ^
In file included from ../src/display/images_printing.c:11:0:
/home/olexijko/PROGRAMMING/stm/charge_dev_fimw/eclipse_project/charge_dev_v2/inc/lcd_1100/nokia1100_lcd_lib.h:105:6: note: expected 'unsigned char *' but argument is of type 'const unsigned char *'
 void nlcd_Pict  (unsigned char x, unsigned char y, unsigned char * picture);
      ^
../src/display/images_printing.c: In function 'printMainImageTemplate':
../src/display/images_printing.c:138:80: warning: passing argument 3 of 'nlcd_Pict' discards 'const' qualifier from pointer target type
  nlcd_Pict(POSITION_MAIN_IMAGE_FIRST_PART_X, POSITION_MAIN_IMAGE_FIRST_PART_Y, main_image_first_part);
                                                                                ^
In file included from ../src/display/images_printing.c:11:0:
/home/olexijko/PROGRAMMING/stm/charge_dev_fimw/eclipse_project/charge_dev_v2/inc/lcd_1100/nokia1100_lcd_lib.h:105:6: note: expected 'unsigned char *' but argument is of type 'const unsigned char *'
 void nlcd_Pict  (unsigned char x, unsigned char y, unsigned char * picture);
      ^
../src/display/images_printing.c:139:80: warning: passing argument 3 of 'nlcd_Pict' discards 'const' qualifier from pointer target type
  nlcd_Pict(POSITION_MAIN_IMAGE_THIRD_PART_X, POSITION_MAIN_IMAGE_THIRD_PART_Y, main_image_third_part);
                                                                                ^
In file included from ../src/display/images_printing.c:11:0:
/home/olexijko/PROGRAMMING/stm/charge_dev_fimw/eclipse_project/charge_dev_v2/inc/lcd_1100/nokia1100_lcd_lib.h:105:6: note: expected 'unsigned char *' but argument is of type 'const unsigned char *'
 void nlcd_Pict  (unsigned char x, unsigned char y, unsigned char * picture);
      ^
../src/display/images_printing.c: In function 'printBatteryWaitImage':
../src/display/images_printing.c:143:18: warning: passing argument 3 of 'nlcd_Pict' discards 'const' qualifier from pointer target type
  nlcd_Pict(0, 0, bat_not_conn_image);
                  ^
In file included from ../src/display/images_printing.c:11:0:
/home/olexijko/PROGRAMMING/stm/charge_dev_fimw/eclipse_project/charge_dev_v2/inc/lcd_1100/nokia1100_lcd_lib.h:105:6: note: expected 'unsigned char *' but argument is of type 'const unsigned char *'
 void nlcd_Pict  (unsigned char x, unsigned char y, unsigned char * picture);
      ^
../src/display/images_printing.c: In function 'printBattaryImage':
../src/display/images_printing.c:146:2: warning: array subscript has type 'char' [-Wchar-subscripts]
  nlcd_Pict(POSITION_BATTERY_IMAGE_X, POSITION_MAIN_BATTERY_IMAGE_Y, battery_image[val]);
  ^
../src/display/images_printing.c:146:69: warning: passing argument 3 of 'nlcd_Pict' discards 'const' qualifier from pointer target type
  nlcd_Pict(POSITION_BATTERY_IMAGE_X, POSITION_MAIN_BATTERY_IMAGE_Y, battery_image[val]);
                                                                     ^
In file included from ../src/display/images_printing.c:11:0:
/home/olexijko/PROGRAMMING/stm/charge_dev_fimw/eclipse_project/charge_dev_v2/inc/lcd_1100/nokia1100_lcd_lib.h:105:6: note: expected 'unsigned char *' but argument is of type 'const unsigned char *'
 void nlcd_Pict  (unsigned char x, unsigned char y, unsigned char * picture);
      ^
../src/display/images_printing.c: In function 'printChangeAmperageImage':
../src/display/images_printing.c:152:88: warning: passing argument 3 of 'nlcd_Pict' discards 'const' qualifier from pointer target type
   nlcd_Pict(POWER_IMAGE_LEFT_INDENT + POWER_IMAGE_WIDTH * idx, POWER_IMAGE_Y_POSITION, power_images[idx]);
                                                                                        ^
In file included from ../src/display/images_printing.c:11:0:
/home/olexijko/PROGRAMMING/stm/charge_dev_fimw/eclipse_project/charge_dev_v2/inc/lcd_1100/nokia1100_lcd_lib.h:105:6: note: expected 'unsigned char *' but argument is of type 'const unsigned char *'
 void nlcd_Pict  (unsigned char x, unsigned char y, unsigned char * picture);
      ^
../src/display/images_printing.c:155:88: warning: passing argument 3 of 'nlcd_Pict' discards 'const' qualifier from pointer target type
   nlcd_Pict(POWER_IMAGE_LEFT_INDENT + POWER_IMAGE_WIDTH * idx, POWER_IMAGE_Y_POSITION, power_images[0]);
                                                                                        ^
In file included from ../src/display/images_printing.c:11:0:
/home/olexijko/PROGRAMMING/stm/charge_dev_fimw/eclipse_project/charge_dev_v2/inc/lcd_1100/nokia1100_lcd_lib.h:105:6: note: expected 'unsigned char *' but argument is of type 'const unsigned char *'
 void nlcd_Pict  (unsigned char x, unsigned char y, unsigned char * picture);
      ^
../src/display/images_printing.c: In function 'printInitChangeAmperageMenu':
../src/display/images_printing.c:161:65: warning: passing argument 3 of 'nlcd_Pict' discards 'const' qualifier from pointer target type
  nlcd_Pict(MENU_I_SYMBOL_LEFT_INDENT, MENU_I_SYMBOL_TOP_INDENT, menuISymbol);
                                                                 ^
In file included from ../src/display/images_printing.c:11:0:
/home/olexijko/PROGRAMMING/stm/charge_dev_fimw/eclipse_project/charge_dev_v2/inc/lcd_1100/nokia1100_lcd_lib.h:105:6: note: expected 'unsigned char *' but argument is of type 'const unsigned char *'
 void nlcd_Pict  (unsigned char x, unsigned char y, unsigned char * picture);
      ^
../src/display/images_printing.c:162:79: warning: passing argument 3 of 'nlcd_Pict' discards 'const' qualifier from pointer target type
  nlcd_Pict(MENU_AMPERAGE_SYMBOL_LEFT_INDENT, MENU_AMPERAGE_SYMBOL_TOP_INDENT, menuAmperageSymbol);
                                                                               ^
In file included from ../src/display/images_printing.c:11:0:
/home/olexijko/PROGRAMMING/stm/charge_dev_fimw/eclipse_project/charge_dev_v2/inc/lcd_1100/nokia1100_lcd_lib.h:105:6: note: expected 'unsigned char *' but argument is of type 'const unsigned char *'
 void nlcd_Pict  (unsigned char x, unsigned char y, unsigned char * picture);
      ^
../src/display/images_printing.c: In function 'printTestImage':
../src/display/images_printing.c:174:18: warning: passing argument 3 of 'nlcd_Pict' discards 'const' qualifier from pointer target type
  nlcd_Pict(1, 1, test_pict);
                  ^
In file included from ../src/display/images_printing.c:11:0:
/home/olexijko/PROGRAMMING/stm/charge_dev_fimw/eclipse_project/charge_dev_v2/inc/lcd_1100/nokia1100_lcd_lib.h:105:6: note: expected 'unsigned char *' but argument is of type 'const unsigned char *'
 void nlcd_Pict  (unsigned char x, unsigned char y, unsigned char * picture);
      ^
In file included from ../src/display/images_printing.c:11:0:
../src/display/images_printing.c: At top level:
/home/olexijko/PROGRAMMING/stm/charge_dev_fimw/eclipse_project/charge_dev_v2/inc/lcd_1100/nokia1100_lcd_lib.h:78:22: warning: 'nlcd_memory' defined but not used [-Wunused-variable]
 static unsigned char nlcd_memory[NLCD_X_RES-1][(NLCD_Y_RES/8)+1];
                      ^
/home/olexijko/PROGRAMMING/stm/charge_dev_fimw/eclipse_project/charge_dev_v2/inc/lcd_1100/nokia1100_lcd_lib.h:82:22: warning: 'nlcd_xcurr' defined but not used [-Wunused-variable]
 static unsigned char nlcd_xcurr, nlcd_ycurr;
                      ^
/home/olexijko/PROGRAMMING/stm/charge_dev_fimw/eclipse_project/charge_dev_v2/inc/lcd_1100/nokia1100_lcd_lib.h:82:34: warning: 'nlcd_ycurr' defined but not used [-Wunused-variable]
 static unsigned char nlcd_xcurr, nlcd_ycurr;
                                  ^
Finished building: ../src/display/images_printing.c
 
Building file: ../src/common/common.c
Invoking: MCU GCC Compiler
%cd%
arm-none-eabi-gcc -mcpu=cortex-m3 -mthumb -mfloat-abi=soft -DSTM32F100RBTx -DSTM32F1 -DSTM32 -DDEBUG -DUSE_STDPERIPH_DRIVER -DSTM32F10X_MD_VL -I"/home/olexijko/PROGRAMMING/stm/charge_dev_fimw/eclipse_project/stm32f100rb_stdperiph_lib" -I"/home/olexijko/PROGRAMMING/stm/charge_dev_fimw/eclipse_project/charge_dev_v2/inc" -I"/home/olexijko/PROGRAMMING/stm/charge_dev_fimw/eclipse_project/charge_dev_v2/inc/lcd_1100" -I"/home/olexijko/PROGRAMMING/stm/charge_dev_fimw/eclipse_project/stm32f100rb_stdperiph_lib/StdPeriph_Driver/inc" -I"/home/olexijko/PROGRAMMING/stm/charge_dev_fimw/eclipse_project/stm32f100rb_stdperiph_lib/CMSIS/device" -I"/home/olexijko/PROGRAMMING/stm/charge_dev_fimw/eclipse_project/stm32f100rb_stdperiph_lib/CMSIS/core" -O0 -g3 -Wall -fmessage-length=0 -ffunction-sections -c -MMD -MP -MF"src/common/common.d" -MT"src/common/common.o" -o "src/common/common.o" "../src/common/common.c"
../src/common/common.c: In function 'checkIfBattaryIsConnected':
../src/common/common.c:42:2: warning: implicit declaration of function 'nlcd_Clear' [-Wimplicit-function-declaration]
  nlcd_Clear();
  ^
../src/common/common.c: In function 'checkSystemTemperature':
../src/common/common.c:61:3: warning: implicit declaration of function 'disableCooler' [-Wimplicit-function-declaration]
   disableCooler();
   ^
Finished building: ../src/common/common.c
 
Building file: ../src/adc/adc.c
Invoking: MCU GCC Compiler
%cd%
arm-none-eabi-gcc -mcpu=cortex-m3 -mthumb -mfloat-abi=soft -DSTM32F100RBTx -DSTM32F1 -DSTM32 -DDEBUG -DUSE_STDPERIPH_DRIVER -DSTM32F10X_MD_VL -I"/home/olexijko/PROGRAMMING/stm/charge_dev_fimw/eclipse_project/stm32f100rb_stdperiph_lib" -I"/home/olexijko/PROGRAMMING/stm/charge_dev_fimw/eclipse_project/charge_dev_v2/inc" -I"/home/olexijko/PROGRAMMING/stm/charge_dev_fimw/eclipse_project/charge_dev_v2/inc/lcd_1100" -I"/home/olexijko/PROGRAMMING/stm/charge_dev_fimw/eclipse_project/stm32f100rb_stdperiph_lib/StdPeriph_Driver/inc" -I"/home/olexijko/PROGRAMMING/stm/charge_dev_fimw/eclipse_project/stm32f100rb_stdperiph_lib/CMSIS/device" -I"/home/olexijko/PROGRAMMING/stm/charge_dev_fimw/eclipse_project/stm32f100rb_stdperiph_lib/CMSIS/core" -O0 -g3 -Wall -fmessage-length=0 -ffunction-sections -c -MMD -MP -MF"src/adc/adc.d" -MT"src/adc/adc.o" -o "src/adc/adc.o" "../src/adc/adc.c"
../src/adc/adc.c: In function 'ADC1_IRQHandler':
../src/adc/adc.c:53:6: warning: unused variable 'currAmp' [-Wunused-variable]
  int currAmp = ADC_GetInjectedConversionValue(ADC1,
      ^
Finished building: ../src/adc/adc.c
 
Building file: ../src/main.c
Invoking: MCU GCC Compiler
%cd%
arm-none-eabi-gcc -mcpu=cortex-m3 -mthumb -mfloat-abi=soft -DSTM32F100RBTx -DSTM32F1 -DSTM32 -DDEBUG -DUSE_STDPERIPH_DRIVER -DSTM32F10X_MD_VL -I"/home/olexijko/PROGRAMMING/stm/charge_dev_fimw/eclipse_project/stm32f100rb_stdperiph_lib" -I"/home/olexijko/PROGRAMMING/stm/charge_dev_fimw/eclipse_project/charge_dev_v2/inc" -I"/home/olexijko/PROGRAMMING/stm/charge_dev_fimw/eclipse_project/charge_dev_v2/inc/lcd_1100" -I"/home/olexijko/PROGRAMMING/stm/charge_dev_fimw/eclipse_project/stm32f100rb_stdperiph_lib/StdPeriph_Driver/inc" -I"/home/olexijko/PROGRAMMING/stm/charge_dev_fimw/eclipse_project/stm32f100rb_stdperiph_lib/CMSIS/device" -I"/home/olexijko/PROGRAMMING/stm/charge_dev_fimw/eclipse_project/stm32f100rb_stdperiph_lib/CMSIS/core" -O0 -g3 -Wall -fmessage-length=0 -ffunction-sections -c -MMD -MP -MF"src/main.d" -MT"src/main.o" -o "src/main.o" "../src/main.c"
../src/main.c: In function 'changeAmperageMenu':
../src/main.c:27:2: warning: implicit declaration of function 'printChangeAmperageMenuDigits' [-Wimplicit-function-declaration]
  printChangeAmperageMenuDigits(amperage);
  ^
../src/main.c:30:2: warning: implicit declaration of function 'isMenuEncoderPressed' [-Wimplicit-function-declaration]
  while (!isMenuEncoderPressed() && time_ms - timeStampMenu < 5000) {
  ^
../src/main.c: In function 'additinalMenu':
../src/main.c:70:3: warning: implicit declaration of function 'printAdditionalMenuAnimation' [-Wimplicit-function-declaration]
   printAdditionalMenuAnimation(animationIdx);
   ^
../src/main.c: In function 'main':
../src/main.c:145:2: warning: implicit declaration of function 'clearMeasuringBuffers' [-Wimplicit-function-declaration]
  clearMeasuringBuffers();
  ^
In file included from ../src/main.c:9:0:
../src/main.c: At top level:
/home/olexijko/PROGRAMMING/stm/charge_dev_fimw/eclipse_project/charge_dev_v2/inc/lcd_1100/nokia1100_lcd_lib.h:78:22: warning: 'nlcd_memory' defined but not used [-Wunused-variable]
 static unsigned char nlcd_memory[NLCD_X_RES-1][(NLCD_Y_RES/8)+1];
                      ^
/home/olexijko/PROGRAMMING/stm/charge_dev_fimw/eclipse_project/charge_dev_v2/inc/lcd_1100/nokia1100_lcd_lib.h:82:22: warning: 'nlcd_xcurr' defined but not used [-Wunused-variable]
 static unsigned char nlcd_xcurr, nlcd_ycurr;
                      ^
/home/olexijko/PROGRAMMING/stm/charge_dev_fimw/eclipse_project/charge_dev_v2/inc/lcd_1100/nokia1100_lcd_lib.h:82:34: warning: 'nlcd_ycurr' defined but not used [-Wunused-variable]
 static unsigned char nlcd_xcurr, nlcd_ycurr;
                                  ^
Finished building: ../src/main.c
 
Building file: ../src/syscalls.c
Invoking: MCU GCC Compiler
%cd%
arm-none-eabi-gcc -mcpu=cortex-m3 -mthumb -mfloat-abi=soft -DSTM32F100RBTx -DSTM32F1 -DSTM32 -DDEBUG -DUSE_STDPERIPH_DRIVER -DSTM32F10X_MD_VL -I"/home/olexijko/PROGRAMMING/stm/charge_dev_fimw/eclipse_project/stm32f100rb_stdperiph_lib" -I"/home/olexijko/PROGRAMMING/stm/charge_dev_fimw/eclipse_project/charge_dev_v2/inc" -I"/home/olexijko/PROGRAMMING/stm/charge_dev_fimw/eclipse_project/charge_dev_v2/inc/lcd_1100" -I"/home/olexijko/PROGRAMMING/stm/charge_dev_fimw/eclipse_project/stm32f100rb_stdperiph_lib/StdPeriph_Driver/inc" -I"/home/olexijko/PROGRAMMING/stm/charge_dev_fimw/eclipse_project/stm32f100rb_stdperiph_lib/CMSIS/device" -I"/home/olexijko/PROGRAMMING/stm/charge_dev_fimw/eclipse_project/stm32f100rb_stdperiph_lib/CMSIS/core" -O0 -g3 -Wall -fmessage-length=0 -ffunction-sections -c -MMD -MP -MF"src/syscalls.d" -MT"src/syscalls.o" -o "src/syscalls.o" "../src/syscalls.c"
Finished building: ../src/syscalls.c
 
Building file: ../src/system_stm32f10x.c
Invoking: MCU GCC Compiler
%cd%
arm-none-eabi-gcc -mcpu=cortex-m3 -mthumb -mfloat-abi=soft -DSTM32F100RBTx -DSTM32F1 -DSTM32 -DDEBUG -DUSE_STDPERIPH_DRIVER -DSTM32F10X_MD_VL -I"/home/olexijko/PROGRAMMING/stm/charge_dev_fimw/eclipse_project/stm32f100rb_stdperiph_lib" -I"/home/olexijko/PROGRAMMING/stm/charge_dev_fimw/eclipse_project/charge_dev_v2/inc" -I"/home/olexijko/PROGRAMMING/stm/charge_dev_fimw/eclipse_project/charge_dev_v2/inc/lcd_1100" -I"/home/olexijko/PROGRAMMING/stm/charge_dev_fimw/eclipse_project/stm32f100rb_stdperiph_lib/StdPeriph_Driver/inc" -I"/home/olexijko/PROGRAMMING/stm/charge_dev_fimw/eclipse_project/stm32f100rb_stdperiph_lib/CMSIS/device" -I"/home/olexijko/PROGRAMMING/stm/charge_dev_fimw/eclipse_project/stm32f100rb_stdperiph_lib/CMSIS/core" -O0 -g3 -Wall -fmessage-length=0 -ffunction-sections -c -MMD -MP -MF"src/system_stm32f10x.d" -MT"src/system_stm32f10x.o" -o "src/system_stm32f10x.o" "../src/system_stm32f10x.c"
Finished building: ../src/system_stm32f10x.c
 
Building file: ../inc/lcd_1100/nokia1100_lcd_lib.c
Invoking: MCU GCC Compiler
%cd%
arm-none-eabi-gcc -mcpu=cortex-m3 -mthumb -mfloat-abi=soft -DSTM32F100RBTx -DSTM32F1 -DSTM32 -DDEBUG -DUSE_STDPERIPH_DRIVER -DSTM32F10X_MD_VL -I"/home/olexijko/PROGRAMMING/stm/charge_dev_fimw/eclipse_project/stm32f100rb_stdperiph_lib" -I"/home/olexijko/PROGRAMMING/stm/charge_dev_fimw/eclipse_project/charge_dev_v2/inc" -I"/home/olexijko/PROGRAMMING/stm/charge_dev_fimw/eclipse_project/charge_dev_v2/inc/lcd_1100" -I"/home/olexijko/PROGRAMMING/stm/charge_dev_fimw/eclipse_project/stm32f100rb_stdperiph_lib/StdPeriph_Driver/inc" -I"/home/olexijko/PROGRAMMING/stm/charge_dev_fimw/eclipse_project/stm32f100rb_stdperiph_lib/CMSIS/device" -I"/home/olexijko/PROGRAMMING/stm/charge_dev_fimw/eclipse_project/stm32f100rb_stdperiph_lib/CMSIS/core" -O0 -g3 -Wall -fmessage-length=0 -ffunction-sections -c -MMD -MP -MF"inc/lcd_1100/nokia1100_lcd_lib.d" -MT"inc/lcd_1100/nokia1100_lcd_lib.o" -o "inc/lcd_1100/nokia1100_lcd_lib.o" "../inc/lcd_1100/nokia1100_lcd_lib.c"
Finished building: ../inc/lcd_1100/nokia1100_lcd_lib.c
 
Building target: charge_dev_v2.elf
Invoking: MCU GCC Linker
arm-none-eabi-gcc -mcpu=cortex-m3 -mthumb -mfloat-abi=soft -L"/home/olexijko/PROGRAMMING/stm/charge_dev_fimw/eclipse_project/stm32f100rb_stdperiph_lib/Debug" -L"/home/olexijko/PROGRAMMING/stm/charge_dev_fimw/eclipse_project/charge_dev_v2/inc/lcd_1100" -T"/home/olexijko/PROGRAMMING/stm/charge_dev_fimw/eclipse_project/charge_dev_v2/LinkerScript.ld" -Wl,-Map=output.map -Wl,--gc-sections -lm -o "charge_dev_v2.elf" @"objects.list"  -lstm32f100rb_stdperiph_lib
Finished building target: charge_dev_v2.elf
 
make --no-print-directory post-build
Generating binary and Printing size information:
arm-none-eabi-objcopy -O binary "charge_dev_v2.elf" "charge_dev_v2.bin" && arm-none-eabi-size "charge_dev_v2.elf"
   text	   data	    bss	    dec	    hex	filename
  29568	   1100	   2072	  32740	   7fe4	charge_dev_v2.elf
 
