03:01:39 **** Clean-only build of configuration Debug for project charge_dev_v3.1 ****
make clean 
rm -rf  ./system/src/stm32f1-stdperiph/misc.o ./system/src/stm32f1-stdperiph/stm32f10x_adc.o ./system/src/stm32f1-stdperiph/stm32f10x_bkp.o ./system/src/stm32f1-stdperiph/stm32f10x_can.o ./system/src/stm32f1-stdperiph/stm32f10x_cec.o ./system/src/stm32f1-stdperiph/stm32f10x_crc.o ./system/src/stm32f1-stdperiph/stm32f10x_dac.o ./system/src/stm32f1-stdperiph/stm32f10x_dbgmcu.o ./system/src/stm32f1-stdperiph/stm32f10x_dma.o ./system/src/stm32f1-stdperiph/stm32f10x_exti.o ./system/src/stm32f1-stdperiph/stm32f10x_flash.o ./system/src/stm32f1-stdperiph/stm32f10x_fsmc.o ./system/src/stm32f1-stdperiph/stm32f10x_gpio.o ./system/src/stm32f1-stdperiph/stm32f10x_i2c.o ./system/src/stm32f1-stdperiph/stm32f10x_iwdg.o ./system/src/stm32f1-stdperiph/stm32f10x_pwr.o ./system/src/stm32f1-stdperiph/stm32f10x_rcc.o ./system/src/stm32f1-stdperiph/stm32f10x_rtc.o ./system/src/stm32f1-stdperiph/stm32f10x_sdio.o ./system/src/stm32f1-stdperiph/stm32f10x_spi.o ./system/src/stm32f1-stdperiph/stm32f10x_tim.o ./system/src/stm32f1-stdperiph/stm32f10x_usart.o ./system/src/stm32f1-stdperiph/stm32f10x_wwdg.o  ./system/src/newlib/_cxx.o ./system/src/newlib/_exit.o ./system/src/newlib/_sbrk.o ./system/src/newlib/_startup.o ./system/src/newlib/_syscalls.o ./system/src/newlib/assert.o  ./system/src/lcd_lib/nokia1100_lcd_lib.o  ./system/src/diag/Trace.o ./system/src/diag/trace_impl.o  ./system/src/cortexm/_initialize_hardware.o ./system/src/cortexm/_reset_hardware.o ./system/src/cortexm/exception_handlers.o  ./system/src/cmsis/system_stm32f10x.o ./system/src/cmsis/vectors_stm32f10x.o  ./src/_write.o ./src/adc.o ./src/common.o ./src/encoder.o ./src/images_printing.o ./src/led.o ./src/main.o ./src/timers.o  charge_dev_v3.1.hex  charge_dev_v3.1.siz  ./system/src/stm32f1-stdperiph/misc.d ./system/src/stm32f1-stdperiph/stm32f10x_adc.d ./system/src/stm32f1-stdperiph/stm32f10x_bkp.d ./system/src/stm32f1-stdperiph/stm32f10x_can.d ./system/src/stm32f1-stdperiph/stm32f10x_cec.d ./system/src/stm32f1-stdperiph/stm32f10x_crc.d ./system/src/stm32f1-stdperiph/stm32f10x_dac.d ./system/src/stm32f1-stdperiph/stm32f10x_dbgmcu.d ./system/src/stm32f1-stdperiph/stm32f10x_dma.d ./system/src/stm32f1-stdperiph/stm32f10x_exti.d ./system/src/stm32f1-stdperiph/stm32f10x_flash.d ./system/src/stm32f1-stdperiph/stm32f10x_fsmc.d ./system/src/stm32f1-stdperiph/stm32f10x_gpio.d ./system/src/stm32f1-stdperiph/stm32f10x_i2c.d ./system/src/stm32f1-stdperiph/stm32f10x_iwdg.d ./system/src/stm32f1-stdperiph/stm32f10x_pwr.d ./system/src/stm32f1-stdperiph/stm32f10x_rcc.d ./system/src/stm32f1-stdperiph/stm32f10x_rtc.d ./system/src/stm32f1-stdperiph/stm32f10x_sdio.d ./system/src/stm32f1-stdperiph/stm32f10x_spi.d ./system/src/stm32f1-stdperiph/stm32f10x_tim.d ./system/src/stm32f1-stdperiph/stm32f10x_usart.d ./system/src/stm32f1-stdperiph/stm32f10x_wwdg.d  ./system/src/newlib/_exit.d ./system/src/newlib/_sbrk.d ./system/src/newlib/_startup.d ./system/src/newlib/_syscalls.d ./system/src/newlib/assert.d  ./system/src/lcd_lib/nokia1100_lcd_lib.d  ./system/src/diag/Trace.d ./system/src/diag/trace_impl.d  ./system/src/cortexm/_initialize_hardware.d ./system/src/cortexm/_reset_hardware.d ./system/src/cortexm/exception_handlers.d  ./system/src/cmsis/system_stm32f10x.d ./system/src/cmsis/vectors_stm32f10x.d  ./src/_write.d ./src/adc.d ./src/common.d ./src/encoder.d ./src/images_printing.d ./src/led.d ./src/main.d ./src/timers.d  ./system/src/newlib/_cxx.d  charge_dev_v3.1.elf
rm: cannot remove `charge_dev_v3.1.elf': Permission denied
make: [clean] Error 1 (ignored)
' '
03:01:40 **** Incremental Build of configuration Debug for project charge_dev_v3.1 ****
make all 
'Invoking: Cross ARM GNU Create Flash Image'
arm-none-eabi-objcopy -O ihex "charge_dev_v3.1.elf"  "charge_dev_v3.1.hex"
'Finished building: charge_dev_v3.1.hex'
' '
'Invoking: Cross ARM GNU Print Size'
arm-none-eabi-size --format=berkeley "charge_dev_v3.1.elf"
   text	   data	    bss	    dec	    hex	filename
  25612	   1080	   1036	  27728	   6c50	charge_dev_v3.1.elf
'Finished building: charge_dev_v3.1.siz'
' '
03:02:02 **** Incremental Build of configuration Debug for project charge_dev_v3.1 ****
make all 
'Building file: ../system/src/stm32f1-stdperiph/misc.c'
'Invoking: Cross ARM C Compiler'
arm-none-eabi-gcc -mcpu=cortex-m3 -mthumb -O0 -fmessage-length=0 -fsigned-char -ffunction-sections -fdata-sections -ffreestanding -fno-move-loop-invariants -Wall -Wextra  -g3 -DSTM32F10X_MD_VL -DUSE_STDPERIPH_DRIVER -DHSE_VALUE=0 -I"E:\PROGRAMMING\stm\charge_dev_fimw\charge_dev_v3.1\include" -I"E:\PROGRAMMING\stm\charge_dev_fimw\charge_dev_v3.1\system\include\lcd_lib" -I"E:\PROGRAMMING\stm\charge_dev_fimw\charge_dev_v3.1\system\include" -I"E:\PROGRAMMING\stm\charge_dev_fimw\charge_dev_v3.1\system\include\cmsis" -I"E:\PROGRAMMING\stm\charge_dev_fimw\charge_dev_v3.1\system\include\stm32f1-stdperiph" -std=gnu11 -MMD -MP -MF"system/src/stm32f1-stdperiph/misc.d" -MT"system/src/stm32f1-stdperiph/misc.o" -c -o "system/src/stm32f1-stdperiph/misc.o" "../system/src/stm32f1-stdperiph/misc.c"
'Finished building: ../system/src/stm32f1-stdperiph/misc.c'
' '
'Building file: ../system/src/stm32f1-stdperiph/stm32f10x_adc.c'
'Invoking: Cross ARM C Compiler'
arm-none-eabi-gcc -mcpu=cortex-m3 -mthumb -O0 -fmessage-length=0 -fsigned-char -ffunction-sections -fdata-sections -ffreestanding -fno-move-loop-invariants -Wall -Wextra  -g3 -DSTM32F10X_MD_VL -DUSE_STDPERIPH_DRIVER -DHSE_VALUE=0 -I"E:\PROGRAMMING\stm\charge_dev_fimw\charge_dev_v3.1\include" -I"E:\PROGRAMMING\stm\charge_dev_fimw\charge_dev_v3.1\system\include\lcd_lib" -I"E:\PROGRAMMING\stm\charge_dev_fimw\charge_dev_v3.1\system\include" -I"E:\PROGRAMMING\stm\charge_dev_fimw\charge_dev_v3.1\system\include\cmsis" -I"E:\PROGRAMMING\stm\charge_dev_fimw\charge_dev_v3.1\system\include\stm32f1-stdperiph" -std=gnu11 -MMD -MP -MF"system/src/stm32f1-stdperiph/stm32f10x_adc.d" -MT"system/src/stm32f1-stdperiph/stm32f10x_adc.o" -c -o "system/src/stm32f1-stdperiph/stm32f10x_adc.o" "../system/src/stm32f1-stdperiph/stm32f10x_adc.c"
'Finished building: ../system/src/stm32f1-stdperiph/stm32f10x_adc.c'
' '
'Building file: ../system/src/stm32f1-stdperiph/stm32f10x_bkp.c'
'Invoking: Cross ARM C Compiler'
arm-none-eabi-gcc -mcpu=cortex-m3 -mthumb -O0 -fmessage-length=0 -fsigned-char -ffunction-sections -fdata-sections -ffreestanding -fno-move-loop-invariants -Wall -Wextra  -g3 -DSTM32F10X_MD_VL -DUSE_STDPERIPH_DRIVER -DHSE_VALUE=0 -I"E:\PROGRAMMING\stm\charge_dev_fimw\charge_dev_v3.1\include" -I"E:\PROGRAMMING\stm\charge_dev_fimw\charge_dev_v3.1\system\include\lcd_lib" -I"E:\PROGRAMMING\stm\charge_dev_fimw\charge_dev_v3.1\system\include" -I"E:\PROGRAMMING\stm\charge_dev_fimw\charge_dev_v3.1\system\include\cmsis" -I"E:\PROGRAMMING\stm\charge_dev_fimw\charge_dev_v3.1\system\include\stm32f1-stdperiph" -std=gnu11 -MMD -MP -MF"system/src/stm32f1-stdperiph/stm32f10x_bkp.d" -MT"system/src/stm32f1-stdperiph/stm32f10x_bkp.o" -c -o "system/src/stm32f1-stdperiph/stm32f10x_bkp.o" "../system/src/stm32f1-stdperiph/stm32f10x_bkp.c"
'Finished building: ../system/src/stm32f1-stdperiph/stm32f10x_bkp.c'
' '
'Building file: ../system/src/stm32f1-stdperiph/stm32f10x_can.c'
'Invoking: Cross ARM C Compiler'
arm-none-eabi-gcc -mcpu=cortex-m3 -mthumb -O0 -fmessage-length=0 -fsigned-char -ffunction-sections -fdata-sections -ffreestanding -fno-move-loop-invariants -Wall -Wextra  -g3 -DSTM32F10X_MD_VL -DUSE_STDPERIPH_DRIVER -DHSE_VALUE=0 -I"E:\PROGRAMMING\stm\charge_dev_fimw\charge_dev_v3.1\include" -I"E:\PROGRAMMING\stm\charge_dev_fimw\charge_dev_v3.1\system\include\lcd_lib" -I"E:\PROGRAMMING\stm\charge_dev_fimw\charge_dev_v3.1\system\include" -I"E:\PROGRAMMING\stm\charge_dev_fimw\charge_dev_v3.1\system\include\cmsis" -I"E:\PROGRAMMING\stm\charge_dev_fimw\charge_dev_v3.1\system\include\stm32f1-stdperiph" -std=gnu11 -MMD -MP -MF"system/src/stm32f1-stdperiph/stm32f10x_can.d" -MT"system/src/stm32f1-stdperiph/stm32f10x_can.o" -c -o "system/src/stm32f1-stdperiph/stm32f10x_can.o" "../system/src/stm32f1-stdperiph/stm32f10x_can.c"
'Finished building: ../system/src/stm32f1-stdperiph/stm32f10x_can.c'
' '
'Building file: ../system/src/stm32f1-stdperiph/stm32f10x_cec.c'
'Invoking: Cross ARM C Compiler'
arm-none-eabi-gcc -mcpu=cortex-m3 -mthumb -O0 -fmessage-length=0 -fsigned-char -ffunction-sections -fdata-sections -ffreestanding -fno-move-loop-invariants -Wall -Wextra  -g3 -DSTM32F10X_MD_VL -DUSE_STDPERIPH_DRIVER -DHSE_VALUE=0 -I"E:\PROGRAMMING\stm\charge_dev_fimw\charge_dev_v3.1\include" -I"E:\PROGRAMMING\stm\charge_dev_fimw\charge_dev_v3.1\system\include\lcd_lib" -I"E:\PROGRAMMING\stm\charge_dev_fimw\charge_dev_v3.1\system\include" -I"E:\PROGRAMMING\stm\charge_dev_fimw\charge_dev_v3.1\system\include\cmsis" -I"E:\PROGRAMMING\stm\charge_dev_fimw\charge_dev_v3.1\system\include\stm32f1-stdperiph" -std=gnu11 -MMD -MP -MF"system/src/stm32f1-stdperiph/stm32f10x_cec.d" -MT"system/src/stm32f1-stdperiph/stm32f10x_cec.o" -c -o "system/src/stm32f1-stdperiph/stm32f10x_cec.o" "../system/src/stm32f1-stdperiph/stm32f10x_cec.c"
'Finished building: ../system/src/stm32f1-stdperiph/stm32f10x_cec.c'
' '
'Building file: ../system/src/stm32f1-stdperiph/stm32f10x_crc.c'
'Invoking: Cross ARM C Compiler'
arm-none-eabi-gcc -mcpu=cortex-m3 -mthumb -O0 -fmessage-length=0 -fsigned-char -ffunction-sections -fdata-sections -ffreestanding -fno-move-loop-invariants -Wall -Wextra  -g3 -DSTM32F10X_MD_VL -DUSE_STDPERIPH_DRIVER -DHSE_VALUE=0 -I"E:\PROGRAMMING\stm\charge_dev_fimw\charge_dev_v3.1\include" -I"E:\PROGRAMMING\stm\charge_dev_fimw\charge_dev_v3.1\system\include\lcd_lib" -I"E:\PROGRAMMING\stm\charge_dev_fimw\charge_dev_v3.1\system\include" -I"E:\PROGRAMMING\stm\charge_dev_fimw\charge_dev_v3.1\system\include\cmsis" -I"E:\PROGRAMMING\stm\charge_dev_fimw\charge_dev_v3.1\system\include\stm32f1-stdperiph" -std=gnu11 -MMD -MP -MF"system/src/stm32f1-stdperiph/stm32f10x_crc.d" -MT"system/src/stm32f1-stdperiph/stm32f10x_crc.o" -c -o "system/src/stm32f1-stdperiph/stm32f10x_crc.o" "../system/src/stm32f1-stdperiph/stm32f10x_crc.c"
'Finished building: ../system/src/stm32f1-stdperiph/stm32f10x_crc.c'
' '
'Building file: ../system/src/stm32f1-stdperiph/stm32f10x_dac.c'
'Invoking: Cross ARM C Compiler'
arm-none-eabi-gcc -mcpu=cortex-m3 -mthumb -O0 -fmessage-length=0 -fsigned-char -ffunction-sections -fdata-sections -ffreestanding -fno-move-loop-invariants -Wall -Wextra  -g3 -DSTM32F10X_MD_VL -DUSE_STDPERIPH_DRIVER -DHSE_VALUE=0 -I"E:\PROGRAMMING\stm\charge_dev_fimw\charge_dev_v3.1\include" -I"E:\PROGRAMMING\stm\charge_dev_fimw\charge_dev_v3.1\system\include\lcd_lib" -I"E:\PROGRAMMING\stm\charge_dev_fimw\charge_dev_v3.1\system\include" -I"E:\PROGRAMMING\stm\charge_dev_fimw\charge_dev_v3.1\system\include\cmsis" -I"E:\PROGRAMMING\stm\charge_dev_fimw\charge_dev_v3.1\system\include\stm32f1-stdperiph" -std=gnu11 -MMD -MP -MF"system/src/stm32f1-stdperiph/stm32f10x_dac.d" -MT"system/src/stm32f1-stdperiph/stm32f10x_dac.o" -c -o "system/src/stm32f1-stdperiph/stm32f10x_dac.o" "../system/src/stm32f1-stdperiph/stm32f10x_dac.c"
'Finished building: ../system/src/stm32f1-stdperiph/stm32f10x_dac.c'
' '
'Building file: ../system/src/stm32f1-stdperiph/stm32f10x_dbgmcu.c'
'Invoking: Cross ARM C Compiler'
arm-none-eabi-gcc -mcpu=cortex-m3 -mthumb -O0 -fmessage-length=0 -fsigned-char -ffunction-sections -fdata-sections -ffreestanding -fno-move-loop-invariants -Wall -Wextra  -g3 -DSTM32F10X_MD_VL -DUSE_STDPERIPH_DRIVER -DHSE_VALUE=0 -I"E:\PROGRAMMING\stm\charge_dev_fimw\charge_dev_v3.1\include" -I"E:\PROGRAMMING\stm\charge_dev_fimw\charge_dev_v3.1\system\include\lcd_lib" -I"E:\PROGRAMMING\stm\charge_dev_fimw\charge_dev_v3.1\system\include" -I"E:\PROGRAMMING\stm\charge_dev_fimw\charge_dev_v3.1\system\include\cmsis" -I"E:\PROGRAMMING\stm\charge_dev_fimw\charge_dev_v3.1\system\include\stm32f1-stdperiph" -std=gnu11 -MMD -MP -MF"system/src/stm32f1-stdperiph/stm32f10x_dbgmcu.d" -MT"system/src/stm32f1-stdperiph/stm32f10x_dbgmcu.o" -c -o "system/src/stm32f1-stdperiph/stm32f10x_dbgmcu.o" "../system/src/stm32f1-stdperiph/stm32f10x_dbgmcu.c"
'Finished building: ../system/src/stm32f1-stdperiph/stm32f10x_dbgmcu.c'
' '
'Building file: ../system/src/stm32f1-stdperiph/stm32f10x_dma.c'
'Invoking: Cross ARM C Compiler'
arm-none-eabi-gcc -mcpu=cortex-m3 -mthumb -O0 -fmessage-length=0 -fsigned-char -ffunction-sections -fdata-sections -ffreestanding -fno-move-loop-invariants -Wall -Wextra  -g3 -DSTM32F10X_MD_VL -DUSE_STDPERIPH_DRIVER -DHSE_VALUE=0 -I"E:\PROGRAMMING\stm\charge_dev_fimw\charge_dev_v3.1\include" -I"E:\PROGRAMMING\stm\charge_dev_fimw\charge_dev_v3.1\system\include\lcd_lib" -I"E:\PROGRAMMING\stm\charge_dev_fimw\charge_dev_v3.1\system\include" -I"E:\PROGRAMMING\stm\charge_dev_fimw\charge_dev_v3.1\system\include\cmsis" -I"E:\PROGRAMMING\stm\charge_dev_fimw\charge_dev_v3.1\system\include\stm32f1-stdperiph" -std=gnu11 -MMD -MP -MF"system/src/stm32f1-stdperiph/stm32f10x_dma.d" -MT"system/src/stm32f1-stdperiph/stm32f10x_dma.o" -c -o "system/src/stm32f1-stdperiph/stm32f10x_dma.o" "../system/src/stm32f1-stdperiph/stm32f10x_dma.c"
'Finished building: ../system/src/stm32f1-stdperiph/stm32f10x_dma.c'
' '
'Building file: ../system/src/stm32f1-stdperiph/stm32f10x_exti.c'
'Invoking: Cross ARM C Compiler'
arm-none-eabi-gcc -mcpu=cortex-m3 -mthumb -O0 -fmessage-length=0 -fsigned-char -ffunction-sections -fdata-sections -ffreestanding -fno-move-loop-invariants -Wall -Wextra  -g3 -DSTM32F10X_MD_VL -DUSE_STDPERIPH_DRIVER -DHSE_VALUE=0 -I"E:\PROGRAMMING\stm\charge_dev_fimw\charge_dev_v3.1\include" -I"E:\PROGRAMMING\stm\charge_dev_fimw\charge_dev_v3.1\system\include\lcd_lib" -I"E:\PROGRAMMING\stm\charge_dev_fimw\charge_dev_v3.1\system\include" -I"E:\PROGRAMMING\stm\charge_dev_fimw\charge_dev_v3.1\system\include\cmsis" -I"E:\PROGRAMMING\stm\charge_dev_fimw\charge_dev_v3.1\system\include\stm32f1-stdperiph" -std=gnu11 -MMD -MP -MF"system/src/stm32f1-stdperiph/stm32f10x_exti.d" -MT"system/src/stm32f1-stdperiph/stm32f10x_exti.o" -c -o "system/src/stm32f1-stdperiph/stm32f10x_exti.o" "../system/src/stm32f1-stdperiph/stm32f10x_exti.c"
'Finished building: ../system/src/stm32f1-stdperiph/stm32f10x_exti.c'
' '
'Building file: ../system/src/stm32f1-stdperiph/stm32f10x_flash.c'
'Invoking: Cross ARM C Compiler'
arm-none-eabi-gcc -mcpu=cortex-m3 -mthumb -O0 -fmessage-length=0 -fsigned-char -ffunction-sections -fdata-sections -ffreestanding -fno-move-loop-invariants -Wall -Wextra  -g3 -DSTM32F10X_MD_VL -DUSE_STDPERIPH_DRIVER -DHSE_VALUE=0 -I"E:\PROGRAMMING\stm\charge_dev_fimw\charge_dev_v3.1\include" -I"E:\PROGRAMMING\stm\charge_dev_fimw\charge_dev_v3.1\system\include\lcd_lib" -I"E:\PROGRAMMING\stm\charge_dev_fimw\charge_dev_v3.1\system\include" -I"E:\PROGRAMMING\stm\charge_dev_fimw\charge_dev_v3.1\system\include\cmsis" -I"E:\PROGRAMMING\stm\charge_dev_fimw\charge_dev_v3.1\system\include\stm32f1-stdperiph" -std=gnu11 -MMD -MP -MF"system/src/stm32f1-stdperiph/stm32f10x_flash.d" -MT"system/src/stm32f1-stdperiph/stm32f10x_flash.o" -c -o "system/src/stm32f1-stdperiph/stm32f10x_flash.o" "../system/src/stm32f1-stdperiph/stm32f10x_flash.c"
'Finished building: ../system/src/stm32f1-stdperiph/stm32f10x_flash.c'
' '
'Building file: ../system/src/stm32f1-stdperiph/stm32f10x_fsmc.c'
'Invoking: Cross ARM C Compiler'
arm-none-eabi-gcc -mcpu=cortex-m3 -mthumb -O0 -fmessage-length=0 -fsigned-char -ffunction-sections -fdata-sections -ffreestanding -fno-move-loop-invariants -Wall -Wextra  -g3 -DSTM32F10X_MD_VL -DUSE_STDPERIPH_DRIVER -DHSE_VALUE=0 -I"E:\PROGRAMMING\stm\charge_dev_fimw\charge_dev_v3.1\include" -I"E:\PROGRAMMING\stm\charge_dev_fimw\charge_dev_v3.1\system\include\lcd_lib" -I"E:\PROGRAMMING\stm\charge_dev_fimw\charge_dev_v3.1\system\include" -I"E:\PROGRAMMING\stm\charge_dev_fimw\charge_dev_v3.1\system\include\cmsis" -I"E:\PROGRAMMING\stm\charge_dev_fimw\charge_dev_v3.1\system\include\stm32f1-stdperiph" -std=gnu11 -MMD -MP -MF"system/src/stm32f1-stdperiph/stm32f10x_fsmc.d" -MT"system/src/stm32f1-stdperiph/stm32f10x_fsmc.o" -c -o "system/src/stm32f1-stdperiph/stm32f10x_fsmc.o" "../system/src/stm32f1-stdperiph/stm32f10x_fsmc.c"
'Finished building: ../system/src/stm32f1-stdperiph/stm32f10x_fsmc.c'
' '
'Building file: ../system/src/stm32f1-stdperiph/stm32f10x_gpio.c'
'Invoking: Cross ARM C Compiler'
arm-none-eabi-gcc -mcpu=cortex-m3 -mthumb -O0 -fmessage-length=0 -fsigned-char -ffunction-sections -fdata-sections -ffreestanding -fno-move-loop-invariants -Wall -Wextra  -g3 -DSTM32F10X_MD_VL -DUSE_STDPERIPH_DRIVER -DHSE_VALUE=0 -I"E:\PROGRAMMING\stm\charge_dev_fimw\charge_dev_v3.1\include" -I"E:\PROGRAMMING\stm\charge_dev_fimw\charge_dev_v3.1\system\include\lcd_lib" -I"E:\PROGRAMMING\stm\charge_dev_fimw\charge_dev_v3.1\system\include" -I"E:\PROGRAMMING\stm\charge_dev_fimw\charge_dev_v3.1\system\include\cmsis" -I"E:\PROGRAMMING\stm\charge_dev_fimw\charge_dev_v3.1\system\include\stm32f1-stdperiph" -std=gnu11 -MMD -MP -MF"system/src/stm32f1-stdperiph/stm32f10x_gpio.d" -MT"system/src/stm32f1-stdperiph/stm32f10x_gpio.o" -c -o "system/src/stm32f1-stdperiph/stm32f10x_gpio.o" "../system/src/stm32f1-stdperiph/stm32f10x_gpio.c"
'Finished building: ../system/src/stm32f1-stdperiph/stm32f10x_gpio.c'
' '
'Building file: ../system/src/stm32f1-stdperiph/stm32f10x_i2c.c'
'Invoking: Cross ARM C Compiler'
arm-none-eabi-gcc -mcpu=cortex-m3 -mthumb -O0 -fmessage-length=0 -fsigned-char -ffunction-sections -fdata-sections -ffreestanding -fno-move-loop-invariants -Wall -Wextra  -g3 -DSTM32F10X_MD_VL -DUSE_STDPERIPH_DRIVER -DHSE_VALUE=0 -I"E:\PROGRAMMING\stm\charge_dev_fimw\charge_dev_v3.1\include" -I"E:\PROGRAMMING\stm\charge_dev_fimw\charge_dev_v3.1\system\include\lcd_lib" -I"E:\PROGRAMMING\stm\charge_dev_fimw\charge_dev_v3.1\system\include" -I"E:\PROGRAMMING\stm\charge_dev_fimw\charge_dev_v3.1\system\include\cmsis" -I"E:\PROGRAMMING\stm\charge_dev_fimw\charge_dev_v3.1\system\include\stm32f1-stdperiph" -std=gnu11 -MMD -MP -MF"system/src/stm32f1-stdperiph/stm32f10x_i2c.d" -MT"system/src/stm32f1-stdperiph/stm32f10x_i2c.o" -c -o "system/src/stm32f1-stdperiph/stm32f10x_i2c.o" "../system/src/stm32f1-stdperiph/stm32f10x_i2c.c"
'Finished building: ../system/src/stm32f1-stdperiph/stm32f10x_i2c.c'
' '
'Building file: ../system/src/stm32f1-stdperiph/stm32f10x_iwdg.c'
'Invoking: Cross ARM C Compiler'
arm-none-eabi-gcc -mcpu=cortex-m3 -mthumb -O0 -fmessage-length=0 -fsigned-char -ffunction-sections -fdata-sections -ffreestanding -fno-move-loop-invariants -Wall -Wextra  -g3 -DSTM32F10X_MD_VL -DUSE_STDPERIPH_DRIVER -DHSE_VALUE=0 -I"E:\PROGRAMMING\stm\charge_dev_fimw\charge_dev_v3.1\include" -I"E:\PROGRAMMING\stm\charge_dev_fimw\charge_dev_v3.1\system\include\lcd_lib" -I"E:\PROGRAMMING\stm\charge_dev_fimw\charge_dev_v3.1\system\include" -I"E:\PROGRAMMING\stm\charge_dev_fimw\charge_dev_v3.1\system\include\cmsis" -I"E:\PROGRAMMING\stm\charge_dev_fimw\charge_dev_v3.1\system\include\stm32f1-stdperiph" -std=gnu11 -MMD -MP -MF"system/src/stm32f1-stdperiph/stm32f10x_iwdg.d" -MT"system/src/stm32f1-stdperiph/stm32f10x_iwdg.o" -c -o "system/src/stm32f1-stdperiph/stm32f10x_iwdg.o" "../system/src/stm32f1-stdperiph/stm32f10x_iwdg.c"
'Finished building: ../system/src/stm32f1-stdperiph/stm32f10x_iwdg.c'
' '
'Building file: ../system/src/stm32f1-stdperiph/stm32f10x_pwr.c'
'Invoking: Cross ARM C Compiler'
arm-none-eabi-gcc -mcpu=cortex-m3 -mthumb -O0 -fmessage-length=0 -fsigned-char -ffunction-sections -fdata-sections -ffreestanding -fno-move-loop-invariants -Wall -Wextra  -g3 -DSTM32F10X_MD_VL -DUSE_STDPERIPH_DRIVER -DHSE_VALUE=0 -I"E:\PROGRAMMING\stm\charge_dev_fimw\charge_dev_v3.1\include" -I"E:\PROGRAMMING\stm\charge_dev_fimw\charge_dev_v3.1\system\include\lcd_lib" -I"E:\PROGRAMMING\stm\charge_dev_fimw\charge_dev_v3.1\system\include" -I"E:\PROGRAMMING\stm\charge_dev_fimw\charge_dev_v3.1\system\include\cmsis" -I"E:\PROGRAMMING\stm\charge_dev_fimw\charge_dev_v3.1\system\include\stm32f1-stdperiph" -std=gnu11 -MMD -MP -MF"system/src/stm32f1-stdperiph/stm32f10x_pwr.d" -MT"system/src/stm32f1-stdperiph/stm32f10x_pwr.o" -c -o "system/src/stm32f1-stdperiph/stm32f10x_pwr.o" "../system/src/stm32f1-stdperiph/stm32f10x_pwr.c"
'Finished building: ../system/src/stm32f1-stdperiph/stm32f10x_pwr.c'
' '
'Building file: ../system/src/stm32f1-stdperiph/stm32f10x_rcc.c'
'Invoking: Cross ARM C Compiler'
arm-none-eabi-gcc -mcpu=cortex-m3 -mthumb -O0 -fmessage-length=0 -fsigned-char -ffunction-sections -fdata-sections -ffreestanding -fno-move-loop-invariants -Wall -Wextra  -g3 -DSTM32F10X_MD_VL -DUSE_STDPERIPH_DRIVER -DHSE_VALUE=0 -I"E:\PROGRAMMING\stm\charge_dev_fimw\charge_dev_v3.1\include" -I"E:\PROGRAMMING\stm\charge_dev_fimw\charge_dev_v3.1\system\include\lcd_lib" -I"E:\PROGRAMMING\stm\charge_dev_fimw\charge_dev_v3.1\system\include" -I"E:\PROGRAMMING\stm\charge_dev_fimw\charge_dev_v3.1\system\include\cmsis" -I"E:\PROGRAMMING\stm\charge_dev_fimw\charge_dev_v3.1\system\include\stm32f1-stdperiph" -std=gnu11 -MMD -MP -MF"system/src/stm32f1-stdperiph/stm32f10x_rcc.d" -MT"system/src/stm32f1-stdperiph/stm32f10x_rcc.o" -c -o "system/src/stm32f1-stdperiph/stm32f10x_rcc.o" "../system/src/stm32f1-stdperiph/stm32f10x_rcc.c"
'Finished building: ../system/src/stm32f1-stdperiph/stm32f10x_rcc.c'
' '
'Building file: ../system/src/stm32f1-stdperiph/stm32f10x_rtc.c'
'Invoking: Cross ARM C Compiler'
arm-none-eabi-gcc -mcpu=cortex-m3 -mthumb -O0 -fmessage-length=0 -fsigned-char -ffunction-sections -fdata-sections -ffreestanding -fno-move-loop-invariants -Wall -Wextra  -g3 -DSTM32F10X_MD_VL -DUSE_STDPERIPH_DRIVER -DHSE_VALUE=0 -I"E:\PROGRAMMING\stm\charge_dev_fimw\charge_dev_v3.1\include" -I"E:\PROGRAMMING\stm\charge_dev_fimw\charge_dev_v3.1\system\include\lcd_lib" -I"E:\PROGRAMMING\stm\charge_dev_fimw\charge_dev_v3.1\system\include" -I"E:\PROGRAMMING\stm\charge_dev_fimw\charge_dev_v3.1\system\include\cmsis" -I"E:\PROGRAMMING\stm\charge_dev_fimw\charge_dev_v3.1\system\include\stm32f1-stdperiph" -std=gnu11 -MMD -MP -MF"system/src/stm32f1-stdperiph/stm32f10x_rtc.d" -MT"system/src/stm32f1-stdperiph/stm32f10x_rtc.o" -c -o "system/src/stm32f1-stdperiph/stm32f10x_rtc.o" "../system/src/stm32f1-stdperiph/stm32f10x_rtc.c"
'Finished building: ../system/src/stm32f1-stdperiph/stm32f10x_rtc.c'
' '
'Building file: ../system/src/stm32f1-stdperiph/stm32f10x_sdio.c'
'Invoking: Cross ARM C Compiler'
arm-none-eabi-gcc -mcpu=cortex-m3 -mthumb -O0 -fmessage-length=0 -fsigned-char -ffunction-sections -fdata-sections -ffreestanding -fno-move-loop-invariants -Wall -Wextra  -g3 -DSTM32F10X_MD_VL -DUSE_STDPERIPH_DRIVER -DHSE_VALUE=0 -I"E:\PROGRAMMING\stm\charge_dev_fimw\charge_dev_v3.1\include" -I"E:\PROGRAMMING\stm\charge_dev_fimw\charge_dev_v3.1\system\include\lcd_lib" -I"E:\PROGRAMMING\stm\charge_dev_fimw\charge_dev_v3.1\system\include" -I"E:\PROGRAMMING\stm\charge_dev_fimw\charge_dev_v3.1\system\include\cmsis" -I"E:\PROGRAMMING\stm\charge_dev_fimw\charge_dev_v3.1\system\include\stm32f1-stdperiph" -std=gnu11 -MMD -MP -MF"system/src/stm32f1-stdperiph/stm32f10x_sdio.d" -MT"system/src/stm32f1-stdperiph/stm32f10x_sdio.o" -c -o "system/src/stm32f1-stdperiph/stm32f10x_sdio.o" "../system/src/stm32f1-stdperiph/stm32f10x_sdio.c"
'Finished building: ../system/src/stm32f1-stdperiph/stm32f10x_sdio.c'
' '
'Building file: ../system/src/stm32f1-stdperiph/stm32f10x_spi.c'
'Invoking: Cross ARM C Compiler'
arm-none-eabi-gcc -mcpu=cortex-m3 -mthumb -O0 -fmessage-length=0 -fsigned-char -ffunction-sections -fdata-sections -ffreestanding -fno-move-loop-invariants -Wall -Wextra  -g3 -DSTM32F10X_MD_VL -DUSE_STDPERIPH_DRIVER -DHSE_VALUE=0 -I"E:\PROGRAMMING\stm\charge_dev_fimw\charge_dev_v3.1\include" -I"E:\PROGRAMMING\stm\charge_dev_fimw\charge_dev_v3.1\system\include\lcd_lib" -I"E:\PROGRAMMING\stm\charge_dev_fimw\charge_dev_v3.1\system\include" -I"E:\PROGRAMMING\stm\charge_dev_fimw\charge_dev_v3.1\system\include\cmsis" -I"E:\PROGRAMMING\stm\charge_dev_fimw\charge_dev_v3.1\system\include\stm32f1-stdperiph" -std=gnu11 -MMD -MP -MF"system/src/stm32f1-stdperiph/stm32f10x_spi.d" -MT"system/src/stm32f1-stdperiph/stm32f10x_spi.o" -c -o "system/src/stm32f1-stdperiph/stm32f10x_spi.o" "../system/src/stm32f1-stdperiph/stm32f10x_spi.c"
'Finished building: ../system/src/stm32f1-stdperiph/stm32f10x_spi.c'
' '
'Building file: ../system/src/stm32f1-stdperiph/stm32f10x_tim.c'
'Invoking: Cross ARM C Compiler'
arm-none-eabi-gcc -mcpu=cortex-m3 -mthumb -O0 -fmessage-length=0 -fsigned-char -ffunction-sections -fdata-sections -ffreestanding -fno-move-loop-invariants -Wall -Wextra  -g3 -DSTM32F10X_MD_VL -DUSE_STDPERIPH_DRIVER -DHSE_VALUE=0 -I"E:\PROGRAMMING\stm\charge_dev_fimw\charge_dev_v3.1\include" -I"E:\PROGRAMMING\stm\charge_dev_fimw\charge_dev_v3.1\system\include\lcd_lib" -I"E:\PROGRAMMING\stm\charge_dev_fimw\charge_dev_v3.1\system\include" -I"E:\PROGRAMMING\stm\charge_dev_fimw\charge_dev_v3.1\system\include\cmsis" -I"E:\PROGRAMMING\stm\charge_dev_fimw\charge_dev_v3.1\system\include\stm32f1-stdperiph" -std=gnu11 -MMD -MP -MF"system/src/stm32f1-stdperiph/stm32f10x_tim.d" -MT"system/src/stm32f1-stdperiph/stm32f10x_tim.o" -c -o "system/src/stm32f1-stdperiph/stm32f10x_tim.o" "../system/src/stm32f1-stdperiph/stm32f10x_tim.c"
'Finished building: ../system/src/stm32f1-stdperiph/stm32f10x_tim.c'
' '
'Building file: ../system/src/stm32f1-stdperiph/stm32f10x_usart.c'
'Invoking: Cross ARM C Compiler'
arm-none-eabi-gcc -mcpu=cortex-m3 -mthumb -O0 -fmessage-length=0 -fsigned-char -ffunction-sections -fdata-sections -ffreestanding -fno-move-loop-invariants -Wall -Wextra  -g3 -DSTM32F10X_MD_VL -DUSE_STDPERIPH_DRIVER -DHSE_VALUE=0 -I"E:\PROGRAMMING\stm\charge_dev_fimw\charge_dev_v3.1\include" -I"E:\PROGRAMMING\stm\charge_dev_fimw\charge_dev_v3.1\system\include\lcd_lib" -I"E:\PROGRAMMING\stm\charge_dev_fimw\charge_dev_v3.1\system\include" -I"E:\PROGRAMMING\stm\charge_dev_fimw\charge_dev_v3.1\system\include\cmsis" -I"E:\PROGRAMMING\stm\charge_dev_fimw\charge_dev_v3.1\system\include\stm32f1-stdperiph" -std=gnu11 -MMD -MP -MF"system/src/stm32f1-stdperiph/stm32f10x_usart.d" -MT"system/src/stm32f1-stdperiph/stm32f10x_usart.o" -c -o "system/src/stm32f1-stdperiph/stm32f10x_usart.o" "../system/src/stm32f1-stdperiph/stm32f10x_usart.c"
'Finished building: ../system/src/stm32f1-stdperiph/stm32f10x_usart.c'
' '
'Building file: ../system/src/stm32f1-stdperiph/stm32f10x_wwdg.c'
'Invoking: Cross ARM C Compiler'
arm-none-eabi-gcc -mcpu=cortex-m3 -mthumb -O0 -fmessage-length=0 -fsigned-char -ffunction-sections -fdata-sections -ffreestanding -fno-move-loop-invariants -Wall -Wextra  -g3 -DSTM32F10X_MD_VL -DUSE_STDPERIPH_DRIVER -DHSE_VALUE=0 -I"E:\PROGRAMMING\stm\charge_dev_fimw\charge_dev_v3.1\include" -I"E:\PROGRAMMING\stm\charge_dev_fimw\charge_dev_v3.1\system\include\lcd_lib" -I"E:\PROGRAMMING\stm\charge_dev_fimw\charge_dev_v3.1\system\include" -I"E:\PROGRAMMING\stm\charge_dev_fimw\charge_dev_v3.1\system\include\cmsis" -I"E:\PROGRAMMING\stm\charge_dev_fimw\charge_dev_v3.1\system\include\stm32f1-stdperiph" -std=gnu11 -MMD -MP -MF"system/src/stm32f1-stdperiph/stm32f10x_wwdg.d" -MT"system/src/stm32f1-stdperiph/stm32f10x_wwdg.o" -c -o "system/src/stm32f1-stdperiph/stm32f10x_wwdg.o" "../system/src/stm32f1-stdperiph/stm32f10x_wwdg.c"
'Finished building: ../system/src/stm32f1-stdperiph/stm32f10x_wwdg.c'
' '
'Building file: ../system/src/newlib/_cxx.cpp'
'Invoking: Cross ARM C++ Compiler'
arm-none-eabi-g++ -mcpu=cortex-m3 -mthumb -O0 -fmessage-length=0 -fsigned-char -ffunction-sections -fdata-sections -ffreestanding -fno-move-loop-invariants -Wall -Wextra  -g3 -DDEBUG -DUSE_FULL_ASSERT -DSTM32F10X_MD_VL -DUSE_STDPERIPH_DRIVER -I"E:\PROGRAMMING\stm\charge_dev_fimw\charge_dev_v3.1\system\include\cmsis" -I"E:\PROGRAMMING\stm\charge_dev_fimw\charge_dev_v3.1\system\include\lcd_lib" -I"E:\PROGRAMMING\stm\charge_dev_fimw\charge_dev_v3.1\include" -I"E:\PROGRAMMING\stm\charge_dev_fimw\charge_dev_v3.1\system\include" -I"E:\PROGRAMMING\stm\charge_dev_fimw\charge_dev_v3.1\system\include\stm32f1-stdperiph" -std=gnu++11 -fabi-version=0 -fno-exceptions -fno-rtti -fno-use-cxa-atexit -fno-threadsafe-statics -MMD -MP -MF"system/src/newlib/_cxx.d" -MT"system/src/newlib/_cxx.o" -c -o "system/src/newlib/_cxx.o" "../system/src/newlib/_cxx.cpp"
'Finished building: ../system/src/newlib/_cxx.cpp'
' '
'Building file: ../system/src/newlib/_exit.c'
'Invoking: Cross ARM C Compiler'
arm-none-eabi-gcc -mcpu=cortex-m3 -mthumb -O0 -fmessage-length=0 -fsigned-char -ffunction-sections -fdata-sections -ffreestanding -fno-move-loop-invariants -Wall -Wextra  -g3 -DSTM32F10X_MD_VL -DUSE_STDPERIPH_DRIVER -DHSE_VALUE=0 -I"E:\PROGRAMMING\stm\charge_dev_fimw\charge_dev_v3.1\include" -I"E:\PROGRAMMING\stm\charge_dev_fimw\charge_dev_v3.1\system\include\lcd_lib" -I"E:\PROGRAMMING\stm\charge_dev_fimw\charge_dev_v3.1\system\include" -I"E:\PROGRAMMING\stm\charge_dev_fimw\charge_dev_v3.1\system\include\cmsis" -I"E:\PROGRAMMING\stm\charge_dev_fimw\charge_dev_v3.1\system\include\stm32f1-stdperiph" -std=gnu11 -MMD -MP -MF"system/src/newlib/_exit.d" -MT"system/src/newlib/_exit.o" -c -o "system/src/newlib/_exit.o" "../system/src/newlib/_exit.c"
'Finished building: ../system/src/newlib/_exit.c'
' '
'Building file: ../system/src/newlib/_sbrk.c'
'Invoking: Cross ARM C Compiler'
arm-none-eabi-gcc -mcpu=cortex-m3 -mthumb -O0 -fmessage-length=0 -fsigned-char -ffunction-sections -fdata-sections -ffreestanding -fno-move-loop-invariants -Wall -Wextra  -g3 -DSTM32F10X_MD_VL -DUSE_STDPERIPH_DRIVER -DHSE_VALUE=0 -I"E:\PROGRAMMING\stm\charge_dev_fimw\charge_dev_v3.1\include" -I"E:\PROGRAMMING\stm\charge_dev_fimw\charge_dev_v3.1\system\include\lcd_lib" -I"E:\PROGRAMMING\stm\charge_dev_fimw\charge_dev_v3.1\system\include" -I"E:\PROGRAMMING\stm\charge_dev_fimw\charge_dev_v3.1\system\include\cmsis" -I"E:\PROGRAMMING\stm\charge_dev_fimw\charge_dev_v3.1\system\include\stm32f1-stdperiph" -std=gnu11 -MMD -MP -MF"system/src/newlib/_sbrk.d" -MT"system/src/newlib/_sbrk.o" -c -o "system/src/newlib/_sbrk.o" "../system/src/newlib/_sbrk.c"
'Finished building: ../system/src/newlib/_sbrk.c'
' '
'Building file: ../system/src/newlib/_startup.c'
'Invoking: Cross ARM C Compiler'
arm-none-eabi-gcc -mcpu=cortex-m3 -mthumb -O0 -fmessage-length=0 -fsigned-char -ffunction-sections -fdata-sections -ffreestanding -fno-move-loop-invariants -Wall -Wextra  -g3 -DSTM32F10X_MD_VL -DUSE_STDPERIPH_DRIVER -DHSE_VALUE=0 -I"E:\PROGRAMMING\stm\charge_dev_fimw\charge_dev_v3.1\include" -I"E:\PROGRAMMING\stm\charge_dev_fimw\charge_dev_v3.1\system\include\lcd_lib" -I"E:\PROGRAMMING\stm\charge_dev_fimw\charge_dev_v3.1\system\include" -I"E:\PROGRAMMING\stm\charge_dev_fimw\charge_dev_v3.1\system\include\cmsis" -I"E:\PROGRAMMING\stm\charge_dev_fimw\charge_dev_v3.1\system\include\stm32f1-stdperiph" -std=gnu11 -MMD -MP -MF"system/src/newlib/_startup.d" -MT"system/src/newlib/_startup.o" -c -o "system/src/newlib/_startup.o" "../system/src/newlib/_startup.c"
'Finished building: ../system/src/newlib/_startup.c'
' '
'Building file: ../system/src/newlib/_syscalls.c'
'Invoking: Cross ARM C Compiler'
arm-none-eabi-gcc -mcpu=cortex-m3 -mthumb -O0 -fmessage-length=0 -fsigned-char -ffunction-sections -fdata-sections -ffreestanding -fno-move-loop-invariants -Wall -Wextra  -g3 -DSTM32F10X_MD_VL -DUSE_STDPERIPH_DRIVER -DHSE_VALUE=0 -I"E:\PROGRAMMING\stm\charge_dev_fimw\charge_dev_v3.1\include" -I"E:\PROGRAMMING\stm\charge_dev_fimw\charge_dev_v3.1\system\include\lcd_lib" -I"E:\PROGRAMMING\stm\charge_dev_fimw\charge_dev_v3.1\system\include" -I"E:\PROGRAMMING\stm\charge_dev_fimw\charge_dev_v3.1\system\include\cmsis" -I"E:\PROGRAMMING\stm\charge_dev_fimw\charge_dev_v3.1\system\include\stm32f1-stdperiph" -std=gnu11 -MMD -MP -MF"system/src/newlib/_syscalls.d" -MT"system/src/newlib/_syscalls.o" -c -o "system/src/newlib/_syscalls.o" "../system/src/newlib/_syscalls.c"
'Finished building: ../system/src/newlib/_syscalls.c'
' '
'Building file: ../system/src/newlib/assert.c'
'Invoking: Cross ARM C Compiler'
arm-none-eabi-gcc -mcpu=cortex-m3 -mthumb -O0 -fmessage-length=0 -fsigned-char -ffunction-sections -fdata-sections -ffreestanding -fno-move-loop-invariants -Wall -Wextra  -g3 -DSTM32F10X_MD_VL -DUSE_STDPERIPH_DRIVER -DHSE_VALUE=0 -I"E:\PROGRAMMING\stm\charge_dev_fimw\charge_dev_v3.1\include" -I"E:\PROGRAMMING\stm\charge_dev_fimw\charge_dev_v3.1\system\include\lcd_lib" -I"E:\PROGRAMMING\stm\charge_dev_fimw\charge_dev_v3.1\system\include" -I"E:\PROGRAMMING\stm\charge_dev_fimw\charge_dev_v3.1\system\include\cmsis" -I"E:\PROGRAMMING\stm\charge_dev_fimw\charge_dev_v3.1\system\include\stm32f1-stdperiph" -std=gnu11 -MMD -MP -MF"system/src/newlib/assert.d" -MT"system/src/newlib/assert.o" -c -o "system/src/newlib/assert.o" "../system/src/newlib/assert.c"
'Finished building: ../system/src/newlib/assert.c'
' '
'Building file: ../system/src/lcd_lib/nokia1100_lcd_lib.c'
'Invoking: Cross ARM C Compiler'
arm-none-eabi-gcc -mcpu=cortex-m3 -mthumb -O0 -fmessage-length=0 -fsigned-char -ffunction-sections -fdata-sections -ffreestanding -fno-move-loop-invariants -Wall -Wextra  -g3 -DSTM32F10X_MD_VL -DUSE_STDPERIPH_DRIVER -DHSE_VALUE=0 -I"E:\PROGRAMMING\stm\charge_dev_fimw\charge_dev_v3.1\include" -I"E:\PROGRAMMING\stm\charge_dev_fimw\charge_dev_v3.1\system\include\lcd_lib" -I"E:\PROGRAMMING\stm\charge_dev_fimw\charge_dev_v3.1\system\include" -I"E:\PROGRAMMING\stm\charge_dev_fimw\charge_dev_v3.1\system\include\cmsis" -I"E:\PROGRAMMING\stm\charge_dev_fimw\charge_dev_v3.1\system\include\stm32f1-stdperiph" -std=gnu11 -MMD -MP -MF"system/src/lcd_lib/nokia1100_lcd_lib.d" -MT"system/src/lcd_lib/nokia1100_lcd_lib.o" -c -o "system/src/lcd_lib/nokia1100_lcd_lib.o" "../system/src/lcd_lib/nokia1100_lcd_lib.c"
'Finished building: ../system/src/lcd_lib/nokia1100_lcd_lib.c'
' '
'Building file: ../system/src/diag/Trace.c'
'Invoking: Cross ARM C Compiler'
arm-none-eabi-gcc -mcpu=cortex-m3 -mthumb -O0 -fmessage-length=0 -fsigned-char -ffunction-sections -fdata-sections -ffreestanding -fno-move-loop-invariants -Wall -Wextra  -g3 -DSTM32F10X_MD_VL -DUSE_STDPERIPH_DRIVER -DHSE_VALUE=0 -I"E:\PROGRAMMING\stm\charge_dev_fimw\charge_dev_v3.1\include" -I"E:\PROGRAMMING\stm\charge_dev_fimw\charge_dev_v3.1\system\include\lcd_lib" -I"E:\PROGRAMMING\stm\charge_dev_fimw\charge_dev_v3.1\system\include" -I"E:\PROGRAMMING\stm\charge_dev_fimw\charge_dev_v3.1\system\include\cmsis" -I"E:\PROGRAMMING\stm\charge_dev_fimw\charge_dev_v3.1\system\include\stm32f1-stdperiph" -std=gnu11 -MMD -MP -MF"system/src/diag/Trace.d" -MT"system/src/diag/Trace.o" -c -o "system/src/diag/Trace.o" "../system/src/diag/Trace.c"
'Finished building: ../system/src/diag/Trace.c'
' '
'Building file: ../system/src/diag/trace_impl.c'
'Invoking: Cross ARM C Compiler'
arm-none-eabi-gcc -mcpu=cortex-m3 -mthumb -O0 -fmessage-length=0 -fsigned-char -ffunction-sections -fdata-sections -ffreestanding -fno-move-loop-invariants -Wall -Wextra  -g3 -DSTM32F10X_MD_VL -DUSE_STDPERIPH_DRIVER -DHSE_VALUE=0 -I"E:\PROGRAMMING\stm\charge_dev_fimw\charge_dev_v3.1\include" -I"E:\PROGRAMMING\stm\charge_dev_fimw\charge_dev_v3.1\system\include\lcd_lib" -I"E:\PROGRAMMING\stm\charge_dev_fimw\charge_dev_v3.1\system\include" -I"E:\PROGRAMMING\stm\charge_dev_fimw\charge_dev_v3.1\system\include\cmsis" -I"E:\PROGRAMMING\stm\charge_dev_fimw\charge_dev_v3.1\system\include\stm32f1-stdperiph" -std=gnu11 -MMD -MP -MF"system/src/diag/trace_impl.d" -MT"system/src/diag/trace_impl.o" -c -o "system/src/diag/trace_impl.o" "../system/src/diag/trace_impl.c"
'Finished building: ../system/src/diag/trace_impl.c'
' '
'Building file: ../system/src/cortexm/_initialize_hardware.c'
'Invoking: Cross ARM C Compiler'
arm-none-eabi-gcc -mcpu=cortex-m3 -mthumb -O0 -fmessage-length=0 -fsigned-char -ffunction-sections -fdata-sections -ffreestanding -fno-move-loop-invariants -Wall -Wextra  -g3 -DSTM32F10X_MD_VL -DUSE_STDPERIPH_DRIVER -DHSE_VALUE=0 -I"E:\PROGRAMMING\stm\charge_dev_fimw\charge_dev_v3.1\include" -I"E:\PROGRAMMING\stm\charge_dev_fimw\charge_dev_v3.1\system\include\lcd_lib" -I"E:\PROGRAMMING\stm\charge_dev_fimw\charge_dev_v3.1\system\include" -I"E:\PROGRAMMING\stm\charge_dev_fimw\charge_dev_v3.1\system\include\cmsis" -I"E:\PROGRAMMING\stm\charge_dev_fimw\charge_dev_v3.1\system\include\stm32f1-stdperiph" -std=gnu11 -MMD -MP -MF"system/src/cortexm/_initialize_hardware.d" -MT"system/src/cortexm/_initialize_hardware.o" -c -o "system/src/cortexm/_initialize_hardware.o" "../system/src/cortexm/_initialize_hardware.c"
'Finished building: ../system/src/cortexm/_initialize_hardware.c'
' '
'Building file: ../system/src/cortexm/_reset_hardware.c'
'Invoking: Cross ARM C Compiler'
arm-none-eabi-gcc -mcpu=cortex-m3 -mthumb -O0 -fmessage-length=0 -fsigned-char -ffunction-sections -fdata-sections -ffreestanding -fno-move-loop-invariants -Wall -Wextra  -g3 -DSTM32F10X_MD_VL -DUSE_STDPERIPH_DRIVER -DHSE_VALUE=0 -I"E:\PROGRAMMING\stm\charge_dev_fimw\charge_dev_v3.1\include" -I"E:\PROGRAMMING\stm\charge_dev_fimw\charge_dev_v3.1\system\include\lcd_lib" -I"E:\PROGRAMMING\stm\charge_dev_fimw\charge_dev_v3.1\system\include" -I"E:\PROGRAMMING\stm\charge_dev_fimw\charge_dev_v3.1\system\include\cmsis" -I"E:\PROGRAMMING\stm\charge_dev_fimw\charge_dev_v3.1\system\include\stm32f1-stdperiph" -std=gnu11 -MMD -MP -MF"system/src/cortexm/_reset_hardware.d" -MT"system/src/cortexm/_reset_hardware.o" -c -o "system/src/cortexm/_reset_hardware.o" "../system/src/cortexm/_reset_hardware.c"
'Finished building: ../system/src/cortexm/_reset_hardware.c'
' '
'Building file: ../system/src/cortexm/exception_handlers.c'
'Invoking: Cross ARM C Compiler'
arm-none-eabi-gcc -mcpu=cortex-m3 -mthumb -O0 -fmessage-length=0 -fsigned-char -ffunction-sections -fdata-sections -ffreestanding -fno-move-loop-invariants -Wall -Wextra  -g3 -DSTM32F10X_MD_VL -DUSE_STDPERIPH_DRIVER -DHSE_VALUE=0 -I"E:\PROGRAMMING\stm\charge_dev_fimw\charge_dev_v3.1\include" -I"E:\PROGRAMMING\stm\charge_dev_fimw\charge_dev_v3.1\system\include\lcd_lib" -I"E:\PROGRAMMING\stm\charge_dev_fimw\charge_dev_v3.1\system\include" -I"E:\PROGRAMMING\stm\charge_dev_fimw\charge_dev_v3.1\system\include\cmsis" -I"E:\PROGRAMMING\stm\charge_dev_fimw\charge_dev_v3.1\system\include\stm32f1-stdperiph" -std=gnu11 -MMD -MP -MF"system/src/cortexm/exception_handlers.d" -MT"system/src/cortexm/exception_handlers.o" -c -o "system/src/cortexm/exception_handlers.o" "../system/src/cortexm/exception_handlers.c"
'Finished building: ../system/src/cortexm/exception_handlers.c'
' '
'Building file: ../system/src/cmsis/system_stm32f10x.c'
'Invoking: Cross ARM C Compiler'
arm-none-eabi-gcc -mcpu=cortex-m3 -mthumb -O0 -fmessage-length=0 -fsigned-char -ffunction-sections -fdata-sections -ffreestanding -fno-move-loop-invariants -Wall -Wextra  -g3 -DSTM32F10X_MD_VL -DUSE_STDPERIPH_DRIVER -DHSE_VALUE=0 -I"E:\PROGRAMMING\stm\charge_dev_fimw\charge_dev_v3.1\include" -I"E:\PROGRAMMING\stm\charge_dev_fimw\charge_dev_v3.1\system\include\lcd_lib" -I"E:\PROGRAMMING\stm\charge_dev_fimw\charge_dev_v3.1\system\include" -I"E:\PROGRAMMING\stm\charge_dev_fimw\charge_dev_v3.1\system\include\cmsis" -I"E:\PROGRAMMING\stm\charge_dev_fimw\charge_dev_v3.1\system\include\stm32f1-stdperiph" -std=gnu11 -MMD -MP -MF"system/src/cmsis/system_stm32f10x.d" -MT"system/src/cmsis/system_stm32f10x.o" -c -o "system/src/cmsis/system_stm32f10x.o" "../system/src/cmsis/system_stm32f10x.c"
'Finished building: ../system/src/cmsis/system_stm32f10x.c'
' '
'Building file: ../system/src/cmsis/vectors_stm32f10x.c'
'Invoking: Cross ARM C Compiler'
arm-none-eabi-gcc -mcpu=cortex-m3 -mthumb -O0 -fmessage-length=0 -fsigned-char -ffunction-sections -fdata-sections -ffreestanding -fno-move-loop-invariants -Wall -Wextra  -g3 -DSTM32F10X_MD_VL -DUSE_STDPERIPH_DRIVER -DHSE_VALUE=0 -I"E:\PROGRAMMING\stm\charge_dev_fimw\charge_dev_v3.1\include" -I"E:\PROGRAMMING\stm\charge_dev_fimw\charge_dev_v3.1\system\include\lcd_lib" -I"E:\PROGRAMMING\stm\charge_dev_fimw\charge_dev_v3.1\system\include" -I"E:\PROGRAMMING\stm\charge_dev_fimw\charge_dev_v3.1\system\include\cmsis" -I"E:\PROGRAMMING\stm\charge_dev_fimw\charge_dev_v3.1\system\include\stm32f1-stdperiph" -std=gnu11 -MMD -MP -MF"system/src/cmsis/vectors_stm32f10x.d" -MT"system/src/cmsis/vectors_stm32f10x.o" -c -o "system/src/cmsis/vectors_stm32f10x.o" "../system/src/cmsis/vectors_stm32f10x.c"
'Finished building: ../system/src/cmsis/vectors_stm32f10x.c'
' '
'Building file: ../src/_write.c'
'Invoking: Cross ARM C Compiler'
arm-none-eabi-gcc -mcpu=cortex-m3 -mthumb -O0 -fmessage-length=0 -fsigned-char -ffunction-sections -fdata-sections -ffreestanding -fno-move-loop-invariants -Wall -Wextra  -g3 -DSTM32F10X_MD_VL -DUSE_STDPERIPH_DRIVER -DHSE_VALUE=0 -I"E:\PROGRAMMING\stm\charge_dev_fimw\charge_dev_v3.1\include" -I"E:\PROGRAMMING\stm\charge_dev_fimw\charge_dev_v3.1\system\include\lcd_lib" -I"E:\PROGRAMMING\stm\charge_dev_fimw\charge_dev_v3.1\system\include" -I"E:\PROGRAMMING\stm\charge_dev_fimw\charge_dev_v3.1\system\include\cmsis" -I"E:\PROGRAMMING\stm\charge_dev_fimw\charge_dev_v3.1\system\include\stm32f1-stdperiph" -std=gnu11 -MMD -MP -MF"src/_write.d" -MT"src/_write.o" -c -o "src/_write.o" "../src/_write.c"
'Finished building: ../src/_write.c'
' '
'Building file: ../src/adc.c'
'Invoking: Cross ARM C Compiler'
arm-none-eabi-gcc -mcpu=cortex-m3 -mthumb -O0 -fmessage-length=0 -fsigned-char -ffunction-sections -fdata-sections -ffreestanding -fno-move-loop-invariants -Wall -Wextra  -g3 -DSTM32F10X_MD_VL -DUSE_STDPERIPH_DRIVER -DHSE_VALUE=0 -I"E:\PROGRAMMING\stm\charge_dev_fimw\charge_dev_v3.1\include" -I"E:\PROGRAMMING\stm\charge_dev_fimw\charge_dev_v3.1\system\include\lcd_lib" -I"E:\PROGRAMMING\stm\charge_dev_fimw\charge_dev_v3.1\system\include" -I"E:\PROGRAMMING\stm\charge_dev_fimw\charge_dev_v3.1\system\include\cmsis" -I"E:\PROGRAMMING\stm\charge_dev_fimw\charge_dev_v3.1\system\include\stm32f1-stdperiph" -std=gnu11 -MMD -MP -MF"src/adc.d" -MT"src/adc.o" -c -o "src/adc.o" "../src/adc.c"
../src/adc.c: In function 'ADC1_IRQHandler':
../src/adc.c:53:6: warning: unused variable 'currAmp' [-Wunused-variable]
'Finished building: ../src/adc.c'
' '
'Building file: ../src/common.c'
'Invoking: Cross ARM C Compiler'
arm-none-eabi-gcc -mcpu=cortex-m3 -mthumb -O0 -fmessage-length=0 -fsigned-char -ffunction-sections -fdata-sections -ffreestanding -fno-move-loop-invariants -Wall -Wextra  -g3 -DSTM32F10X_MD_VL -DUSE_STDPERIPH_DRIVER -DHSE_VALUE=0 -I"E:\PROGRAMMING\stm\charge_dev_fimw\charge_dev_v3.1\include" -I"E:\PROGRAMMING\stm\charge_dev_fimw\charge_dev_v3.1\system\include\lcd_lib" -I"E:\PROGRAMMING\stm\charge_dev_fimw\charge_dev_v3.1\system\include" -I"E:\PROGRAMMING\stm\charge_dev_fimw\charge_dev_v3.1\system\include\cmsis" -I"E:\PROGRAMMING\stm\charge_dev_fimw\charge_dev_v3.1\system\include\stm32f1-stdperiph" -std=gnu11 -MMD -MP -MF"src/common.d" -MT"src/common.o" -c -o "src/common.o" "../src/common.c"
../src/common.c: In function 'checkIfBattaryIsConnected':
../src/common.c:42:2: warning: implicit declaration of function 'nlcd_Clear' [-Wimplicit-function-declaration]
'Finished building: ../src/common.c'
' '
'Building file: ../src/encoder.c'
'Invoking: Cross ARM C Compiler'
arm-none-eabi-gcc -mcpu=cortex-m3 -mthumb -O0 -fmessage-length=0 -fsigned-char -ffunction-sections -fdata-sections -ffreestanding -fno-move-loop-invariants -Wall -Wextra  -g3 -DSTM32F10X_MD_VL -DUSE_STDPERIPH_DRIVER -DHSE_VALUE=0 -I"E:\PROGRAMMING\stm\charge_dev_fimw\charge_dev_v3.1\include" -I"E:\PROGRAMMING\stm\charge_dev_fimw\charge_dev_v3.1\system\include\lcd_lib" -I"E:\PROGRAMMING\stm\charge_dev_fimw\charge_dev_v3.1\system\include" -I"E:\PROGRAMMING\stm\charge_dev_fimw\charge_dev_v3.1\system\include\cmsis" -I"E:\PROGRAMMING\stm\charge_dev_fimw\charge_dev_v3.1\system\include\stm32f1-stdperiph" -std=gnu11 -MMD -MP -MF"src/encoder.d" -MT"src/encoder.o" -c -o "src/encoder.o" "../src/encoder.c"
'Finished building: ../src/encoder.c'
' '
'Building file: ../src/images_printing.c'
'Invoking: Cross ARM C Compiler'
arm-none-eabi-gcc -mcpu=cortex-m3 -mthumb -O0 -fmessage-length=0 -fsigned-char -ffunction-sections -fdata-sections -ffreestanding -fno-move-loop-invariants -Wall -Wextra  -g3 -DSTM32F10X_MD_VL -DUSE_STDPERIPH_DRIVER -DHSE_VALUE=0 -I"E:\PROGRAMMING\stm\charge_dev_fimw\charge_dev_v3.1\include" -I"E:\PROGRAMMING\stm\charge_dev_fimw\charge_dev_v3.1\system\include\lcd_lib" -I"E:\PROGRAMMING\stm\charge_dev_fimw\charge_dev_v3.1\system\include" -I"E:\PROGRAMMING\stm\charge_dev_fimw\charge_dev_v3.1\system\include\cmsis" -I"E:\PROGRAMMING\stm\charge_dev_fimw\charge_dev_v3.1\system\include\stm32f1-stdperiph" -std=gnu11 -MMD -MP -MF"src/images_printing.d" -MT"src/images_printing.o" -c -o "src/images_printing.o" "../src/images_printing.c"
In file included from ../src/images_printing.c:7:0:
E:\PROGRAMMING\stm\charge_dev_fimw\charge_dev_v3.1\include/pictures.h:1726:2: warning: excess elements in array initializer [enabled by default]
E:\PROGRAMMING\stm\charge_dev_fimw\charge_dev_v3.1\include/pictures.h:1726:2: warning: (near initialization for 'menuISymbol') [enabled by default]
E:\PROGRAMMING\stm\charge_dev_fimw\charge_dev_v3.1\include/pictures.h:1726:2: warning: excess elements in array initializer [enabled by default]
E:\PROGRAMMING\stm\charge_dev_fimw\charge_dev_v3.1\include/pictures.h:1726:2: warning: (near initialization for 'menuISymbol') [enabled by default]
E:\PROGRAMMING\stm\charge_dev_fimw\charge_dev_v3.1\include/pictures.h:1726:2: warning: excess elements in array initializer [enabled by default]
E:\PROGRAMMING\stm\charge_dev_fimw\charge_dev_v3.1\include/pictures.h:1726:2: warning: (near initialization for 'menuISymbol') [enabled by default]
E:\PROGRAMMING\stm\charge_dev_fimw\charge_dev_v3.1\include/pictures.h:1726:2: warning: excess elements in array initializer [enabled by default]
E:\PROGRAMMING\stm\charge_dev_fimw\charge_dev_v3.1\include/pictures.h:1726:2: warning: (near initialization for 'menuISymbol') [enabled by default]
E:\PROGRAMMING\stm\charge_dev_fimw\charge_dev_v3.1\include/pictures.h:1754:2: warning: excess elements in array initializer [enabled by default]
E:\PROGRAMMING\stm\charge_dev_fimw\charge_dev_v3.1\include/pictures.h:1754:2: warning: (near initialization for 'menuAmperageSymbol') [enabled by default]
E:\PROGRAMMING\stm\charge_dev_fimw\charge_dev_v3.1\include/pictures.h:1754:2: warning: excess elements in array initializer [enabled by default]
E:\PROGRAMMING\stm\charge_dev_fimw\charge_dev_v3.1\include/pictures.h:1754:2: warning: (near initialization for 'menuAmperageSymbol') [enabled by default]
E:\PROGRAMMING\stm\charge_dev_fimw\charge_dev_v3.1\include/pictures.h:1754:2: warning: excess elements in array initializer [enabled by default]
E:\PROGRAMMING\stm\charge_dev_fimw\charge_dev_v3.1\include/pictures.h:1754:2: warning: (near initialization for 'menuAmperageSymbol') [enabled by default]
E:\PROGRAMMING\stm\charge_dev_fimw\charge_dev_v3.1\include/pictures.h:1754:2: warning: excess elements in array initializer [enabled by default]
E:\PROGRAMMING\stm\charge_dev_fimw\charge_dev_v3.1\include/pictures.h:1754:2: warning: (near initialization for 'menuAmperageSymbol') [enabled by default]
E:\PROGRAMMING\stm\charge_dev_fimw\charge_dev_v3.1\include/pictures.h:1820:5: warning: excess elements in array initializer [enabled by default]
E:\PROGRAMMING\stm\charge_dev_fimw\charge_dev_v3.1\include/pictures.h:1820:5: warning: (near initialization for 'power_images') [enabled by default]
E:\PROGRAMMING\stm\charge_dev_fimw\charge_dev_v3.1\include/pictures.h:1838:7: warning: excess elements in array initializer [enabled by default]
E:\PROGRAMMING\stm\charge_dev_fimw\charge_dev_v3.1\include/pictures.h:1838:7: warning: (near initialization for 'additionalMenuDigitals[0]') [enabled by default]
../src/images_printing.c: In function 'bootMessage':
../src/images_printing.c:17:3: warning: passing argument 3 of 'nlcd_Pict' discards 'const' qualifier from pointer target type [enabled by default]
In file included from ../src/images_printing.c:11:0:
E:\PROGRAMMING\stm\charge_dev_fimw\charge_dev_v3.1\system\include\lcd_lib/nokia1100_lcd_lib.h:105:6: note: expected 'unsigned char *' but argument is of type 'const unsigned char *'
../src/images_printing.c: In function 'printMainImageDigits':
../src/images_printing.c:28:2: warning: implicit declaration of function 'printDigits' [-Wimplicit-function-declaration]
../src/images_printing.c: At top level:
../src/images_printing.c:31:6: warning: conflicting types for 'printDigits' [enabled by default]
../src/images_printing.c:28:2: note: previous implicit declaration of 'printDigits' was here
../src/images_printing.c: In function 'printDigits':
../src/images_printing.c:44:3: warning: array subscript has type 'char' [-Wchar-subscripts]
../src/images_printing.c:44:3: warning: passing argument 3 of 'nlcd_Pict' discards 'const' qualifier from pointer target type [enabled by default]
In file included from ../src/images_printing.c:11:0:
E:\PROGRAMMING\stm\charge_dev_fimw\charge_dev_v3.1\system\include\lcd_lib/nokia1100_lcd_lib.h:105:6: note: expected 'unsigned char *' but argument is of type 'const unsigned char *'
../src/images_printing.c:47:3: warning: array subscript has type 'char' [-Wchar-subscripts]
../src/images_printing.c:47:3: warning: passing argument 3 of 'nlcd_Pict' discards 'const' qualifier from pointer target type [enabled by default]
In file included from ../src/images_printing.c:11:0:
E:\PROGRAMMING\stm\charge_dev_fimw\charge_dev_v3.1\system\include\lcd_lib/nokia1100_lcd_lib.h:105:6: note: expected 'unsigned char *' but argument is of type 'const unsigned char *'
../src/images_printing.c:50:3: warning: passing argument 3 of 'nlcd_Pict' discards 'const' qualifier from pointer target type [enabled by default]
In file included from ../src/images_printing.c:11:0:
E:\PROGRAMMING\stm\charge_dev_fimw\charge_dev_v3.1\system\include\lcd_lib/nokia1100_lcd_lib.h:105:6: note: expected 'unsigned char *' but argument is of type 'const unsigned char *'
../src/images_printing.c:53:3: warning: array subscript has type 'char' [-Wchar-subscripts]
../src/images_printing.c:53:3: warning: passing argument 3 of 'nlcd_Pict' discards 'const' qualifier from pointer target type [enabled by default]
In file included from ../src/images_printing.c:11:0:
E:\PROGRAMMING\stm\charge_dev_fimw\charge_dev_v3.1\system\include\lcd_lib/nokia1100_lcd_lib.h:105:6: note: expected 'unsigned char *' but argument is of type 'const unsigned char *'
../src/images_printing.c:62:3: warning: array subscript has type 'char' [-Wchar-subscripts]
../src/images_printing.c:62:3: warning: passing argument 3 of 'nlcd_Pict' discards 'const' qualifier from pointer target type [enabled by default]
In file included from ../src/images_printing.c:11:0:
E:\PROGRAMMING\stm\charge_dev_fimw\charge_dev_v3.1\system\include\lcd_lib/nokia1100_lcd_lib.h:105:6: note: expected 'unsigned char *' but argument is of type 'const unsigned char *'
../src/images_printing.c:65:3: warning: passing argument 3 of 'nlcd_Pict' discards 'const' qualifier from pointer target type [enabled by default]
In file included from ../src/images_printing.c:11:0:
E:\PROGRAMMING\stm\charge_dev_fimw\charge_dev_v3.1\system\include\lcd_lib/nokia1100_lcd_lib.h:105:6: note: expected 'unsigned char *' but argument is of type 'const unsigned char *'
../src/images_printing.c:68:3: warning: array subscript has type 'char' [-Wchar-subscripts]
../src/images_printing.c:68:3: warning: passing argument 3 of 'nlcd_Pict' discards 'const' qualifier from pointer target type [enabled by default]
In file included from ../src/images_printing.c:11:0:
E:\PROGRAMMING\stm\charge_dev_fimw\charge_dev_v3.1\system\include\lcd_lib/nokia1100_lcd_lib.h:105:6: note: expected 'unsigned char *' but argument is of type 'const unsigned char *'
../src/images_printing.c:71:3: warning: array subscript has type 'char' [-Wchar-subscripts]
../src/images_printing.c:71:3: warning: passing argument 3 of 'nlcd_Pict' discards 'const' qualifier from pointer target type [enabled by default]
In file included from ../src/images_printing.c:11:0:
E:\PROGRAMMING\stm\charge_dev_fimw\charge_dev_v3.1\system\include\lcd_lib/nokia1100_lcd_lib.h:105:6: note: expected 'unsigned char *' but argument is of type 'const unsigned char *'
../src/images_printing.c: In function 'printAdditionalMenuDigits':
../src/images_printing.c:88:3: warning: array subscript has type 'char' [-Wchar-subscripts]
../src/images_printing.c:88:3: warning: passing argument 3 of 'nlcd_Pict' discards 'const' qualifier from pointer target type [enabled by default]
In file included from ../src/images_printing.c:11:0:
E:\PROGRAMMING\stm\charge_dev_fimw\charge_dev_v3.1\system\include\lcd_lib/nokia1100_lcd_lib.h:105:6: note: expected 'unsigned char *' but argument is of type 'const unsigned char *'
../src/images_printing.c:91:3: warning: array subscript has type 'char' [-Wchar-subscripts]
../src/images_printing.c:91:3: warning: passing argument 3 of 'nlcd_Pict' discards 'const' qualifier from pointer target type [enabled by default]
In file included from ../src/images_printing.c:11:0:
E:\PROGRAMMING\stm\charge_dev_fimw\charge_dev_v3.1\system\include\lcd_lib/nokia1100_lcd_lib.h:105:6: note: expected 'unsigned char *' but argument is of type 'const unsigned char *'
../src/images_printing.c:97:3: warning: array subscript has type 'char' [-Wchar-subscripts]
../src/images_printing.c:97:3: warning: passing argument 3 of 'nlcd_Pict' discards 'const' qualifier from pointer target type [enabled by default]
In file included from ../src/images_printing.c:11:0:
E:\PROGRAMMING\stm\charge_dev_fimw\charge_dev_v3.1\system\include\lcd_lib/nokia1100_lcd_lib.h:105:6: note: expected 'unsigned char *' but argument is of type 'const unsigned char *'
../src/images_printing.c:106:3: warning: array subscript has type 'char' [-Wchar-subscripts]
../src/images_printing.c:106:3: warning: passing argument 3 of 'nlcd_Pict' discards 'const' qualifier from pointer target type [enabled by default]
In file included from ../src/images_printing.c:11:0:
E:\PROGRAMMING\stm\charge_dev_fimw\charge_dev_v3.1\system\include\lcd_lib/nokia1100_lcd_lib.h:105:6: note: expected 'unsigned char *' but argument is of type 'const unsigned char *'
../src/images_printing.c:112:3: warning: array subscript has type 'char' [-Wchar-subscripts]
../src/images_printing.c:112:3: warning: passing argument 3 of 'nlcd_Pict' discards 'const' qualifier from pointer target type [enabled by default]
In file included from ../src/images_printing.c:11:0:
E:\PROGRAMMING\stm\charge_dev_fimw\charge_dev_v3.1\system\include\lcd_lib/nokia1100_lcd_lib.h:105:6: note: expected 'unsigned char *' but argument is of type 'const unsigned char *'
../src/images_printing.c:115:3: warning: array subscript has type 'char' [-Wchar-subscripts]
../src/images_printing.c:115:3: warning: passing argument 3 of 'nlcd_Pict' discards 'const' qualifier from pointer target type [enabled by default]
In file included from ../src/images_printing.c:11:0:
E:\PROGRAMMING\stm\charge_dev_fimw\charge_dev_v3.1\system\include\lcd_lib/nokia1100_lcd_lib.h:105:6: note: expected 'unsigned char *' but argument is of type 'const unsigned char *'
../src/images_printing.c: In function 'printAdditionalMenuAnimation':
../src/images_printing.c:123:5: warning: passing argument 3 of 'nlcd_Pict' discards 'const' qualifier from pointer target type [enabled by default]
In file included from ../src/images_printing.c:11:0:
E:\PROGRAMMING\stm\charge_dev_fimw\charge_dev_v3.1\system\include\lcd_lib/nokia1100_lcd_lib.h:105:6: note: expected 'unsigned char *' but argument is of type 'const unsigned char *'
../src/images_printing.c:125:5: warning: passing argument 3 of 'nlcd_Pict' discards 'const' qualifier from pointer target type [enabled by default]
In file included from ../src/images_printing.c:11:0:
E:\PROGRAMMING\stm\charge_dev_fimw\charge_dev_v3.1\system\include\lcd_lib/nokia1100_lcd_lib.h:105:6: note: expected 'unsigned char *' but argument is of type 'const unsigned char *'
../src/images_printing.c:129:5: warning: passing argument 3 of 'nlcd_Pict' discards 'const' qualifier from pointer target type [enabled by default]
In file included from ../src/images_printing.c:11:0:
E:\PROGRAMMING\stm\charge_dev_fimw\charge_dev_v3.1\system\include\lcd_lib/nokia1100_lcd_lib.h:105:6: note: expected 'unsigned char *' but argument is of type 'const unsigned char *'
../src/images_printing.c:131:5: warning: passing argument 3 of 'nlcd_Pict' discards 'const' qualifier from pointer target type [enabled by default]
In file included from ../src/images_printing.c:11:0:
E:\PROGRAMMING\stm\charge_dev_fimw\charge_dev_v3.1\system\include\lcd_lib/nokia1100_lcd_lib.h:105:6: note: expected 'unsigned char *' but argument is of type 'const unsigned char *'
../src/images_printing.c: In function 'printMainImageTemplate':
../src/images_printing.c:138:2: warning: passing argument 3 of 'nlcd_Pict' discards 'const' qualifier from pointer target type [enabled by default]
In file included from ../src/images_printing.c:11:0:
E:\PROGRAMMING\stm\charge_dev_fimw\charge_dev_v3.1\system\include\lcd_lib/nokia1100_lcd_lib.h:105:6: note: expected 'unsigned char *' but argument is of type 'const unsigned char *'
../src/images_printing.c:139:2: warning: passing argument 3 of 'nlcd_Pict' discards 'const' qualifier from pointer target type [enabled by default]
In file included from ../src/images_printing.c:11:0:
E:\PROGRAMMING\stm\charge_dev_fimw\charge_dev_v3.1\system\include\lcd_lib/nokia1100_lcd_lib.h:105:6: note: expected 'unsigned char *' but argument is of type 'const unsigned char *'
../src/images_printing.c: In function 'printBatteryWaitImage':
../src/images_printing.c:143:2: warning: passing argument 3 of 'nlcd_Pict' discards 'const' qualifier from pointer target type [enabled by default]
In file included from ../src/images_printing.c:11:0:
E:\PROGRAMMING\stm\charge_dev_fimw\charge_dev_v3.1\system\include\lcd_lib/nokia1100_lcd_lib.h:105:6: note: expected 'unsigned char *' but argument is of type 'const unsigned char *'
../src/images_printing.c: In function 'printBattaryImage':
../src/images_printing.c:146:2: warning: array subscript has type 'char' [-Wchar-subscripts]
../src/images_printing.c:146:2: warning: passing argument 3 of 'nlcd_Pict' discards 'const' qualifier from pointer target type [enabled by default]
In file included from ../src/images_printing.c:11:0:
E:\PROGRAMMING\stm\charge_dev_fimw\charge_dev_v3.1\system\include\lcd_lib/nokia1100_lcd_lib.h:105:6: note: expected 'unsigned char *' but argument is of type 'const unsigned char *'
../src/images_printing.c: In function 'printChangeAmperageImage':
../src/images_printing.c:152:3: warning: passing argument 3 of 'nlcd_Pict' discards 'const' qualifier from pointer target type [enabled by default]
In file included from ../src/images_printing.c:11:0:
E:\PROGRAMMING\stm\charge_dev_fimw\charge_dev_v3.1\system\include\lcd_lib/nokia1100_lcd_lib.h:105:6: note: expected 'unsigned char *' but argument is of type 'const unsigned char *'
../src/images_printing.c:155:3: warning: passing argument 3 of 'nlcd_Pict' discards 'const' qualifier from pointer target type [enabled by default]
In file included from ../src/images_printing.c:11:0:
E:\PROGRAMMING\stm\charge_dev_fimw\charge_dev_v3.1\system\include\lcd_lib/nokia1100_lcd_lib.h:105:6: note: expected 'unsigned char *' but argument is of type 'const unsigned char *'
../src/images_printing.c: In function 'printInitChangeAmperageMenu':
../src/images_printing.c:161:2: warning: passing argument 3 of 'nlcd_Pict' discards 'const' qualifier from pointer target type [enabled by default]
In file included from ../src/images_printing.c:11:0:
E:\PROGRAMMING\stm\charge_dev_fimw\charge_dev_v3.1\system\include\lcd_lib/nokia1100_lcd_lib.h:105:6: note: expected 'unsigned char *' but argument is of type 'const unsigned char *'
../src/images_printing.c:162:2: warning: passing argument 3 of 'nlcd_Pict' discards 'const' qualifier from pointer target type [enabled by default]
In file included from ../src/images_printing.c:11:0:
E:\PROGRAMMING\stm\charge_dev_fimw\charge_dev_v3.1\system\include\lcd_lib/nokia1100_lcd_lib.h:105:6: note: expected 'unsigned char *' but argument is of type 'const unsigned char *'
../src/images_printing.c: In function 'printTestImage':
../src/images_printing.c:174:2: warning: passing argument 3 of 'nlcd_Pict' discards 'const' qualifier from pointer target type [enabled by default]
In file included from ../src/images_printing.c:11:0:
E:\PROGRAMMING\stm\charge_dev_fimw\charge_dev_v3.1\system\include\lcd_lib/nokia1100_lcd_lib.h:105:6: note: expected 'unsigned char *' but argument is of type 'const unsigned char *'
In file included from ../src/images_printing.c:11:0:
../src/images_printing.c: At top level:
E:\PROGRAMMING\stm\charge_dev_fimw\charge_dev_v3.1\system\include\lcd_lib/nokia1100_lcd_lib.h:78:22: warning: 'nlcd_memory' defined but not used [-Wunused-variable]
E:\PROGRAMMING\stm\charge_dev_fimw\charge_dev_v3.1\system\include\lcd_lib/nokia1100_lcd_lib.h:82:22: warning: 'nlcd_xcurr' defined but not used [-Wunused-variable]
E:\PROGRAMMING\stm\charge_dev_fimw\charge_dev_v3.1\system\include\lcd_lib/nokia1100_lcd_lib.h:82:34: warning: 'nlcd_ycurr' defined but not used [-Wunused-variable]
'Finished building: ../src/images_printing.c'
' '
'Building file: ../src/led.c'
'Invoking: Cross ARM C Compiler'
arm-none-eabi-gcc -mcpu=cortex-m3 -mthumb -O0 -fmessage-length=0 -fsigned-char -ffunction-sections -fdata-sections -ffreestanding -fno-move-loop-invariants -Wall -Wextra  -g3 -DSTM32F10X_MD_VL -DUSE_STDPERIPH_DRIVER -DHSE_VALUE=0 -I"E:\PROGRAMMING\stm\charge_dev_fimw\charge_dev_v3.1\include" -I"E:\PROGRAMMING\stm\charge_dev_fimw\charge_dev_v3.1\system\include\lcd_lib" -I"E:\PROGRAMMING\stm\charge_dev_fimw\charge_dev_v3.1\system\include" -I"E:\PROGRAMMING\stm\charge_dev_fimw\charge_dev_v3.1\system\include\cmsis" -I"E:\PROGRAMMING\stm\charge_dev_fimw\charge_dev_v3.1\system\include\stm32f1-stdperiph" -std=gnu11 -MMD -MP -MF"src/led.d" -MT"src/led.o" -c -o "src/led.o" "../src/led.c"
../src/led.c: In function 'initPort':
../src/led.c:15:2: warning: passing argument 1 of 'GPIO_Init' from incompatible pointer type [enabled by default]
In file included from E:\PROGRAMMING\stm\charge_dev_fimw\charge_dev_v3.1\include/stm32f10x_conf.h:39:0,
                 from E:\PROGRAMMING\stm\charge_dev_fimw\charge_dev_v3.1\system\include\cmsis/stm32f10x.h:8304,
                 from ../src/led.c:7:
E:\PROGRAMMING\stm\charge_dev_fimw\charge_dev_v3.1\system\include\stm32f1-stdperiph/stm32f10x_gpio.h:351:6: note: expected 'struct GPIO_TypeDef *' but argument is of type 'struct GPIO_TypeDef *'
../src/led.c: In function 'initLeds':
../src/led.c:23:16: warning: assignment from incompatible pointer type [enabled by default]
../src/led.c:27:17: warning: assignment from incompatible pointer type [enabled by default]
../src/led.c:31:15: warning: assignment from incompatible pointer type [enabled by default]
../src/led.c:35:16: warning: assignment from incompatible pointer type [enabled by default]
../src/led.c:39:17: warning: assignment from incompatible pointer type [enabled by default]
../src/led.c:43:15: warning: assignment from incompatible pointer type [enabled by default]
../src/led.c: In function 'ledSwitchOn':
../src/led.c:55:2: warning: passing argument 1 of 'GPIO_SetBits' from incompatible pointer type [enabled by default]
In file included from E:\PROGRAMMING\stm\charge_dev_fimw\charge_dev_v3.1\include/stm32f10x_conf.h:39:0,
                 from E:\PROGRAMMING\stm\charge_dev_fimw\charge_dev_v3.1\system\include\cmsis/stm32f10x.h:8304,
                 from ../src/led.c:7:
E:\PROGRAMMING\stm\charge_dev_fimw\charge_dev_v3.1\system\include\stm32f1-stdperiph/stm32f10x_gpio.h:357:6: note: expected 'struct GPIO_TypeDef *' but argument is of type 'struct GPIO_TypeDef *'
../src/led.c: In function 'ledSwitchOff':
../src/led.c:59:2: warning: passing argument 1 of 'GPIO_ResetBits' from incompatible pointer type [enabled by default]
In file included from E:\PROGRAMMING\stm\charge_dev_fimw\charge_dev_v3.1\include/stm32f10x_conf.h:39:0,
                 from E:\PROGRAMMING\stm\charge_dev_fimw\charge_dev_v3.1\system\include\cmsis/stm32f10x.h:8304,
                 from ../src/led.c:7:
E:\PROGRAMMING\stm\charge_dev_fimw\charge_dev_v3.1\system\include\stm32f1-stdperiph/stm32f10x_gpio.h:358:6: note: expected 'struct GPIO_TypeDef *' but argument is of type 'struct GPIO_TypeDef *'
'Finished building: ../src/led.c'
' '
'Building file: ../src/main.c'
'Invoking: Cross ARM C Compiler'
arm-none-eabi-gcc -mcpu=cortex-m3 -mthumb -O0 -fmessage-length=0 -fsigned-char -ffunction-sections -fdata-sections -ffreestanding -fno-move-loop-invariants -Wall -Wextra  -g3 -DSTM32F10X_MD_VL -DUSE_STDPERIPH_DRIVER -DHSE_VALUE=0 -I"E:\PROGRAMMING\stm\charge_dev_fimw\charge_dev_v3.1\include" -I"E:\PROGRAMMING\stm\charge_dev_fimw\charge_dev_v3.1\system\include\lcd_lib" -I"E:\PROGRAMMING\stm\charge_dev_fimw\charge_dev_v3.1\system\include" -I"E:\PROGRAMMING\stm\charge_dev_fimw\charge_dev_v3.1\system\include\cmsis" -I"E:\PROGRAMMING\stm\charge_dev_fimw\charge_dev_v3.1\system\include\stm32f1-stdperiph" -std=gnu11 -MMD -MP -MF"src/main.d" -MT"src/main.o" -c -o "src/main.o" "../src/main.c"
../src/main.c: In function 'changeAmperageMenu':
../src/main.c:19:2: warning: implicit declaration of function 'printChangeAmperageMenuDigits' [-Wimplicit-function-declaration]
../src/main.c:22:2: warning: implicit declaration of function 'isMenuEncoderPressed' [-Wimplicit-function-declaration]
../src/main.c: In function 'additinalMenu':
../src/main.c:63:3: warning: implicit declaration of function 'printAdditionalMenuAnimation' [-Wimplicit-function-declaration]
../src/main.c: In function 'main':
../src/main.c:138:2: warning: implicit declaration of function 'clearMeasuringBuffers' [-Wimplicit-function-declaration]
In file included from ../src/main.c:1:0:
../src/main.c: At top level:
E:\PROGRAMMING\stm\charge_dev_fimw\charge_dev_v3.1\system\include\lcd_lib/nokia1100_lcd_lib.h:78:22: warning: 'nlcd_memory' defined but not used [-Wunused-variable]
E:\PROGRAMMING\stm\charge_dev_fimw\charge_dev_v3.1\system\include\lcd_lib/nokia1100_lcd_lib.h:82:22: warning: 'nlcd_xcurr' defined but not used [-Wunused-variable]
E:\PROGRAMMING\stm\charge_dev_fimw\charge_dev_v3.1\system\include\lcd_lib/nokia1100_lcd_lib.h:82:34: warning: 'nlcd_ycurr' defined but not used [-Wunused-variable]
'Finished building: ../src/main.c'
' '
'Building file: ../src/timers.c'
'Invoking: Cross ARM C Compiler'
arm-none-eabi-gcc -mcpu=cortex-m3 -mthumb -O0 -fmessage-length=0 -fsigned-char -ffunction-sections -fdata-sections -ffreestanding -fno-move-loop-invariants -Wall -Wextra  -g3 -DSTM32F10X_MD_VL -DUSE_STDPERIPH_DRIVER -DHSE_VALUE=0 -I"E:\PROGRAMMING\stm\charge_dev_fimw\charge_dev_v3.1\include" -I"E:\PROGRAMMING\stm\charge_dev_fimw\charge_dev_v3.1\system\include\lcd_lib" -I"E:\PROGRAMMING\stm\charge_dev_fimw\charge_dev_v3.1\system\include" -I"E:\PROGRAMMING\stm\charge_dev_fimw\charge_dev_v3.1\system\include\cmsis" -I"E:\PROGRAMMING\stm\charge_dev_fimw\charge_dev_v3.1\system\include\stm32f1-stdperiph" -std=gnu11 -MMD -MP -MF"src/timers.d" -MT"src/timers.o" -c -o "src/timers.o" "../src/timers.c"
'Finished building: ../src/timers.c'
' '
'Building target: charge_dev_v3.1.elf'
'Invoking: Cross ARM C++ Linker'
arm-none-eabi-g++ -mcpu=cortex-m3 -mthumb -O0 -fmessage-length=0 -fsigned-char -ffunction-sections -fdata-sections -ffreestanding -fno-move-loop-invariants -Wall -Wextra  -g3 -Xlinker --gc-sections -Wl,-Map,"charge_dev_v3.1.map" -o "charge_dev_v3.1.elf"  ./system/src/stm32f1-stdperiph/misc.o ./system/src/stm32f1-stdperiph/stm32f10x_adc.o ./system/src/stm32f1-stdperiph/stm32f10x_bkp.o ./system/src/stm32f1-stdperiph/stm32f10x_can.o ./system/src/stm32f1-stdperiph/stm32f10x_cec.o ./system/src/stm32f1-stdperiph/stm32f10x_crc.o ./system/src/stm32f1-stdperiph/stm32f10x_dac.o ./system/src/stm32f1-stdperiph/stm32f10x_dbgmcu.o ./system/src/stm32f1-stdperiph/stm32f10x_dma.o ./system/src/stm32f1-stdperiph/stm32f10x_exti.o ./system/src/stm32f1-stdperiph/stm32f10x_flash.o ./system/src/stm32f1-stdperiph/stm32f10x_fsmc.o ./system/src/stm32f1-stdperiph/stm32f10x_gpio.o ./system/src/stm32f1-stdperiph/stm32f10x_i2c.o ./system/src/stm32f1-stdperiph/stm32f10x_iwdg.o ./system/src/stm32f1-stdperiph/stm32f10x_pwr.o ./system/src/stm32f1-stdperiph/stm32f10x_rcc.o ./system/src/stm32f1-stdperiph/stm32f10x_rtc.o ./system/src/stm32f1-stdperiph/stm32f10x_sdio.o ./system/src/stm32f1-stdperiph/stm32f10x_spi.o ./system/src/stm32f1-stdperiph/stm32f10x_tim.o ./system/src/stm32f1-stdperiph/stm32f10x_usart.o ./system/src/stm32f1-stdperiph/stm32f10x_wwdg.o  ./system/src/newlib/_cxx.o ./system/src/newlib/_exit.o ./system/src/newlib/_sbrk.o ./system/src/newlib/_startup.o ./system/src/newlib/_syscalls.o ./system/src/newlib/assert.o  ./system/src/lcd_lib/nokia1100_lcd_lib.o  ./system/src/diag/Trace.o ./system/src/diag/trace_impl.o  ./system/src/cortexm/_initialize_hardware.o ./system/src/cortexm/_reset_hardware.o ./system/src/cortexm/exception_handlers.o  ./system/src/cmsis/system_stm32f10x.o ./system/src/cmsis/vectors_stm32f10x.o  ./src/_write.o ./src/adc.o ./src/common.o ./src/encoder.o ./src/images_printing.o ./src/led.o ./src/main.o ./src/timers.o   
./system/src/newlib/_startup.o: In function `_start':
E:\PROGRAMMING\stm\charge_dev_fimw\charge_dev_v3.1\Debug/../system/src/newlib/_startup.c:319: undefined reference to `_sidata'
E:\PROGRAMMING\stm\charge_dev_fimw\charge_dev_v3.1\Debug/../system/src/newlib/_startup.c:319: undefined reference to `_sdata'
collect2.exe: error: ld returned 1 exit status
make: *** [charge_dev_v3.1.elf] Error 1
